<!doctype html public "-//w3c//dtd html 4.0 transitional//en">
<html><head>
<title>Static Call Graph - [.\BUILD\Arch_Max_SD_HTTP_Server.axf]</title></head>
<body><HR>
<H1>Static Call Graph for image .\BUILD\Arch_Max_SD_HTTP_Server.axf</H1><HR>
<BR><P>#&#060CALLGRAPH&#062# ARM Linker, 5050106: Last Updated: Wed Mar 07 18:12:20 2018
<BR><P>
<H3>Maximum Stack Usage =        888 bytes + Unknown(Cycles, Untraceable Function Pointers)</H3><H3>
Call chain for Maximum Stack Depth:</H3>
pre_main &rArr; main &rArr; $Super$$main &rArr; rtos::Thread::Thread(void(*)(const void*), void*, osPriority, unsigned, unsigned char*) &rArr; rtos::Thread::constructor(mbed::Callback&lang;void()&rang;, osPriority, unsigned, unsigned char*) &rArr; rtos::Thread::start(mbed::Callback&lang;void()&rang;) &rArr; rtos::Semaphore::release() &rArr; osSemaphoreRelease &rArr; isrSemaphoreRelease &rArr; isr_sem_send &rArr; rt_psq_enq &rArr; os_error &rArr; error &rArr; mbed_error_vfprintf &rArr; core_util_critical_section_exit &rArr; mbed_assert_internal &rArr;  mbed_die (Cycle)
<P>
<H3>
Mutually Recursive functions
</H3> <LI><a href="#[185]">mbed_assert_internal</a>&nbsp;&nbsp;&nbsp;&rArr;&nbsp;&nbsp;&nbsp;<a href="#[1b6]">mbed_die</a><BR>
 <LI><a href="#[176]">core_util_critical_section_enter</a>&nbsp;&nbsp;&nbsp;&rArr;&nbsp;&nbsp;&nbsp;<a href="#[185]">mbed_assert_internal</a><BR>
 <LI><a href="#[1da]">pinmap_merge</a>&nbsp;&nbsp;&nbsp;&rArr;&nbsp;&nbsp;&nbsp;<a href="#[167]">error</a><BR>
 <LI><a href="#[166]">Set_GPIO_Clock</a>&nbsp;&nbsp;&nbsp;&rArr;&nbsp;&nbsp;&nbsp;<a href="#[167]">error</a><BR>
 <LI><a href="#[1bc]">pin_mode</a>&nbsp;&nbsp;&nbsp;&rArr;&nbsp;&nbsp;&nbsp;<a href="#[185]">mbed_assert_internal</a><BR>
 <LI><a href="#[1b9]">pin_function</a>&nbsp;&nbsp;&nbsp;&rArr;&nbsp;&nbsp;&nbsp;<a href="#[185]">mbed_assert_internal</a><BR>
 <LI><a href="#[1dc]">pinmap_pinout</a>&nbsp;&nbsp;&nbsp;&rArr;&nbsp;&nbsp;&nbsp;<a href="#[167]">error</a><BR>
 <LI><a href="#[1db]">pinmap_peripheral</a>&nbsp;&nbsp;&nbsp;&rArr;&nbsp;&nbsp;&nbsp;<a href="#[167]">error</a><BR>
 <LI><a href="#[173]">serial_init</a>&nbsp;&nbsp;&nbsp;&rArr;&nbsp;&nbsp;&nbsp;<a href="#[185]">mbed_assert_internal</a><BR>
 <LI><a href="#[1cd]">mbed_error_printf</a>&nbsp;&nbsp;&nbsp;&rArr;&nbsp;&nbsp;&nbsp;<a href="#[17a]">core_util_critical_section_exit</a><BR>
 <LI><a href="#[f]">NMI_Handler</a>&nbsp;&nbsp;&nbsp;&rArr;&nbsp;&nbsp;&nbsp;<a href="#[f]">NMI_Handler</a><BR>
 <LI><a href="#[10]">HardFault_Handler</a>&nbsp;&nbsp;&nbsp;&rArr;&nbsp;&nbsp;&nbsp;<a href="#[10]">HardFault_Handler</a><BR>
 <LI><a href="#[11]">MemManage_Handler</a>&nbsp;&nbsp;&nbsp;&rArr;&nbsp;&nbsp;&nbsp;<a href="#[11]">MemManage_Handler</a><BR>
 <LI><a href="#[12]">BusFault_Handler</a>&nbsp;&nbsp;&nbsp;&rArr;&nbsp;&nbsp;&nbsp;<a href="#[12]">BusFault_Handler</a><BR>
 <LI><a href="#[13]">UsageFault_Handler</a>&nbsp;&nbsp;&nbsp;&rArr;&nbsp;&nbsp;&nbsp;<a href="#[13]">UsageFault_Handler</a><BR>
 <LI><a href="#[15]">DebugMon_Handler</a>&nbsp;&nbsp;&nbsp;&rArr;&nbsp;&nbsp;&nbsp;<a href="#[15]">DebugMon_Handler</a><BR>
 <LI><a href="#[2a]">ADC_IRQHandler</a>&nbsp;&nbsp;&nbsp;&rArr;&nbsp;&nbsp;&nbsp;<a href="#[2a]">ADC_IRQHandler</a><BR>
</UL>
<P>
<H3>
Function Pointers
</H3><UL>
 <LI><a href="#[72]">&lang;Func1&rang;</a> from mbed/TARGET_ARCH_MAX/TOOLCHAIN_ARM_STD/mbed.ar(SerialBase.o)(i.<Func1>) referenced from mbed/TARGET_ARCH_MAX/TOOLCHAIN_ARM_STD/mbed.ar(SerialBase.o)(i._ZN4mbed10SerialBaseC1E7PinNameS1_i)
 <LI><a href="#[2a]">ADC_IRQHandler</a> from mbed/TARGET_ARCH_MAX/TOOLCHAIN_ARM_STD/startup_STM32F407xx.o(.text) referenced from mbed/TARGET_ARCH_MAX/TOOLCHAIN_ARM_STD/startup_STM32F407xx.o(RESET)
 <LI><a href="#[12]">BusFault_Handler</a> from mbed/TARGET_ARCH_MAX/TOOLCHAIN_ARM_STD/startup_STM32F407xx.o(.text) referenced from mbed/TARGET_ARCH_MAX/TOOLCHAIN_ARM_STD/startup_STM32F407xx.o(RESET)
 <LI><a href="#[2c]">CAN1_RX0_IRQHandler</a> from mbed/TARGET_ARCH_MAX/TOOLCHAIN_ARM_STD/startup_STM32F407xx.o(.text) referenced from mbed/TARGET_ARCH_MAX/TOOLCHAIN_ARM_STD/startup_STM32F407xx.o(RESET)
 <LI><a href="#[2d]">CAN1_RX1_IRQHandler</a> from mbed/TARGET_ARCH_MAX/TOOLCHAIN_ARM_STD/startup_STM32F407xx.o(.text) referenced from mbed/TARGET_ARCH_MAX/TOOLCHAIN_ARM_STD/startup_STM32F407xx.o(RESET)
 <LI><a href="#[2e]">CAN1_SCE_IRQHandler</a> from mbed/TARGET_ARCH_MAX/TOOLCHAIN_ARM_STD/startup_STM32F407xx.o(.text) referenced from mbed/TARGET_ARCH_MAX/TOOLCHAIN_ARM_STD/startup_STM32F407xx.o(RESET)
 <LI><a href="#[2b]">CAN1_TX_IRQHandler</a> from mbed/TARGET_ARCH_MAX/TOOLCHAIN_ARM_STD/startup_STM32F407xx.o(.text) referenced from mbed/TARGET_ARCH_MAX/TOOLCHAIN_ARM_STD/startup_STM32F407xx.o(RESET)
 <LI><a href="#[58]">CAN2_RX0_IRQHandler</a> from mbed/TARGET_ARCH_MAX/TOOLCHAIN_ARM_STD/startup_STM32F407xx.o(.text) referenced from mbed/TARGET_ARCH_MAX/TOOLCHAIN_ARM_STD/startup_STM32F407xx.o(RESET)
 <LI><a href="#[59]">CAN2_RX1_IRQHandler</a> from mbed/TARGET_ARCH_MAX/TOOLCHAIN_ARM_STD/startup_STM32F407xx.o(.text) referenced from mbed/TARGET_ARCH_MAX/TOOLCHAIN_ARM_STD/startup_STM32F407xx.o(RESET)
 <LI><a href="#[5a]">CAN2_SCE_IRQHandler</a> from mbed/TARGET_ARCH_MAX/TOOLCHAIN_ARM_STD/startup_STM32F407xx.o(.text) referenced from mbed/TARGET_ARCH_MAX/TOOLCHAIN_ARM_STD/startup_STM32F407xx.o(RESET)
 <LI><a href="#[57]">CAN2_TX_IRQHandler</a> from mbed/TARGET_ARCH_MAX/TOOLCHAIN_ARM_STD/startup_STM32F407xx.o(.text) referenced from mbed/TARGET_ARCH_MAX/TOOLCHAIN_ARM_STD/startup_STM32F407xx.o(RESET)
 <LI><a href="#[66]">DCMI_IRQHandler</a> from mbed/TARGET_ARCH_MAX/TOOLCHAIN_ARM_STD/startup_STM32F407xx.o(.text) referenced from mbed/TARGET_ARCH_MAX/TOOLCHAIN_ARM_STD/startup_STM32F407xx.o(RESET)
 <LI><a href="#[23]">DMA1_Stream0_IRQHandler</a> from mbed/TARGET_ARCH_MAX/TOOLCHAIN_ARM_STD/startup_STM32F407xx.o(.text) referenced from mbed/TARGET_ARCH_MAX/TOOLCHAIN_ARM_STD/startup_STM32F407xx.o(RESET)
 <LI><a href="#[24]">DMA1_Stream1_IRQHandler</a> from mbed/TARGET_ARCH_MAX/TOOLCHAIN_ARM_STD/startup_STM32F407xx.o(.text) referenced from mbed/TARGET_ARCH_MAX/TOOLCHAIN_ARM_STD/startup_STM32F407xx.o(RESET)
 <LI><a href="#[25]">DMA1_Stream2_IRQHandler</a> from mbed/TARGET_ARCH_MAX/TOOLCHAIN_ARM_STD/startup_STM32F407xx.o(.text) referenced from mbed/TARGET_ARCH_MAX/TOOLCHAIN_ARM_STD/startup_STM32F407xx.o(RESET)
 <LI><a href="#[26]">DMA1_Stream3_IRQHandler</a> from mbed/TARGET_ARCH_MAX/TOOLCHAIN_ARM_STD/startup_STM32F407xx.o(.text) referenced from mbed/TARGET_ARCH_MAX/TOOLCHAIN_ARM_STD/startup_STM32F407xx.o(RESET)
 <LI><a href="#[27]">DMA1_Stream4_IRQHandler</a> from mbed/TARGET_ARCH_MAX/TOOLCHAIN_ARM_STD/startup_STM32F407xx.o(.text) referenced from mbed/TARGET_ARCH_MAX/TOOLCHAIN_ARM_STD/startup_STM32F407xx.o(RESET)
 <LI><a href="#[28]">DMA1_Stream5_IRQHandler</a> from mbed/TARGET_ARCH_MAX/TOOLCHAIN_ARM_STD/startup_STM32F407xx.o(.text) referenced from mbed/TARGET_ARCH_MAX/TOOLCHAIN_ARM_STD/startup_STM32F407xx.o(RESET)
 <LI><a href="#[29]">DMA1_Stream6_IRQHandler</a> from mbed/TARGET_ARCH_MAX/TOOLCHAIN_ARM_STD/startup_STM32F407xx.o(.text) referenced from mbed/TARGET_ARCH_MAX/TOOLCHAIN_ARM_STD/startup_STM32F407xx.o(RESET)
 <LI><a href="#[47]">DMA1_Stream7_IRQHandler</a> from mbed/TARGET_ARCH_MAX/TOOLCHAIN_ARM_STD/startup_STM32F407xx.o(.text) referenced from mbed/TARGET_ARCH_MAX/TOOLCHAIN_ARM_STD/startup_STM32F407xx.o(RESET)
 <LI><a href="#[50]">DMA2_Stream0_IRQHandler</a> from mbed/TARGET_ARCH_MAX/TOOLCHAIN_ARM_STD/startup_STM32F407xx.o(.text) referenced from mbed/TARGET_ARCH_MAX/TOOLCHAIN_ARM_STD/startup_STM32F407xx.o(RESET)
 <LI><a href="#[51]">DMA2_Stream1_IRQHandler</a> from mbed/TARGET_ARCH_MAX/TOOLCHAIN_ARM_STD/startup_STM32F407xx.o(.text) referenced from mbed/TARGET_ARCH_MAX/TOOLCHAIN_ARM_STD/startup_STM32F407xx.o(RESET)
 <LI><a href="#[52]">DMA2_Stream2_IRQHandler</a> from mbed/TARGET_ARCH_MAX/TOOLCHAIN_ARM_STD/startup_STM32F407xx.o(.text) referenced from mbed/TARGET_ARCH_MAX/TOOLCHAIN_ARM_STD/startup_STM32F407xx.o(RESET)
 <LI><a href="#[53]">DMA2_Stream3_IRQHandler</a> from mbed/TARGET_ARCH_MAX/TOOLCHAIN_ARM_STD/startup_STM32F407xx.o(.text) referenced from mbed/TARGET_ARCH_MAX/TOOLCHAIN_ARM_STD/startup_STM32F407xx.o(RESET)
 <LI><a href="#[54]">DMA2_Stream4_IRQHandler</a> from mbed/TARGET_ARCH_MAX/TOOLCHAIN_ARM_STD/startup_STM32F407xx.o(.text) referenced from mbed/TARGET_ARCH_MAX/TOOLCHAIN_ARM_STD/startup_STM32F407xx.o(RESET)
 <LI><a href="#[5c]">DMA2_Stream5_IRQHandler</a> from mbed/TARGET_ARCH_MAX/TOOLCHAIN_ARM_STD/startup_STM32F407xx.o(.text) referenced from mbed/TARGET_ARCH_MAX/TOOLCHAIN_ARM_STD/startup_STM32F407xx.o(RESET)
 <LI><a href="#[5d]">DMA2_Stream6_IRQHandler</a> from mbed/TARGET_ARCH_MAX/TOOLCHAIN_ARM_STD/startup_STM32F407xx.o(.text) referenced from mbed/TARGET_ARCH_MAX/TOOLCHAIN_ARM_STD/startup_STM32F407xx.o(RESET)
 <LI><a href="#[5e]">DMA2_Stream7_IRQHandler</a> from mbed/TARGET_ARCH_MAX/TOOLCHAIN_ARM_STD/startup_STM32F407xx.o(.text) referenced from mbed/TARGET_ARCH_MAX/TOOLCHAIN_ARM_STD/startup_STM32F407xx.o(RESET)
 <LI><a href="#[15]">DebugMon_Handler</a> from mbed/TARGET_ARCH_MAX/TOOLCHAIN_ARM_STD/startup_STM32F407xx.o(.text) referenced from mbed/TARGET_ARCH_MAX/TOOLCHAIN_ARM_STD/startup_STM32F407xx.o(RESET)
 <LI><a href="#[55]">ETH_IRQHandler</a> from mbed/TARGET_ARCH_MAX/TOOLCHAIN_ARM_STD/startup_STM32F407xx.o(.text) referenced from mbed/TARGET_ARCH_MAX/TOOLCHAIN_ARM_STD/startup_STM32F407xx.o(RESET)
 <LI><a href="#[56]">ETH_WKUP_IRQHandler</a> from mbed/TARGET_ARCH_MAX/TOOLCHAIN_ARM_STD/startup_STM32F407xx.o(.text) referenced from mbed/TARGET_ARCH_MAX/TOOLCHAIN_ARM_STD/startup_STM32F407xx.o(RESET)
 <LI><a href="#[1e]">EXTI0_IRQHandler</a> from mbed/TARGET_ARCH_MAX/TOOLCHAIN_ARM_STD/startup_STM32F407xx.o(.text) referenced from mbed/TARGET_ARCH_MAX/TOOLCHAIN_ARM_STD/startup_STM32F407xx.o(RESET)
 <LI><a href="#[40]">EXTI15_10_IRQHandler</a> from mbed/TARGET_ARCH_MAX/TOOLCHAIN_ARM_STD/startup_STM32F407xx.o(.text) referenced from mbed/TARGET_ARCH_MAX/TOOLCHAIN_ARM_STD/startup_STM32F407xx.o(RESET)
 <LI><a href="#[1f]">EXTI1_IRQHandler</a> from mbed/TARGET_ARCH_MAX/TOOLCHAIN_ARM_STD/startup_STM32F407xx.o(.text) referenced from mbed/TARGET_ARCH_MAX/TOOLCHAIN_ARM_STD/startup_STM32F407xx.o(RESET)
 <LI><a href="#[20]">EXTI2_IRQHandler</a> from mbed/TARGET_ARCH_MAX/TOOLCHAIN_ARM_STD/startup_STM32F407xx.o(.text) referenced from mbed/TARGET_ARCH_MAX/TOOLCHAIN_ARM_STD/startup_STM32F407xx.o(RESET)
 <LI><a href="#[21]">EXTI3_IRQHandler</a> from mbed/TARGET_ARCH_MAX/TOOLCHAIN_ARM_STD/startup_STM32F407xx.o(.text) referenced from mbed/TARGET_ARCH_MAX/TOOLCHAIN_ARM_STD/startup_STM32F407xx.o(RESET)
 <LI><a href="#[22]">EXTI4_IRQHandler</a> from mbed/TARGET_ARCH_MAX/TOOLCHAIN_ARM_STD/startup_STM32F407xx.o(.text) referenced from mbed/TARGET_ARCH_MAX/TOOLCHAIN_ARM_STD/startup_STM32F407xx.o(RESET)
 <LI><a href="#[2f]">EXTI9_5_IRQHandler</a> from mbed/TARGET_ARCH_MAX/TOOLCHAIN_ARM_STD/startup_STM32F407xx.o(.text) referenced from mbed/TARGET_ARCH_MAX/TOOLCHAIN_ARM_STD/startup_STM32F407xx.o(RESET)
 <LI><a href="#[1c]">FLASH_IRQHandler</a> from mbed/TARGET_ARCH_MAX/TOOLCHAIN_ARM_STD/startup_STM32F407xx.o(.text) referenced from mbed/TARGET_ARCH_MAX/TOOLCHAIN_ARM_STD/startup_STM32F407xx.o(RESET)
 <LI><a href="#[48]">FMC_IRQHandler</a> from mbed/TARGET_ARCH_MAX/TOOLCHAIN_ARM_STD/startup_STM32F407xx.o(.text) referenced from mbed/TARGET_ARCH_MAX/TOOLCHAIN_ARM_STD/startup_STM32F407xx.o(RESET)
 <LI><a href="#[68]">FPU_IRQHandler</a> from mbed/TARGET_ARCH_MAX/TOOLCHAIN_ARM_STD/startup_STM32F407xx.o(.text) referenced from mbed/TARGET_ARCH_MAX/TOOLCHAIN_ARM_STD/startup_STM32F407xx.o(RESET)
 <LI><a href="#[67]">HASH_RNG_IRQHandler</a> from mbed/TARGET_ARCH_MAX/TOOLCHAIN_ARM_STD/startup_STM32F407xx.o(.text) referenced from mbed/TARGET_ARCH_MAX/TOOLCHAIN_ARM_STD/startup_STM32F407xx.o(RESET)
 <LI><a href="#[10]">HardFault_Handler</a> from mbed/TARGET_ARCH_MAX/TOOLCHAIN_ARM_STD/startup_STM32F407xx.o(.text) referenced from mbed/TARGET_ARCH_MAX/TOOLCHAIN_ARM_STD/startup_STM32F407xx.o(RESET)
 <LI><a href="#[38]">I2C1_ER_IRQHandler</a> from mbed/TARGET_ARCH_MAX/TOOLCHAIN_ARM_STD/startup_STM32F407xx.o(.text) referenced from mbed/TARGET_ARCH_MAX/TOOLCHAIN_ARM_STD/startup_STM32F407xx.o(RESET)
 <LI><a href="#[37]">I2C1_EV_IRQHandler</a> from mbed/TARGET_ARCH_MAX/TOOLCHAIN_ARM_STD/startup_STM32F407xx.o(.text) referenced from mbed/TARGET_ARCH_MAX/TOOLCHAIN_ARM_STD/startup_STM32F407xx.o(RESET)
 <LI><a href="#[3a]">I2C2_ER_IRQHandler</a> from mbed/TARGET_ARCH_MAX/TOOLCHAIN_ARM_STD/startup_STM32F407xx.o(.text) referenced from mbed/TARGET_ARCH_MAX/TOOLCHAIN_ARM_STD/startup_STM32F407xx.o(RESET)
 <LI><a href="#[39]">I2C2_EV_IRQHandler</a> from mbed/TARGET_ARCH_MAX/TOOLCHAIN_ARM_STD/startup_STM32F407xx.o(.text) referenced from mbed/TARGET_ARCH_MAX/TOOLCHAIN_ARM_STD/startup_STM32F407xx.o(RESET)
 <LI><a href="#[61]">I2C3_ER_IRQHandler</a> from mbed/TARGET_ARCH_MAX/TOOLCHAIN_ARM_STD/startup_STM32F407xx.o(.text) referenced from mbed/TARGET_ARCH_MAX/TOOLCHAIN_ARM_STD/startup_STM32F407xx.o(RESET)
 <LI><a href="#[60]">I2C3_EV_IRQHandler</a> from mbed/TARGET_ARCH_MAX/TOOLCHAIN_ARM_STD/startup_STM32F407xx.o(.text) referenced from mbed/TARGET_ARCH_MAX/TOOLCHAIN_ARM_STD/startup_STM32F407xx.o(RESET)
 <LI><a href="#[11]">MemManage_Handler</a> from mbed/TARGET_ARCH_MAX/TOOLCHAIN_ARM_STD/startup_STM32F407xx.o(.text) referenced from mbed/TARGET_ARCH_MAX/TOOLCHAIN_ARM_STD/startup_STM32F407xx.o(RESET)
 <LI><a href="#[f]">NMI_Handler</a> from mbed/TARGET_ARCH_MAX/TOOLCHAIN_ARM_STD/startup_STM32F407xx.o(.text) referenced from mbed/TARGET_ARCH_MAX/TOOLCHAIN_ARM_STD/startup_STM32F407xx.o(RESET)
 <LI><a href="#[5b]">OTG_FS_IRQHandler</a> from mbed/TARGET_ARCH_MAX/TOOLCHAIN_ARM_STD/startup_STM32F407xx.o(.text) referenced from mbed/TARGET_ARCH_MAX/TOOLCHAIN_ARM_STD/startup_STM32F407xx.o(RESET)
 <LI><a href="#[42]">OTG_FS_WKUP_IRQHandler</a> from mbed/TARGET_ARCH_MAX/TOOLCHAIN_ARM_STD/startup_STM32F407xx.o(.text) referenced from mbed/TARGET_ARCH_MAX/TOOLCHAIN_ARM_STD/startup_STM32F407xx.o(RESET)
 <LI><a href="#[63]">OTG_HS_EP1_IN_IRQHandler</a> from mbed/TARGET_ARCH_MAX/TOOLCHAIN_ARM_STD/startup_STM32F407xx.o(.text) referenced from mbed/TARGET_ARCH_MAX/TOOLCHAIN_ARM_STD/startup_STM32F407xx.o(RESET)
 <LI><a href="#[62]">OTG_HS_EP1_OUT_IRQHandler</a> from mbed/TARGET_ARCH_MAX/TOOLCHAIN_ARM_STD/startup_STM32F407xx.o(.text) referenced from mbed/TARGET_ARCH_MAX/TOOLCHAIN_ARM_STD/startup_STM32F407xx.o(RESET)
 <LI><a href="#[65]">OTG_HS_IRQHandler</a> from mbed/TARGET_ARCH_MAX/TOOLCHAIN_ARM_STD/startup_STM32F407xx.o(.text) referenced from mbed/TARGET_ARCH_MAX/TOOLCHAIN_ARM_STD/startup_STM32F407xx.o(RESET)
 <LI><a href="#[64]">OTG_HS_WKUP_IRQHandler</a> from mbed/TARGET_ARCH_MAX/TOOLCHAIN_ARM_STD/startup_STM32F407xx.o(.text) referenced from mbed/TARGET_ARCH_MAX/TOOLCHAIN_ARM_STD/startup_STM32F407xx.o(RESET)
 <LI><a href="#[19]">PVD_IRQHandler</a> from mbed/TARGET_ARCH_MAX/TOOLCHAIN_ARM_STD/startup_STM32F407xx.o(.text) referenced from mbed/TARGET_ARCH_MAX/TOOLCHAIN_ARM_STD/startup_STM32F407xx.o(RESET)
 <LI><a href="#[16]">PendSV_Handler</a> from .\build\hal_cm4.o(.emb_text) referenced from mbed/TARGET_ARCH_MAX/TOOLCHAIN_ARM_STD/startup_STM32F407xx.o(RESET)
 <LI><a href="#[1d]">RCC_IRQHandler</a> from mbed/TARGET_ARCH_MAX/TOOLCHAIN_ARM_STD/startup_STM32F407xx.o(.text) referenced from mbed/TARGET_ARCH_MAX/TOOLCHAIN_ARM_STD/startup_STM32F407xx.o(RESET)
 <LI><a href="#[41]">RTC_Alarm_IRQHandler</a> from mbed/TARGET_ARCH_MAX/TOOLCHAIN_ARM_STD/startup_STM32F407xx.o(.text) referenced from mbed/TARGET_ARCH_MAX/TOOLCHAIN_ARM_STD/startup_STM32F407xx.o(RESET)
 <LI><a href="#[1b]">RTC_WKUP_IRQHandler</a> from mbed/TARGET_ARCH_MAX/TOOLCHAIN_ARM_STD/startup_STM32F407xx.o(.text) referenced from mbed/TARGET_ARCH_MAX/TOOLCHAIN_ARM_STD/startup_STM32F407xx.o(RESET)
 <LI><a href="#[e]">Reset_Handler</a> from mbed/TARGET_ARCH_MAX/TOOLCHAIN_ARM_STD/startup_STM32F407xx.o(.text) referenced from mbed/TARGET_ARCH_MAX/TOOLCHAIN_ARM_STD/startup_STM32F407xx.o(RESET)
 <LI><a href="#[49]">SDIO_IRQHandler</a> from mbed/TARGET_ARCH_MAX/TOOLCHAIN_ARM_STD/startup_STM32F407xx.o(.text) referenced from mbed/TARGET_ARCH_MAX/TOOLCHAIN_ARM_STD/startup_STM32F407xx.o(RESET)
 <LI><a href="#[3b]">SPI1_IRQHandler</a> from mbed/TARGET_ARCH_MAX/TOOLCHAIN_ARM_STD/startup_STM32F407xx.o(.text) referenced from mbed/TARGET_ARCH_MAX/TOOLCHAIN_ARM_STD/startup_STM32F407xx.o(RESET)
 <LI><a href="#[3c]">SPI2_IRQHandler</a> from mbed/TARGET_ARCH_MAX/TOOLCHAIN_ARM_STD/startup_STM32F407xx.o(.text) referenced from mbed/TARGET_ARCH_MAX/TOOLCHAIN_ARM_STD/startup_STM32F407xx.o(RESET)
 <LI><a href="#[4b]">SPI3_IRQHandler</a> from mbed/TARGET_ARCH_MAX/TOOLCHAIN_ARM_STD/startup_STM32F407xx.o(.text) referenced from mbed/TARGET_ARCH_MAX/TOOLCHAIN_ARM_STD/startup_STM32F407xx.o(RESET)
 <LI><a href="#[14]">SVC_Handler</a> from .\build\hal_cm4.o(.emb_text) referenced from mbed/TARGET_ARCH_MAX/TOOLCHAIN_ARM_STD/startup_STM32F407xx.o(RESET)
 <LI><a href="#[17]">SysTick_Handler</a> from .\build\hal_cm4.o(.emb_text) referenced from mbed/TARGET_ARCH_MAX/TOOLCHAIN_ARM_STD/startup_STM32F407xx.o(RESET)
 <LI><a href="#[6b]">SystemInit</a> from mbed/TARGET_ARCH_MAX/TOOLCHAIN_ARM_STD/system_clock.o(i.SystemInit) referenced from mbed/TARGET_ARCH_MAX/TOOLCHAIN_ARM_STD/startup_STM32F407xx.o(.text)
 <LI><a href="#[1a]">TAMP_STAMP_IRQHandler</a> from mbed/TARGET_ARCH_MAX/TOOLCHAIN_ARM_STD/startup_STM32F407xx.o(.text) referenced from mbed/TARGET_ARCH_MAX/TOOLCHAIN_ARM_STD/startup_STM32F407xx.o(RESET)
 <LI><a href="#[30]">TIM1_BRK_TIM9_IRQHandler</a> from mbed/TARGET_ARCH_MAX/TOOLCHAIN_ARM_STD/startup_STM32F407xx.o(.text) referenced from mbed/TARGET_ARCH_MAX/TOOLCHAIN_ARM_STD/startup_STM32F407xx.o(RESET)
 <LI><a href="#[33]">TIM1_CC_IRQHandler</a> from mbed/TARGET_ARCH_MAX/TOOLCHAIN_ARM_STD/startup_STM32F407xx.o(.text) referenced from mbed/TARGET_ARCH_MAX/TOOLCHAIN_ARM_STD/startup_STM32F407xx.o(RESET)
 <LI><a href="#[32]">TIM1_TRG_COM_TIM11_IRQHandler</a> from mbed/TARGET_ARCH_MAX/TOOLCHAIN_ARM_STD/startup_STM32F407xx.o(.text) referenced from mbed/TARGET_ARCH_MAX/TOOLCHAIN_ARM_STD/startup_STM32F407xx.o(RESET)
 <LI><a href="#[31]">TIM1_UP_TIM10_IRQHandler</a> from mbed/TARGET_ARCH_MAX/TOOLCHAIN_ARM_STD/startup_STM32F407xx.o(.text) referenced from mbed/TARGET_ARCH_MAX/TOOLCHAIN_ARM_STD/startup_STM32F407xx.o(RESET)
 <LI><a href="#[34]">TIM2_IRQHandler</a> from mbed/TARGET_ARCH_MAX/TOOLCHAIN_ARM_STD/startup_STM32F407xx.o(.text) referenced from mbed/TARGET_ARCH_MAX/TOOLCHAIN_ARM_STD/startup_STM32F407xx.o(RESET)
 <LI><a href="#[35]">TIM3_IRQHandler</a> from mbed/TARGET_ARCH_MAX/TOOLCHAIN_ARM_STD/startup_STM32F407xx.o(.text) referenced from mbed/TARGET_ARCH_MAX/TOOLCHAIN_ARM_STD/startup_STM32F407xx.o(RESET)
 <LI><a href="#[36]">TIM4_IRQHandler</a> from mbed/TARGET_ARCH_MAX/TOOLCHAIN_ARM_STD/startup_STM32F407xx.o(.text) referenced from mbed/TARGET_ARCH_MAX/TOOLCHAIN_ARM_STD/startup_STM32F407xx.o(RESET)
 <LI><a href="#[4a]">TIM5_IRQHandler</a> from mbed/TARGET_ARCH_MAX/TOOLCHAIN_ARM_STD/startup_STM32F407xx.o(.text) referenced from mbed/TARGET_ARCH_MAX/TOOLCHAIN_ARM_STD/startup_STM32F407xx.o(RESET)
 <LI><a href="#[4e]">TIM6_DAC_IRQHandler</a> from mbed/TARGET_ARCH_MAX/TOOLCHAIN_ARM_STD/startup_STM32F407xx.o(.text) referenced from mbed/TARGET_ARCH_MAX/TOOLCHAIN_ARM_STD/startup_STM32F407xx.o(RESET)
 <LI><a href="#[4f]">TIM7_IRQHandler</a> from mbed/TARGET_ARCH_MAX/TOOLCHAIN_ARM_STD/startup_STM32F407xx.o(.text) referenced from mbed/TARGET_ARCH_MAX/TOOLCHAIN_ARM_STD/startup_STM32F407xx.o(RESET)
 <LI><a href="#[43]">TIM8_BRK_TIM12_IRQHandler</a> from mbed/TARGET_ARCH_MAX/TOOLCHAIN_ARM_STD/startup_STM32F407xx.o(.text) referenced from mbed/TARGET_ARCH_MAX/TOOLCHAIN_ARM_STD/startup_STM32F407xx.o(RESET)
 <LI><a href="#[46]">TIM8_CC_IRQHandler</a> from mbed/TARGET_ARCH_MAX/TOOLCHAIN_ARM_STD/startup_STM32F407xx.o(.text) referenced from mbed/TARGET_ARCH_MAX/TOOLCHAIN_ARM_STD/startup_STM32F407xx.o(RESET)
 <LI><a href="#[45]">TIM8_TRG_COM_TIM14_IRQHandler</a> from mbed/TARGET_ARCH_MAX/TOOLCHAIN_ARM_STD/startup_STM32F407xx.o(.text) referenced from mbed/TARGET_ARCH_MAX/TOOLCHAIN_ARM_STD/startup_STM32F407xx.o(RESET)
 <LI><a href="#[44]">TIM8_UP_TIM13_IRQHandler</a> from mbed/TARGET_ARCH_MAX/TOOLCHAIN_ARM_STD/startup_STM32F407xx.o(.text) referenced from mbed/TARGET_ARCH_MAX/TOOLCHAIN_ARM_STD/startup_STM32F407xx.o(RESET)
 <LI><a href="#[4c]">UART4_IRQHandler</a> from mbed/TARGET_ARCH_MAX/TOOLCHAIN_ARM_STD/startup_STM32F407xx.o(.text) referenced from mbed/TARGET_ARCH_MAX/TOOLCHAIN_ARM_STD/startup_STM32F407xx.o(RESET)
 <LI><a href="#[4d]">UART5_IRQHandler</a> from mbed/TARGET_ARCH_MAX/TOOLCHAIN_ARM_STD/startup_STM32F407xx.o(.text) referenced from mbed/TARGET_ARCH_MAX/TOOLCHAIN_ARM_STD/startup_STM32F407xx.o(RESET)
 <LI><a href="#[3d]">USART1_IRQHandler</a> from mbed/TARGET_ARCH_MAX/TOOLCHAIN_ARM_STD/startup_STM32F407xx.o(.text) referenced from mbed/TARGET_ARCH_MAX/TOOLCHAIN_ARM_STD/startup_STM32F407xx.o(RESET)
 <LI><a href="#[3e]">USART2_IRQHandler</a> from mbed/TARGET_ARCH_MAX/TOOLCHAIN_ARM_STD/startup_STM32F407xx.o(.text) referenced from mbed/TARGET_ARCH_MAX/TOOLCHAIN_ARM_STD/startup_STM32F407xx.o(RESET)
 <LI><a href="#[3f]">USART3_IRQHandler</a> from mbed/TARGET_ARCH_MAX/TOOLCHAIN_ARM_STD/startup_STM32F407xx.o(.text) referenced from mbed/TARGET_ARCH_MAX/TOOLCHAIN_ARM_STD/startup_STM32F407xx.o(RESET)
 <LI><a href="#[5f]">USART6_IRQHandler</a> from mbed/TARGET_ARCH_MAX/TOOLCHAIN_ARM_STD/startup_STM32F407xx.o(.text) referenced from mbed/TARGET_ARCH_MAX/TOOLCHAIN_ARM_STD/startup_STM32F407xx.o(RESET)
 <LI><a href="#[13]">UsageFault_Handler</a> from mbed/TARGET_ARCH_MAX/TOOLCHAIN_ARM_STD/startup_STM32F407xx.o(.text) referenced from mbed/TARGET_ARCH_MAX/TOOLCHAIN_ARM_STD/startup_STM32F407xx.o(RESET)
 <LI><a href="#[18]">WWDG_IRQHandler</a> from mbed/TARGET_ARCH_MAX/TOOLCHAIN_ARM_STD/startup_STM32F407xx.o(.text) referenced from mbed/TARGET_ARCH_MAX/TOOLCHAIN_ARM_STD/startup_STM32F407xx.o(RESET)
 <LI><a href="#[7c]">led(const void*)</a> from .\build\main.o(i._Z3ledPKv) referenced from .\build\main.o(i.main)
 <LI><a href="#[7b]">printstr(const void*)</a> from .\build\main.o(i._Z8printstrPKv) referenced from .\build\main.o(i.main)
 <LI><a href="#[9d]">mbed::FileHandle::size()</a> from mbed/TARGET_ARCH_MAX/TOOLCHAIN_ARM_STD/mbed.ar(FileHandle.o)(i._ZN4mbed10FileHandle4sizeEv) referenced from mbed/TARGET_ARCH_MAX/TOOLCHAIN_ARM_STD/mbed.ar(FileHandle.o)(.constdata__ZTVN4mbed10FileHandleE)
 <LI><a href="#[9c]">mbed::FileHandle::isatty()</a> from mbed/TARGET_ARCH_MAX/TOOLCHAIN_ARM_STD/mbed.ar(FileHandle.o)(i._ZN4mbed10FileHandle6isattyEv) referenced from mbed/TARGET_ARCH_MAX/TOOLCHAIN_ARM_STD/mbed.ar(FileHandle.o)(.constdata__ZTVN4mbed10FileHandleE)
 <LI><a href="#[73]">mbed::SerialBase::_irq_handler(unsigned, SerialIrq)</a> from mbed/TARGET_ARCH_MAX/TOOLCHAIN_ARM_STD/mbed.ar(SerialBase.o)(i._ZN4mbed10SerialBase12_irq_handlerEj9SerialIrq) referenced from mbed/TARGET_ARCH_MAX/TOOLCHAIN_ARM_STD/mbed.ar(SerialBase.o)(i._ZN4mbed10SerialBaseC1E7PinNameS1_i)
 <LI><a href="#[9e]">mbed::SerialBase::lock()</a> from mbed/TARGET_ARCH_MAX/TOOLCHAIN_ARM_STD/mbed.ar(SerialBase.o)(i._ZN4mbed10SerialBase4lockEv) referenced from mbed/TARGET_ARCH_MAX/TOOLCHAIN_ARM_STD/mbed.ar(SerialBase.o)(.constdata__ZTVN4mbed10SerialBaseE)
 <LI><a href="#[9f]">mbed::SerialBase::unlock()</a> from mbed/TARGET_ARCH_MAX/TOOLCHAIN_ARM_STD/mbed.ar(SerialBase.o)(i._ZN4mbed10SerialBase6unlockEv) referenced from mbed/TARGET_ARCH_MAX/TOOLCHAIN_ARM_STD/mbed.ar(SerialBase.o)(.constdata__ZTVN4mbed10SerialBaseE)
 <LI><a href="#[a0]">mbed::SerialBase::~SerialBase()</a> from mbed/TARGET_ARCH_MAX/TOOLCHAIN_ARM_STD/mbed.ar(SerialBase.o)(i._ZN4mbed10SerialBaseD1Ev) referenced from mbed/TARGET_ARCH_MAX/TOOLCHAIN_ARM_STD/mbed.ar(SerialBase.o)(.constdata__ZTVN4mbed10SerialBaseE)
 <LI><a href="#[75]">mbed::TimerEvent::irq(unsigned)</a> from mbed/TARGET_ARCH_MAX/TOOLCHAIN_ARM_STD/mbed.ar(TimerEvent.o)(i._ZN4mbed10TimerEvent3irqEj) referenced from mbed/TARGET_ARCH_MAX/TOOLCHAIN_ARM_STD/mbed.ar(TimerEvent.o)(i._ZN4mbed10TimerEventC2Ev)
 <LI><a href="#[a1]">mbed::TimerEvent::~TimerEvent__sub_object()</a> from mbed/TARGET_ARCH_MAX/TOOLCHAIN_ARM_STD/mbed.ar(TimerEvent.o)(i._ZN4mbed10TimerEventD2Ev) referenced from mbed/TARGET_ARCH_MAX/TOOLCHAIN_ARM_STD/mbed.ar(TimerEvent.o)(.constdata__ZTVN4mbed10TimerEventE)
 <LI><a href="#[a2]">mbed::Serial::lock()</a> from mbed/TARGET_ARCH_MAX/TOOLCHAIN_ARM_STD/mbed.ar(Serial.o)(i._ZN4mbed6Serial4lockEv) referenced from mbed/TARGET_ARCH_MAX/TOOLCHAIN_ARM_STD/mbed.ar(Serial.o)(.constdata__ZTVN4mbed6SerialE)
 <LI><a href="#[a3]">mbed::Serial::unlock()</a> from mbed/TARGET_ARCH_MAX/TOOLCHAIN_ARM_STD/mbed.ar(Serial.o)(i._ZN4mbed6Serial6unlockEv) referenced from mbed/TARGET_ARCH_MAX/TOOLCHAIN_ARM_STD/mbed.ar(Serial.o)(.constdata__ZTVN4mbed6SerialE)
 <LI><a href="#[77]">mbed::Serial::~Serial()</a> from mbed/TARGET_ARCH_MAX/TOOLCHAIN_ARM_STD/mbed.ar(Serial.o)(i._ZN4mbed6SerialD1Ev) referenced from mbed/TARGET_ARCH_MAX/TOOLCHAIN_ARM_STD/mbed.ar(Serial.o)(.constdata__ZTVN4mbed6SerialE)
 <LI><a href="#[77]">mbed::Serial::~Serial()</a> from mbed/TARGET_ARCH_MAX/TOOLCHAIN_ARM_STD/mbed.ar(Serial.o)(i._ZN4mbed6SerialD1Ev) referenced from .\build\main.o(i.__sti___8_main_cpp_led1)
 <LI><a href="#[ad]">mbed::Stream::lock()</a> from mbed/TARGET_ARCH_MAX/TOOLCHAIN_ARM_STD/mbed.ar(Stream.o)(i._ZN4mbed6Stream4lockEv) referenced from mbed/TARGET_ARCH_MAX/TOOLCHAIN_ARM_STD/mbed.ar(Stream.o)(.constdata__ZTVN4mbed6StreamE)
 <LI><a href="#[a5]">mbed::Stream::seek(long, int)</a> from mbed/TARGET_ARCH_MAX/TOOLCHAIN_ARM_STD/mbed.ar(Stream.o)(i._ZN4mbed6Stream4seekEli) referenced from mbed/TARGET_ARCH_MAX/TOOLCHAIN_ARM_STD/mbed.ar(Serial.o)(.constdata__ZTVN4mbed6SerialE)
 <LI><a href="#[a5]">mbed::Stream::seek(long, int)</a> from mbed/TARGET_ARCH_MAX/TOOLCHAIN_ARM_STD/mbed.ar(Stream.o)(i._ZN4mbed6Stream4seekEli) referenced from mbed/TARGET_ARCH_MAX/TOOLCHAIN_ARM_STD/mbed.ar(Stream.o)(.constdata__ZTVN4mbed6StreamE)
 <LI><a href="#[a8]">mbed::Stream::size()</a> from mbed/TARGET_ARCH_MAX/TOOLCHAIN_ARM_STD/mbed.ar(Stream.o)(i._ZN4mbed6Stream4sizeEv) referenced from mbed/TARGET_ARCH_MAX/TOOLCHAIN_ARM_STD/mbed.ar(Serial.o)(.constdata__ZTVN4mbed6SerialE)
 <LI><a href="#[a8]">mbed::Stream::size()</a> from mbed/TARGET_ARCH_MAX/TOOLCHAIN_ARM_STD/mbed.ar(Stream.o)(i._ZN4mbed6Stream4sizeEv) referenced from mbed/TARGET_ARCH_MAX/TOOLCHAIN_ARM_STD/mbed.ar(Stream.o)(.constdata__ZTVN4mbed6StreamE)
 <LI><a href="#[a6]">mbed::Stream::close()</a> from mbed/TARGET_ARCH_MAX/TOOLCHAIN_ARM_STD/mbed.ar(Stream.o)(i._ZN4mbed6Stream5closeEv) referenced from mbed/TARGET_ARCH_MAX/TOOLCHAIN_ARM_STD/mbed.ar(Serial.o)(.constdata__ZTVN4mbed6SerialE)
 <LI><a href="#[a6]">mbed::Stream::close()</a> from mbed/TARGET_ARCH_MAX/TOOLCHAIN_ARM_STD/mbed.ar(Stream.o)(i._ZN4mbed6Stream5closeEv) referenced from mbed/TARGET_ARCH_MAX/TOOLCHAIN_ARM_STD/mbed.ar(Stream.o)(.constdata__ZTVN4mbed6StreamE)
 <LI><a href="#[a4]">mbed::Stream::write(const void*, unsigned)</a> from mbed/TARGET_ARCH_MAX/TOOLCHAIN_ARM_STD/mbed.ar(Stream.o)(i._ZN4mbed6Stream5writeEPKvj) referenced from mbed/TARGET_ARCH_MAX/TOOLCHAIN_ARM_STD/mbed.ar(Serial.o)(.constdata__ZTVN4mbed6SerialE)
 <LI><a href="#[a4]">mbed::Stream::write(const void*, unsigned)</a> from mbed/TARGET_ARCH_MAX/TOOLCHAIN_ARM_STD/mbed.ar(Stream.o)(i._ZN4mbed6Stream5writeEPKvj) referenced from mbed/TARGET_ARCH_MAX/TOOLCHAIN_ARM_STD/mbed.ar(Stream.o)(.constdata__ZTVN4mbed6StreamE)
 <LI><a href="#[a7]">mbed::Stream::isatty()</a> from mbed/TARGET_ARCH_MAX/TOOLCHAIN_ARM_STD/mbed.ar(Stream.o)(i._ZN4mbed6Stream6isattyEv) referenced from mbed/TARGET_ARCH_MAX/TOOLCHAIN_ARM_STD/mbed.ar(Serial.o)(.constdata__ZTVN4mbed6SerialE)
 <LI><a href="#[a7]">mbed::Stream::isatty()</a> from mbed/TARGET_ARCH_MAX/TOOLCHAIN_ARM_STD/mbed.ar(Stream.o)(i._ZN4mbed6Stream6isattyEv) referenced from mbed/TARGET_ARCH_MAX/TOOLCHAIN_ARM_STD/mbed.ar(Stream.o)(.constdata__ZTVN4mbed6StreamE)
 <LI><a href="#[ae]">mbed::Stream::unlock()</a> from mbed/TARGET_ARCH_MAX/TOOLCHAIN_ARM_STD/mbed.ar(Stream.o)(i._ZN4mbed6Stream6unlockEv) referenced from mbed/TARGET_ARCH_MAX/TOOLCHAIN_ARM_STD/mbed.ar(Stream.o)(.constdata__ZTVN4mbed6StreamE)
 <LI><a href="#[ac]">mbed::Stream::~Stream__sub_object()</a> from mbed/TARGET_ARCH_MAX/TOOLCHAIN_ARM_STD/mbed.ar(Stream.o)(i._ZN4mbed6StreamD2Ev) referenced from mbed/TARGET_ARCH_MAX/TOOLCHAIN_ARM_STD/mbed.ar(Stream.o)(.constdata__ZTVN4mbed6StreamE)
 <LI><a href="#[af]">mbed::Ticker::handler()</a> from mbed/TARGET_ARCH_MAX/TOOLCHAIN_ARM_STD/mbed.ar(Ticker.o)(i._ZN4mbed6Ticker7handlerEv) referenced from mbed/TARGET_ARCH_MAX/TOOLCHAIN_ARM_STD/mbed.ar(Ticker.o)(.constdata__ZTVN4mbed6TickerE)
 <LI><a href="#[78]">mbed::Ticker::~Ticker()</a> from mbed/TARGET_ARCH_MAX/TOOLCHAIN_ARM_STD/mbed.ar(Ticker.o)(i._ZN4mbed6TickerD1Ev) referenced from mbed/TARGET_ARCH_MAX/TOOLCHAIN_ARM_STD/mbed.ar(Ticker.o)(.constdata__ZTVN4mbed6TickerE)
 <LI><a href="#[78]">mbed::Ticker::~Ticker()</a> from mbed/TARGET_ARCH_MAX/TOOLCHAIN_ARM_STD/mbed.ar(Ticker.o)(i._ZN4mbed6TickerD1Ev) referenced from .\build\main.o(i.__sti___8_main_cpp_led1)
 <LI><a href="#[b1]">void mbed::Callback&lang;void()&rang;::function_call&lang;mbed::Callback&lang;void()&rang;::function_context&lang;void(*)(void*), void&rang;&rang;(const void*)</a> from .\build\main.o(t._ZN4mbed8CallbackIFvvEE13function_callINS2_16function_contextIPFvPvEvEEEEvPKv) referenced from .\build\main.o(.constdata__ZZN4mbed8CallbackIFvvEE8generateINS2_16function_contextIPFvPvEvEEEEvRKT_E3ops)
 <LI><a href="#[b4]">void mbed::Callback&lang;void()&rang;::function_call&lang;void(*)()&rang;(const void*)</a> from .\build\main.o(t._ZN4mbed8CallbackIFvvEE13function_callIPS1_EEvPKv) referenced from .\build\main.o(.constdata__ZZN4mbed8CallbackIFvvEE8generateIPS1_EEvRKT_E3ops)
 <LI><a href="#[b3]">void mbed::Callback&lang;void()&rang;::function_dtor&lang;mbed::Callback&lang;void()&rang;::function_context&lang;void(*)(void*), void&rang;&rang;(void*)</a> from .\build\main.o(t._ZN4mbed8CallbackIFvvEE13function_dtorINS2_16function_contextIPFvPvEvEEEEvS5_) referenced from .\build\main.o(.constdata__ZZN4mbed8CallbackIFvvEE8generateINS2_16function_contextIPFvPvEvEEEEvRKT_E3ops)
 <LI><a href="#[b6]">void mbed::Callback&lang;void()&rang;::function_dtor&lang;void(*)()&rang;(void*)</a> from .\build\main.o(t._ZN4mbed8CallbackIFvvEE13function_dtorIPS1_EEvPv) referenced from .\build\main.o(.constdata__ZZN4mbed8CallbackIFvvEE8generateIPS1_EEvRKT_E3ops)
 <LI><a href="#[b2]">void mbed::Callback&lang;void()&rang;::function_move&lang;mbed::Callback&lang;void()&rang;::function_context&lang;void(*)(void*), void&rang;&rang;(void*, const void*)</a> from .\build\main.o(t._ZN4mbed8CallbackIFvvEE13function_moveINS2_16function_contextIPFvPvEvEEEEvS5_PKv) referenced from .\build\main.o(.constdata__ZZN4mbed8CallbackIFvvEE8generateINS2_16function_contextIPFvPvEvEEEEvRKT_E3ops)
 <LI><a href="#[b5]">void mbed::Callback&lang;void()&rang;::function_move&lang;void(*)()&rang;(void*, const void*)</a> from .\build\main.o(t._ZN4mbed8CallbackIFvvEE13function_moveIPS1_EEvPvPKv) referenced from .\build\main.o(.constdata__ZZN4mbed8CallbackIFvvEE8generateIPS1_EEvRKT_E3ops)
 <LI><a href="#[74]">mbed::Callback&lang;void()&rang;::~Callback()</a> from mbed/TARGET_ARCH_MAX/TOOLCHAIN_ARM_STD/mbed.ar(SerialBase.o)(t._ZN4mbed8CallbackIFvvEED1Ev) referenced from mbed/TARGET_ARCH_MAX/TOOLCHAIN_ARM_STD/mbed.ar(SerialBase.o)(i._ZN4mbed10SerialBaseD1Ev)
 <LI><a href="#[b0]">mbed::FileBase::~FileBase()</a> from mbed/TARGET_ARCH_MAX/TOOLCHAIN_ARM_STD/mbed.ar(FileBase.o)(i._ZN4mbed8FileBaseD1Ev) referenced from mbed/TARGET_ARCH_MAX/TOOLCHAIN_ARM_STD/mbed.ar(FileBase.o)(.constdata__ZTVN4mbed8FileBaseE)
 <LI><a href="#[76]">rtos::Thread::_thunk(const void*)</a> from .\build\thread.o(i._ZN4rtos6Thread6_thunkEPKv) referenced from .\build\thread.o(i._ZN4rtos6Thread5startEN4mbed8CallbackIFvvEEE)
 <LI><a href="#[aa]">thunk{-68} to mbed::Serial::lock()</a> from mbed/TARGET_ARCH_MAX/TOOLCHAIN_ARM_STD/mbed.ar(Serial.o)(i._ZThn68_N4mbed6Serial4lockEv) referenced from mbed/TARGET_ARCH_MAX/TOOLCHAIN_ARM_STD/mbed.ar(Serial.o)(.constdata__ZTVN4mbed6SerialE)
 <LI><a href="#[a9]">thunk{-68} to mbed::Serial::_putc(int)</a> from mbed/TARGET_ARCH_MAX/TOOLCHAIN_ARM_STD/mbed.ar(Serial.o)(i._ZThn68_N4mbed6Serial5_putcEi) referenced from mbed/TARGET_ARCH_MAX/TOOLCHAIN_ARM_STD/mbed.ar(Serial.o)(.constdata__ZTVN4mbed6SerialE)
 <LI><a href="#[ab]">thunk{-68} to mbed::Serial::unlock()</a> from mbed/TARGET_ARCH_MAX/TOOLCHAIN_ARM_STD/mbed.ar(Serial.o)(i._ZThn68_N4mbed6Serial6unlockEv) referenced from mbed/TARGET_ARCH_MAX/TOOLCHAIN_ARM_STD/mbed.ar(Serial.o)(.constdata__ZTVN4mbed6SerialE)
 <LI><a href="#[9b]">__cxa_pure_virtual</a> from C:\Keil_v5\ARM\ARMCC\Bin\..\lib\cpplib\cpprt_w.l(pure_virt.o)(i.__cxa_pure_virtual) referenced 4 times from mbed/TARGET_ARCH_MAX/TOOLCHAIN_ARM_STD/mbed.ar(FileHandle.o)(.constdata__ZTVN4mbed10FileHandleE)
 <LI><a href="#[9b]">__cxa_pure_virtual</a> from C:\Keil_v5\ARM\ARMCC\Bin\..\lib\cpplib\cpprt_w.l(pure_virt.o)(i.__cxa_pure_virtual) referenced from mbed/TARGET_ARCH_MAX/TOOLCHAIN_ARM_STD/mbed.ar(TimerEvent.o)(.constdata__ZTVN4mbed10TimerEventE)
 <LI><a href="#[9b]">__cxa_pure_virtual</a> from C:\Keil_v5\ARM\ARMCC\Bin\..\lib\cpplib\cpprt_w.l(pure_virt.o)(i.__cxa_pure_virtual) referenced 2 times from mbed/TARGET_ARCH_MAX/TOOLCHAIN_ARM_STD/mbed.ar(Stream.o)(.constdata__ZTVN4mbed6StreamE)
 <LI><a href="#[bb]">__main</a> from C:\Keil_v5\ARM\ARMCC\Bin\..\lib\armlib\c_w.l(__main.o)(!!!main) referenced from mbed/TARGET_ARCH_MAX/TOOLCHAIN_ARM_STD/startup_STM32F407xx.o(.text)
 <LI><a href="#[b7]">__sti___8_main_cpp_led1</a> from .\build\main.o(i.__sti___8_main_cpp_led1) referenced from .\build\main.o(.init_array)
 <LI><a href="#[6f]">_fputc$unlocked</a> from C:\Keil_v5\ARM\ARMCC\Bin\..\lib\armlib\c_w.l(fputc.o)(i.fputc) referenced from C:\Keil_v5\ARM\ARMCC\Bin\..\lib\armlib\c_w.l(_printf_char_file_locked.o)(.text)
 <LI><a href="#[70]">_get_lc_ctype</a> from C:\Keil_v5\ARM\ARMCC\Bin\..\lib\armlib\c_w.l(lc_ctype_c.o)(locale$$code) referenced from C:\Keil_v5\ARM\ARMCC\Bin\..\lib\armlib\c_w.l(rt_ctype_table.o)(.text)
 <LI><a href="#[6e]">_printf_input_char</a> from C:\Keil_v5\ARM\ARMCC\Bin\..\lib\armlib\c_w.l(_printf_char_common.o)(.text) referenced from C:\Keil_v5\ARM\ARMCC\Bin\..\lib\armlib\c_w.l(_printf_char_common.o)(.text)
 <LI><a href="#[6d]">_snputc</a> from C:\Keil_v5\ARM\ARMCC\Bin\..\lib\armlib\c_w.l(_snputc.o)(.text) referenced from C:\Keil_v5\ARM\ARMCC\Bin\..\lib\armlib\c_w.l(vsnprintf.o)(.text)
 <LI><a href="#[b8]">default_idle_hook</a> from .\build\rtos_idle.o(i.default_idle_hook) referenced from .\build\rtos_idle.o(.data)
 <LI><a href="#[92]">osThreadExit</a> from .\build\rt_cmsis.o(i.osThreadExit) referenced from .\build\rt_cmsis.o(i.svcThreadCreate)
 <LI><a href="#[93]">osTimerThread</a> from .\build\rt_cmsis.o(i.osTimerThread) referenced from .\build\rtx_conf_cm.o(.constdata)
 <LI><a href="#[8b]">os_idle_demon</a> from .\build\rtx_conf_cm.o(i.os_idle_demon) referenced from .\build\rt_task.o(i.rt_sys_init)
 <LI><a href="#[b9]">pre_main</a> from .\build\rtx_conf_cm.o(i.pre_main) referenced from .\build\rtx_conf_cm.o(.data)
 <LI><a href="#[69]">rt_alloc_box</a> from .\build\rt_membox.o(i.rt_alloc_box) referenced from .\build\hal_cm4.o(.emb_text)
 <LI><a href="#[6a]">rt_free_box</a> from .\build\rt_membox.o(i.rt_free_box) referenced from .\build\hal_cm4.o(.emb_text)
 <LI><a href="#[7a]">rt_mut_release</a> from .\build\rt_mutex.o(i.rt_mut_release) referenced from .\build\rtx_conf_cm.o(i._mutex_release)
 <LI><a href="#[79]">rt_mut_wait</a> from .\build\rt_mutex.o(i.rt_mut_wait) referenced from .\build\rtx_conf_cm.o(i._mutex_acquire)
 <LI><a href="#[7d]">svcDelay</a> from .\build\rt_cmsis.o(i.svcDelay) referenced from .\build\rt_cmsis.o(i.osDelay)
 <LI><a href="#[7e]">svcKernelInitialize</a> from .\build\rt_cmsis.o(i.svcKernelInitialize) referenced from .\build\rt_cmsis.o(i.osKernelInitialize)
 <LI><a href="#[7f]">svcKernelRunning</a> from .\build\rt_cmsis.o(i.svcKernelRunning) referenced from .\build\rt_cmsis.o(i.osKernelRunning)
 <LI><a href="#[80]">svcKernelStart</a> from .\build\rt_cmsis.o(i.svcKernelStart) referenced from .\build\rt_cmsis.o(i.osKernelStart)
 <LI><a href="#[81]">svcMessageGet</a> from .\build\rt_cmsis.o(i.svcMessageGet) referenced from .\build\rt_cmsis.o(i.osMessageGet)
 <LI><a href="#[82]">svcMutexCreate</a> from .\build\rt_cmsis.o(i.svcMutexCreate) referenced from .\build\rt_cmsis.o(i.osMutexCreate)
 <LI><a href="#[83]">svcMutexRelease</a> from .\build\rt_cmsis.o(i.svcMutexRelease) referenced from .\build\rt_cmsis.o(i.osMutexRelease)
 <LI><a href="#[84]">svcMutexWait</a> from .\build\rt_cmsis.o(i.svcMutexWait) referenced from .\build\rt_cmsis.o(i.osMutexWait)
 <LI><a href="#[85]">svcSemaphoreCreate</a> from .\build\rt_cmsis.o(i.svcSemaphoreCreate) referenced from .\build\rt_cmsis.o(i.osSemaphoreCreate)
 <LI><a href="#[86]">svcSemaphoreRelease</a> from .\build\rt_cmsis.o(i.svcSemaphoreRelease) referenced from .\build\rt_cmsis.o(i.osSemaphoreRelease)
 <LI><a href="#[87]">svcThreadCreate</a> from .\build\rt_cmsis.o(i.svcThreadCreate) referenced from .\build\rt_cmsis.o(i.osThreadContextCreate)
 <LI><a href="#[88]">svcThreadGetId</a> from .\build\rt_cmsis.o(i.svcThreadGetId) referenced from .\build\rt_cmsis.o(i.osThreadExit)
 <LI><a href="#[89]">svcThreadTerminate</a> from .\build\rt_cmsis.o(i.svcThreadTerminate) referenced from .\build\rt_cmsis.o(i.osThreadExit)
 <LI><a href="#[8a]">svcTimerCall</a> from .\build\rt_cmsis.o(i.svcTimerCall) referenced from .\build\rt_cmsis.o(i.osTimerCall)
 <LI><a href="#[ba]">ticker_irq_handler</a> from mbed/TARGET_ARCH_MAX/TOOLCHAIN_ARM_STD/mbed.ar(mbed_ticker_api.o)(i.ticker_irq_handler) referenced from mbed/TARGET_ARCH_MAX/TOOLCHAIN_ARM_STD/mbed.ar(mbed_us_ticker_api.o)(.data)
 <LI><a href="#[71]">timer_irq_handler</a> from mbed/TARGET_ARCH_MAX/TOOLCHAIN_ARM_STD/hal_tick_32b.o(i.timer_irq_handler) referenced from mbed/TARGET_ARCH_MAX/TOOLCHAIN_ARM_STD/hal_tick_32b.o(i.HAL_InitTick)
 <LI><a href="#[90]">uart1_irq</a> from mbed/TARGET_ARCH_MAX/TOOLCHAIN_ARM_STD/serial_device.o(i.uart1_irq) referenced from mbed/TARGET_ARCH_MAX/TOOLCHAIN_ARM_STD/serial_device.o(i.serial_irq_set)
 <LI><a href="#[8d]">uart2_irq</a> from mbed/TARGET_ARCH_MAX/TOOLCHAIN_ARM_STD/serial_device.o(i.uart2_irq) referenced from mbed/TARGET_ARCH_MAX/TOOLCHAIN_ARM_STD/serial_device.o(i.serial_irq_set)
 <LI><a href="#[8e]">uart3_irq</a> from mbed/TARGET_ARCH_MAX/TOOLCHAIN_ARM_STD/serial_device.o(i.uart3_irq) referenced from mbed/TARGET_ARCH_MAX/TOOLCHAIN_ARM_STD/serial_device.o(i.serial_irq_set)
 <LI><a href="#[8f]">uart4_irq</a> from mbed/TARGET_ARCH_MAX/TOOLCHAIN_ARM_STD/serial_device.o(i.uart4_irq) referenced from mbed/TARGET_ARCH_MAX/TOOLCHAIN_ARM_STD/serial_device.o(i.serial_irq_set)
 <LI><a href="#[8c]">uart5_irq</a> from mbed/TARGET_ARCH_MAX/TOOLCHAIN_ARM_STD/serial_device.o(i.uart5_irq) referenced from mbed/TARGET_ARCH_MAX/TOOLCHAIN_ARM_STD/serial_device.o(i.serial_irq_set)
 <LI><a href="#[91]">uart6_irq</a> from mbed/TARGET_ARCH_MAX/TOOLCHAIN_ARM_STD/serial_device.o(i.uart6_irq) referenced from mbed/TARGET_ARCH_MAX/TOOLCHAIN_ARM_STD/serial_device.o(i.serial_irq_set)
 <LI><a href="#[97]">us_ticker_clear_interrupt</a> from mbed/TARGET_ARCH_MAX/TOOLCHAIN_ARM_STD/us_ticker_32b.o(i.us_ticker_clear_interrupt) referenced from mbed/TARGET_ARCH_MAX/TOOLCHAIN_ARM_STD/mbed.ar(mbed_us_ticker_api.o)(.constdata)
 <LI><a href="#[96]">us_ticker_disable_interrupt</a> from mbed/TARGET_ARCH_MAX/TOOLCHAIN_ARM_STD/us_ticker_32b.o(i.us_ticker_disable_interrupt) referenced from mbed/TARGET_ARCH_MAX/TOOLCHAIN_ARM_STD/mbed.ar(mbed_us_ticker_api.o)(.constdata)
 <LI><a href="#[99]">us_ticker_fire_interrupt</a> from mbed/TARGET_ARCH_MAX/TOOLCHAIN_ARM_STD/us_ticker_32b.o(i.us_ticker_fire_interrupt) referenced from mbed/TARGET_ARCH_MAX/TOOLCHAIN_ARM_STD/mbed.ar(mbed_us_ticker_api.o)(.constdata)
 <LI><a href="#[9a]">us_ticker_get_info</a> from mbed/TARGET_ARCH_MAX/TOOLCHAIN_ARM_STD/mbed_retarget.o(i.us_ticker_get_info) referenced from mbed/TARGET_ARCH_MAX/TOOLCHAIN_ARM_STD/mbed.ar(mbed_us_ticker_api.o)(.constdata)
 <LI><a href="#[94]">us_ticker_init</a> from mbed/TARGET_ARCH_MAX/TOOLCHAIN_ARM_STD/us_ticker_32b.o(i.us_ticker_init) referenced from mbed/TARGET_ARCH_MAX/TOOLCHAIN_ARM_STD/mbed.ar(mbed_us_ticker_api.o)(.constdata)
 <LI><a href="#[95]">us_ticker_read</a> from mbed/TARGET_ARCH_MAX/TOOLCHAIN_ARM_STD/us_ticker_32b.o(i.us_ticker_read) referenced from mbed/TARGET_ARCH_MAX/TOOLCHAIN_ARM_STD/mbed.ar(mbed_us_ticker_api.o)(.constdata)
 <LI><a href="#[98]">us_ticker_set_interrupt</a> from mbed/TARGET_ARCH_MAX/TOOLCHAIN_ARM_STD/us_ticker_32b.o(i.us_ticker_set_interrupt) referenced from mbed/TARGET_ARCH_MAX/TOOLCHAIN_ARM_STD/mbed.ar(mbed_us_ticker_api.o)(.constdata)
</UL>
<P>
<H3>
Global Symbols
</H3>
<P><STRONG><a name="[bb]"></a>__main</STRONG> (Thumb, 8 bytes, Stack size 0 bytes, C:\Keil_v5\ARM\ARMCC\Bin\..\lib\armlib\c_w.l(__main.o)(!!!main))
<BR><BR>[Stack]<UL><LI>Max Depth = 296 + Unknown Stack Size
<LI>Call Chain = __main &rArr; __rt_entry &rArr; _platform_post_stackheap_init &rArr; mbed_sdk_init &rArr; SetSysClock &rArr; SetSysClock_PLL_HSE &rArr; HAL_RCC_ClockConfig &rArr; HAL_InitTick &rArr; HAL_TIM_OC_Init &rArr; TIM_Base_SetConfig
</UL>
<BR>[Calls]<UL><LI><a href="#[c0]">&gt;&gt;</a>&nbsp;&nbsp;&nbsp;__rt_entry
<LI><a href="#[bf]">&gt;&gt;</a>&nbsp;&nbsp;&nbsp;__scatterload
</UL>

<P><STRONG><a name="[bf]"></a>__scatterload</STRONG> (Thumb, 0 bytes, Stack size unknown bytes, C:\Keil_v5\ARM\ARMCC\Bin\..\lib\armlib\c_w.l(__scatter.o)(!!!scatter))
<BR><BR>[Called By]<UL><LI><a href="#[bb]">&gt;&gt;</a>&nbsp;&nbsp;&nbsp;__main
</UL>

<P><STRONG><a name="[c1]"></a>__scatterload_rt2</STRONG> (Thumb, 44 bytes, Stack size unknown bytes, C:\Keil_v5\ARM\ARMCC\Bin\..\lib\armlib\c_w.l(__scatter.o)(!!!scatter), UNUSED)
<BR><BR>[Calls]<UL><LI><a href="#[c0]">&gt;&gt;</a>&nbsp;&nbsp;&nbsp;__rt_entry
</UL>

<P><STRONG><a name="[20e]"></a>__scatterload_rt2_thumb_only</STRONG> (Thumb, 0 bytes, Stack size unknown bytes, C:\Keil_v5\ARM\ARMCC\Bin\..\lib\armlib\c_w.l(__scatter.o)(!!!scatter), UNUSED)

<P><STRONG><a name="[20f]"></a>__scatterload_null</STRONG> (Thumb, 0 bytes, Stack size unknown bytes, C:\Keil_v5\ARM\ARMCC\Bin\..\lib\armlib\c_w.l(__scatter.o)(!!!scatter), UNUSED)

<P><STRONG><a name="[c2]"></a>__scatterload_copy</STRONG> (Thumb, 26 bytes, Stack size unknown bytes, C:\Keil_v5\ARM\ARMCC\Bin\..\lib\armlib\c_w.l(__scatter_copy.o)(!!handler_copy), UNUSED)
<BR><BR>[Calls]<UL><LI><a href="#[c2]">&gt;&gt;</a>&nbsp;&nbsp;&nbsp;__scatterload_copy
</UL>
<BR>[Called By]<UL><LI><a href="#[c2]">&gt;&gt;</a>&nbsp;&nbsp;&nbsp;__scatterload_copy
</UL>

<P><STRONG><a name="[210]"></a>__scatterload_zeroinit</STRONG> (Thumb, 28 bytes, Stack size unknown bytes, C:\Keil_v5\ARM\ARMCC\Bin\..\lib\armlib\c_w.l(__scatter_zi.o)(!!handler_zi), UNUSED)

<P><STRONG><a name="[c3]"></a>_printf_n</STRONG> (Thumb, 0 bytes, Stack size unknown bytes, C:\Keil_v5\ARM\ARMCC\Bin\..\lib\armlib\c_w.l(_printf_n.o)(.ARM.Collect$$_printf_percent$$00000001))
<BR><BR>[Calls]<UL><LI><a href="#[c4]">&gt;&gt;</a>&nbsp;&nbsp;&nbsp;_printf_charcount
</UL>

<P><STRONG><a name="[12c]"></a>_printf_percent</STRONG> (Thumb, 0 bytes, Stack size unknown bytes, C:\Keil_v5\ARM\ARMCC\Bin\..\lib\armlib\c_w.l(_printf_percent.o)(.ARM.Collect$$_printf_percent$$00000000))
<BR><BR>[Called By]<UL><LI><a href="#[125]">&gt;&gt;</a>&nbsp;&nbsp;&nbsp;__printf
</UL>

<P><STRONG><a name="[c5]"></a>_printf_p</STRONG> (Thumb, 0 bytes, Stack size unknown bytes, C:\Keil_v5\ARM\ARMCC\Bin\..\lib\armlib\c_w.l(_printf_p.o)(.ARM.Collect$$_printf_percent$$00000002))
<BR><BR>[Stack]<UL><LI>Max Depth = 64 + Unknown Stack Size
<LI>Call Chain = _printf_p &rArr; _printf_hex_ptr &rArr; _printf_longlong_hex &rArr; _printf_int_common &rArr; _printf_post_padding
</UL>
<BR>[Calls]<UL><LI><a href="#[c6]">&gt;&gt;</a>&nbsp;&nbsp;&nbsp;_printf_hex_ptr
</UL>

<P><STRONG><a name="[c7]"></a>_printf_f</STRONG> (Thumb, 0 bytes, Stack size unknown bytes, C:\Keil_v5\ARM\ARMCC\Bin\..\lib\armlib\c_w.l(_printf_f.o)(.ARM.Collect$$_printf_percent$$00000003))
<BR><BR>[Stack]<UL><LI>Max Depth = 320 + Unknown Stack Size
<LI>Call Chain = _printf_f &rArr; _printf_fp_dec &rArr; _printf_fp_dec_real &rArr; _fp_digits &rArr; _btod_etento &rArr; _btod_emul &rArr; _e2e
</UL>
<BR>[Calls]<UL><LI><a href="#[c8]">&gt;&gt;</a>&nbsp;&nbsp;&nbsp;_printf_fp_dec
</UL>

<P><STRONG><a name="[c9]"></a>_printf_e</STRONG> (Thumb, 0 bytes, Stack size unknown bytes, C:\Keil_v5\ARM\ARMCC\Bin\..\lib\armlib\c_w.l(_printf_e.o)(.ARM.Collect$$_printf_percent$$00000004))
<BR><BR>[Stack]<UL><LI>Max Depth = 320 + Unknown Stack Size
<LI>Call Chain = _printf_e &rArr; _printf_fp_dec &rArr; _printf_fp_dec_real &rArr; _fp_digits &rArr; _btod_etento &rArr; _btod_emul &rArr; _e2e
</UL>
<BR>[Calls]<UL><LI><a href="#[c8]">&gt;&gt;</a>&nbsp;&nbsp;&nbsp;_printf_fp_dec
</UL>

<P><STRONG><a name="[ca]"></a>_printf_g</STRONG> (Thumb, 0 bytes, Stack size unknown bytes, C:\Keil_v5\ARM\ARMCC\Bin\..\lib\armlib\c_w.l(_printf_g.o)(.ARM.Collect$$_printf_percent$$00000005))
<BR><BR>[Stack]<UL><LI>Max Depth = 320 + Unknown Stack Size
<LI>Call Chain = _printf_g &rArr; _printf_fp_dec &rArr; _printf_fp_dec_real &rArr; _fp_digits &rArr; _btod_etento &rArr; _btod_emul &rArr; _e2e
</UL>
<BR>[Calls]<UL><LI><a href="#[c8]">&gt;&gt;</a>&nbsp;&nbsp;&nbsp;_printf_fp_dec
</UL>

<P><STRONG><a name="[cb]"></a>_printf_a</STRONG> (Thumb, 0 bytes, Stack size unknown bytes, C:\Keil_v5\ARM\ARMCC\Bin\..\lib\armlib\c_w.l(_printf_a.o)(.ARM.Collect$$_printf_percent$$00000006))
<BR><BR>[Stack]<UL><LI>Max Depth = 112 + Unknown Stack Size
<LI>Call Chain = _printf_a &rArr; _printf_fp_hex &rArr; _printf_fp_hex_real &rArr; _printf_fp_infnan &rArr; _printf_post_padding
</UL>
<BR>[Calls]<UL><LI><a href="#[cc]">&gt;&gt;</a>&nbsp;&nbsp;&nbsp;_printf_fp_hex
</UL>

<P><STRONG><a name="[211]"></a>_printf_ll</STRONG> (Thumb, 0 bytes, Stack size unknown bytes, C:\Keil_v5\ARM\ARMCC\Bin\..\lib\armlib\c_w.l(_printf_ll.o)(.ARM.Collect$$_printf_percent$$00000007))

<P><STRONG><a name="[cd]"></a>_printf_i</STRONG> (Thumb, 0 bytes, Stack size unknown bytes, C:\Keil_v5\ARM\ARMCC\Bin\..\lib\armlib\c_w.l(_printf_i.o)(.ARM.Collect$$_printf_percent$$00000008))
<BR><BR>[Stack]<UL><LI>Max Depth = 72 + Unknown Stack Size
<LI>Call Chain = _printf_i &rArr; _printf_int_dec &rArr; _printf_int_common &rArr; _printf_post_padding
</UL>
<BR>[Calls]<UL><LI><a href="#[ce]">&gt;&gt;</a>&nbsp;&nbsp;&nbsp;_printf_int_dec
</UL>

<P><STRONG><a name="[cf]"></a>_printf_d</STRONG> (Thumb, 0 bytes, Stack size unknown bytes, C:\Keil_v5\ARM\ARMCC\Bin\..\lib\armlib\c_w.l(_printf_d.o)(.ARM.Collect$$_printf_percent$$00000009))
<BR><BR>[Stack]<UL><LI>Max Depth = 72 + Unknown Stack Size
<LI>Call Chain = _printf_d &rArr; _printf_int_dec &rArr; _printf_int_common &rArr; _printf_post_padding
</UL>
<BR>[Calls]<UL><LI><a href="#[ce]">&gt;&gt;</a>&nbsp;&nbsp;&nbsp;_printf_int_dec
</UL>

<P><STRONG><a name="[d0]"></a>_printf_u</STRONG> (Thumb, 0 bytes, Stack size unknown bytes, C:\Keil_v5\ARM\ARMCC\Bin\..\lib\armlib\c_w.l(_printf_u.o)(.ARM.Collect$$_printf_percent$$0000000A))
<BR><BR>[Stack]<UL><LI>Max Depth = 72 + Unknown Stack Size
<LI>Call Chain = _printf_u &rArr; _printf_int_dec &rArr; _printf_int_common &rArr; _printf_post_padding
</UL>
<BR>[Calls]<UL><LI><a href="#[ce]">&gt;&gt;</a>&nbsp;&nbsp;&nbsp;_printf_int_dec
</UL>

<P><STRONG><a name="[d1]"></a>_printf_o</STRONG> (Thumb, 0 bytes, Stack size unknown bytes, C:\Keil_v5\ARM\ARMCC\Bin\..\lib\armlib\c_w.l(_printf_o.o)(.ARM.Collect$$_printf_percent$$0000000B))
<BR><BR>[Stack]<UL><LI>Max Depth = 64 + Unknown Stack Size
<LI>Call Chain = _printf_o &rArr; _printf_int_oct &rArr; _printf_longlong_oct &rArr; _printf_int_common &rArr; _printf_post_padding
</UL>
<BR>[Calls]<UL><LI><a href="#[d2]">&gt;&gt;</a>&nbsp;&nbsp;&nbsp;_printf_int_oct
</UL>

<P><STRONG><a name="[d3]"></a>_printf_x</STRONG> (Thumb, 0 bytes, Stack size unknown bytes, C:\Keil_v5\ARM\ARMCC\Bin\..\lib\armlib\c_w.l(_printf_x.o)(.ARM.Collect$$_printf_percent$$0000000C))
<BR><BR>[Stack]<UL><LI>Max Depth = 80 + Unknown Stack Size
<LI>Call Chain = _printf_x &rArr; _printf_int_hex &rArr; _printf_longlong_hex &rArr; _printf_int_common &rArr; _printf_post_padding
</UL>
<BR>[Calls]<UL><LI><a href="#[d4]">&gt;&gt;</a>&nbsp;&nbsp;&nbsp;_printf_int_hex
</UL>

<P><STRONG><a name="[d5]"></a>_printf_lli</STRONG> (Thumb, 0 bytes, Stack size unknown bytes, C:\Keil_v5\ARM\ARMCC\Bin\..\lib\armlib\c_w.l(_printf_lli.o)(.ARM.Collect$$_printf_percent$$0000000D))
<BR><BR>[Stack]<UL><LI>Max Depth = 72 + Unknown Stack Size
<LI>Call Chain = _printf_lli &rArr; _printf_longlong_dec &rArr; _printf_int_common &rArr; _printf_post_padding
</UL>
<BR>[Calls]<UL><LI><a href="#[d6]">&gt;&gt;</a>&nbsp;&nbsp;&nbsp;_printf_longlong_dec
</UL>

<P><STRONG><a name="[d7]"></a>_printf_lld</STRONG> (Thumb, 0 bytes, Stack size unknown bytes, C:\Keil_v5\ARM\ARMCC\Bin\..\lib\armlib\c_w.l(_printf_lld.o)(.ARM.Collect$$_printf_percent$$0000000E))
<BR><BR>[Stack]<UL><LI>Max Depth = 72 + Unknown Stack Size
<LI>Call Chain = _printf_lld &rArr; _printf_longlong_dec &rArr; _printf_int_common &rArr; _printf_post_padding
</UL>
<BR>[Calls]<UL><LI><a href="#[d6]">&gt;&gt;</a>&nbsp;&nbsp;&nbsp;_printf_longlong_dec
</UL>

<P><STRONG><a name="[d8]"></a>_printf_llu</STRONG> (Thumb, 0 bytes, Stack size unknown bytes, C:\Keil_v5\ARM\ARMCC\Bin\..\lib\armlib\c_w.l(_printf_llu.o)(.ARM.Collect$$_printf_percent$$0000000F))
<BR><BR>[Stack]<UL><LI>Max Depth = 72 + Unknown Stack Size
<LI>Call Chain = _printf_llu &rArr; _printf_longlong_dec &rArr; _printf_int_common &rArr; _printf_post_padding
</UL>
<BR>[Calls]<UL><LI><a href="#[d6]">&gt;&gt;</a>&nbsp;&nbsp;&nbsp;_printf_longlong_dec
</UL>

<P><STRONG><a name="[d9]"></a>_printf_llo</STRONG> (Thumb, 0 bytes, Stack size unknown bytes, C:\Keil_v5\ARM\ARMCC\Bin\..\lib\armlib\c_w.l(_printf_llo.o)(.ARM.Collect$$_printf_percent$$00000010))
<BR><BR>[Stack]<UL><LI>Max Depth = 56 + Unknown Stack Size
<LI>Call Chain = _printf_llo &rArr; _printf_ll_oct &rArr; _printf_longlong_oct &rArr; _printf_int_common &rArr; _printf_post_padding
</UL>
<BR>[Calls]<UL><LI><a href="#[da]">&gt;&gt;</a>&nbsp;&nbsp;&nbsp;_printf_ll_oct
</UL>

<P><STRONG><a name="[db]"></a>_printf_llx</STRONG> (Thumb, 0 bytes, Stack size unknown bytes, C:\Keil_v5\ARM\ARMCC\Bin\..\lib\armlib\c_w.l(_printf_llx.o)(.ARM.Collect$$_printf_percent$$00000011))
<BR><BR>[Stack]<UL><LI>Max Depth = 64 + Unknown Stack Size
<LI>Call Chain = _printf_llx &rArr; _printf_ll_hex &rArr; _printf_longlong_hex &rArr; _printf_int_common &rArr; _printf_post_padding
</UL>
<BR>[Calls]<UL><LI><a href="#[dc]">&gt;&gt;</a>&nbsp;&nbsp;&nbsp;_printf_ll_hex
</UL>

<P><STRONG><a name="[212]"></a>_printf_l</STRONG> (Thumb, 0 bytes, Stack size unknown bytes, C:\Keil_v5\ARM\ARMCC\Bin\..\lib\armlib\c_w.l(_printf_l.o)(.ARM.Collect$$_printf_percent$$00000012))

<P><STRONG><a name="[dd]"></a>_printf_c</STRONG> (Thumb, 0 bytes, Stack size unknown bytes, C:\Keil_v5\ARM\ARMCC\Bin\..\lib\armlib\c_w.l(_printf_c.o)(.ARM.Collect$$_printf_percent$$00000013))
<BR><BR>[Stack]<UL><LI>Max Depth = 40 + Unknown Stack Size
<LI>Call Chain = _printf_c &rArr; _printf_char &rArr; _printf_cs_common &rArr; _printf_str &rArr; _printf_post_padding
</UL>
<BR>[Calls]<UL><LI><a href="#[de]">&gt;&gt;</a>&nbsp;&nbsp;&nbsp;_printf_char
</UL>

<P><STRONG><a name="[df]"></a>_printf_s</STRONG> (Thumb, 0 bytes, Stack size unknown bytes, C:\Keil_v5\ARM\ARMCC\Bin\..\lib\armlib\c_w.l(_printf_s.o)(.ARM.Collect$$_printf_percent$$00000014))
<BR><BR>[Stack]<UL><LI>Max Depth = 40 + Unknown Stack Size
<LI>Call Chain = _printf_s &rArr; _printf_string &rArr; _printf_cs_common &rArr; _printf_str &rArr; _printf_post_padding
</UL>
<BR>[Calls]<UL><LI><a href="#[e0]">&gt;&gt;</a>&nbsp;&nbsp;&nbsp;_printf_string
</UL>

<P><STRONG><a name="[e1]"></a>_printf_lc</STRONG> (Thumb, 0 bytes, Stack size unknown bytes, C:\Keil_v5\ARM\ARMCC\Bin\..\lib\armlib\c_w.l(_printf_lc.o)(.ARM.Collect$$_printf_percent$$00000015))
<BR><BR>[Stack]<UL><LI>Max Depth = 96 + Unknown Stack Size
<LI>Call Chain = _printf_lc &rArr; _printf_wchar &rArr; _printf_lcs_common &rArr; _printf_wctomb &rArr; _wcrtomb &rArr; __rt_ctype_table &rArr; __rt_locale
</UL>
<BR>[Calls]<UL><LI><a href="#[e2]">&gt;&gt;</a>&nbsp;&nbsp;&nbsp;_printf_wchar
</UL>

<P><STRONG><a name="[e3]"></a>_printf_ls</STRONG> (Thumb, 0 bytes, Stack size unknown bytes, C:\Keil_v5\ARM\ARMCC\Bin\..\lib\armlib\c_w.l(_printf_ls.o)(.ARM.Collect$$_printf_percent$$00000016))
<BR><BR>[Stack]<UL><LI>Max Depth = 96 + Unknown Stack Size
<LI>Call Chain = _printf_ls &rArr; _printf_wstring &rArr; _printf_lcs_common &rArr; _printf_wctomb &rArr; _wcrtomb &rArr; __rt_ctype_table &rArr; __rt_locale
</UL>
<BR>[Calls]<UL><LI><a href="#[e4]">&gt;&gt;</a>&nbsp;&nbsp;&nbsp;_printf_wstring
</UL>

<P><STRONG><a name="[213]"></a>_printf_percent_end</STRONG> (Thumb, 0 bytes, Stack size unknown bytes, C:\Keil_v5\ARM\ARMCC\Bin\..\lib\armlib\c_w.l(_printf_percent_end.o)(.ARM.Collect$$_printf_percent$$00000017))

<P><STRONG><a name="[1dd]"></a>__rt_lib_init</STRONG> (Thumb, 0 bytes, Stack size unknown bytes, C:\Keil_v5\ARM\ARMCC\Bin\..\lib\armlib\c_w.l(libinit.o)(.ARM.Collect$$libinit$$00000000))
<BR><BR>[Called By]<UL><LI><a href="#[b9]">&gt;&gt;</a>&nbsp;&nbsp;&nbsp;pre_main
</UL>

<P><STRONG><a name="[e5]"></a>__rt_lib_init_fp_1</STRONG> (Thumb, 0 bytes, Stack size unknown bytes, C:\Keil_v5\ARM\ARMCC\Bin\..\lib\armlib\c_w.l(libinit2.o)(.ARM.Collect$$libinit$$00000001))
<BR><BR>[Calls]<UL><LI><a href="#[e6]">&gt;&gt;</a>&nbsp;&nbsp;&nbsp;_fp_init
</UL>

<P><STRONG><a name="[e7]"></a>__rt_lib_init_heap_2</STRONG> (Thumb, 0 bytes, Stack size unknown bytes, C:\Keil_v5\ARM\ARMCC\Bin\..\lib\armlib\c_w.l(libinit2.o)(.ARM.Collect$$libinit$$00000005))
<BR><BR>[Stack]<UL><LI>Max Depth = 520 + Unknown Stack Size
<LI>Call Chain = __rt_lib_init_heap_2 &rArr; _init_alloc &rArr; __Heap_Initialize &rArr; _mutex_initialize &rArr; error &rArr; mbed_error_vfprintf &rArr; core_util_critical_section_exit &rArr; mbed_assert_internal &rArr;  mbed_die (Cycle)
</UL>
<BR>[Calls]<UL><LI><a href="#[e8]">&gt;&gt;</a>&nbsp;&nbsp;&nbsp;_init_alloc
</UL>

<P><STRONG><a name="[214]"></a>__rt_lib_init_preinit_1</STRONG> (Thumb, 0 bytes, Stack size unknown bytes, C:\Keil_v5\ARM\ARMCC\Bin\..\lib\armlib\c_w.l(libinit2.o)(.ARM.Collect$$libinit$$00000004))

<P><STRONG><a name="[215]"></a>__rt_lib_init_heap_1</STRONG> (Thumb, 0 bytes, Stack size unknown bytes, C:\Keil_v5\ARM\ARMCC\Bin\..\lib\armlib\c_w.l(libinit2.o)(.ARM.Collect$$libinit$$0000000A))

<P><STRONG><a name="[e9]"></a>__rt_lib_init_lc_common</STRONG> (Thumb, 0 bytes, Stack size unknown bytes, C:\Keil_v5\ARM\ARMCC\Bin\..\lib\armlib\c_w.l(libinit2.o)(.ARM.Collect$$libinit$$0000000F))
<BR><BR>[Stack]<UL><LI>Max Depth = 8 + Unknown Stack Size
<LI>Call Chain = __rt_lib_init_lc_common &rArr; __rt_locale
</UL>
<BR>[Calls]<UL><LI><a href="#[ea]">&gt;&gt;</a>&nbsp;&nbsp;&nbsp;__rt_locale
</UL>

<P><STRONG><a name="[216]"></a>__rt_lib_init_rand_1</STRONG> (Thumb, 0 bytes, Stack size unknown bytes, C:\Keil_v5\ARM\ARMCC\Bin\..\lib\armlib\c_w.l(libinit2.o)(.ARM.Collect$$libinit$$0000000E))

<P><STRONG><a name="[217]"></a>__rt_lib_init_user_alloc_1</STRONG> (Thumb, 0 bytes, Stack size unknown bytes, C:\Keil_v5\ARM\ARMCC\Bin\..\lib\armlib\c_w.l(libinit2.o)(.ARM.Collect$$libinit$$0000000C))

<P><STRONG><a name="[218]"></a>__rt_lib_init_lc_collate_1</STRONG> (Thumb, 0 bytes, Stack size unknown bytes, C:\Keil_v5\ARM\ARMCC\Bin\..\lib\armlib\c_w.l(libinit2.o)(.ARM.Collect$$libinit$$00000011))

<P><STRONG><a name="[eb]"></a>__rt_lib_init_lc_ctype_2</STRONG> (Thumb, 0 bytes, Stack size unknown bytes, C:\Keil_v5\ARM\ARMCC\Bin\..\lib\armlib\c_w.l(libinit2.o)(.ARM.Collect$$libinit$$00000012))
<BR><BR>[Stack]<UL><LI>Max Depth = 8 + Unknown Stack Size
<LI>Call Chain = __rt_lib_init_lc_ctype_2 &rArr; _get_lc_ctype
</UL>
<BR>[Calls]<UL><LI><a href="#[70]">&gt;&gt;</a>&nbsp;&nbsp;&nbsp;_get_lc_ctype
</UL>

<P><STRONG><a name="[219]"></a>__rt_lib_init_lc_ctype_1</STRONG> (Thumb, 0 bytes, Stack size unknown bytes, C:\Keil_v5\ARM\ARMCC\Bin\..\lib\armlib\c_w.l(libinit2.o)(.ARM.Collect$$libinit$$00000013))

<P><STRONG><a name="[21a]"></a>__rt_lib_init_lc_monetary_1</STRONG> (Thumb, 0 bytes, Stack size unknown bytes, C:\Keil_v5\ARM\ARMCC\Bin\..\lib\armlib\c_w.l(libinit2.o)(.ARM.Collect$$libinit$$00000015))

<P><STRONG><a name="[ec]"></a>__rt_lib_init_lc_numeric_2</STRONG> (Thumb, 0 bytes, Stack size unknown bytes, C:\Keil_v5\ARM\ARMCC\Bin\..\lib\armlib\c_w.l(libinit2.o)(.ARM.Collect$$libinit$$00000016))
<BR><BR>[Stack]<UL><LI>Max Depth = 8 + Unknown Stack Size
<LI>Call Chain = __rt_lib_init_lc_numeric_2 &rArr; _get_lc_numeric
</UL>
<BR>[Calls]<UL><LI><a href="#[ed]">&gt;&gt;</a>&nbsp;&nbsp;&nbsp;_get_lc_numeric
</UL>

<P><STRONG><a name="[21b]"></a>__rt_lib_init_atexit_1</STRONG> (Thumb, 0 bytes, Stack size unknown bytes, C:\Keil_v5\ARM\ARMCC\Bin\..\lib\armlib\c_w.l(libinit2.o)(.ARM.Collect$$libinit$$0000001B))

<P><STRONG><a name="[21c]"></a>__rt_lib_init_clock_1</STRONG> (Thumb, 0 bytes, Stack size unknown bytes, C:\Keil_v5\ARM\ARMCC\Bin\..\lib\armlib\c_w.l(libinit2.o)(.ARM.Collect$$libinit$$00000021))

<P><STRONG><a name="[21d]"></a>__rt_lib_init_fp_trap_1</STRONG> (Thumb, 0 bytes, Stack size unknown bytes, C:\Keil_v5\ARM\ARMCC\Bin\..\lib\armlib\c_w.l(libinit2.o)(.ARM.Collect$$libinit$$0000001F))

<P><STRONG><a name="[21e]"></a>__rt_lib_init_getenv_1</STRONG> (Thumb, 0 bytes, Stack size unknown bytes, C:\Keil_v5\ARM\ARMCC\Bin\..\lib\armlib\c_w.l(libinit2.o)(.ARM.Collect$$libinit$$00000023))

<P><STRONG><a name="[21f]"></a>__rt_lib_init_lc_numeric_1</STRONG> (Thumb, 0 bytes, Stack size unknown bytes, C:\Keil_v5\ARM\ARMCC\Bin\..\lib\armlib\c_w.l(libinit2.o)(.ARM.Collect$$libinit$$00000017))

<P><STRONG><a name="[220]"></a>__rt_lib_init_lc_time_1</STRONG> (Thumb, 0 bytes, Stack size unknown bytes, C:\Keil_v5\ARM\ARMCC\Bin\..\lib\armlib\c_w.l(libinit2.o)(.ARM.Collect$$libinit$$00000019))

<P><STRONG><a name="[221]"></a>__rt_lib_init_signal_1</STRONG> (Thumb, 0 bytes, Stack size unknown bytes, C:\Keil_v5\ARM\ARMCC\Bin\..\lib\armlib\c_w.l(libinit2.o)(.ARM.Collect$$libinit$$0000001D))

<P><STRONG><a name="[ee]"></a>__rt_lib_init_stdio_2</STRONG> (Thumb, 0 bytes, Stack size unknown bytes, C:\Keil_v5\ARM\ARMCC\Bin\..\lib\armlib\c_w.l(libinit2.o)(.ARM.Collect$$libinit$$00000024))
<BR><BR>[Stack]<UL><LI>Max Depth = 504 + Unknown Stack Size
<LI>Call Chain = __rt_lib_init_stdio_2 &rArr; _initio &rArr; _mutex_initialize &rArr; error &rArr; mbed_error_vfprintf &rArr; core_util_critical_section_exit &rArr; mbed_assert_internal &rArr;  mbed_die (Cycle)
</UL>
<BR>[Calls]<UL><LI><a href="#[ef]">&gt;&gt;</a>&nbsp;&nbsp;&nbsp;_initio
</UL>

<P><STRONG><a name="[222]"></a>__rt_lib_init_alloca_1</STRONG> (Thumb, 0 bytes, Stack size unknown bytes, C:\Keil_v5\ARM\ARMCC\Bin\..\lib\armlib\c_w.l(libinit2.o)(.ARM.Collect$$libinit$$0000002E))

<P><STRONG><a name="[223]"></a>__rt_lib_init_argv_1</STRONG> (Thumb, 0 bytes, Stack size unknown bytes, C:\Keil_v5\ARM\ARMCC\Bin\..\lib\armlib\c_w.l(libinit2.o)(.ARM.Collect$$libinit$$0000002C))

<P><STRONG><a name="[f0]"></a>__rt_lib_init_cpp_2</STRONG> (Thumb, 0 bytes, Stack size unknown bytes, C:\Keil_v5\ARM\ARMCC\Bin\..\lib\armlib\c_w.l(libinit2.o)(.ARM.Collect$$libinit$$00000031))
<BR><BR>[Stack]<UL><LI>Max Depth = 16 + Unknown Stack Size
<LI>Call Chain = __rt_lib_init_cpp_2 &rArr; __cpp_initialize__aeabi_
</UL>
<BR>[Calls]<UL><LI><a href="#[be]">&gt;&gt;</a>&nbsp;&nbsp;&nbsp;__cpp_initialize__aeabi_
</UL>

<P><STRONG><a name="[224]"></a>__rt_lib_init_exceptions_1</STRONG> (Thumb, 0 bytes, Stack size unknown bytes, C:\Keil_v5\ARM\ARMCC\Bin\..\lib\armlib\c_w.l(libinit2.o)(.ARM.Collect$$libinit$$00000030))

<P><STRONG><a name="[225]"></a>__rt_lib_init_stdio_1</STRONG> (Thumb, 0 bytes, Stack size unknown bytes, C:\Keil_v5\ARM\ARMCC\Bin\..\lib\armlib\c_w.l(libinit2.o)(.ARM.Collect$$libinit$$00000025))

<P><STRONG><a name="[226]"></a>__rt_lib_init_cpp_1</STRONG> (Thumb, 0 bytes, Stack size unknown bytes, C:\Keil_v5\ARM\ARMCC\Bin\..\lib\armlib\c_w.l(libinit2.o)(.ARM.Collect$$libinit$$00000032))

<P><STRONG><a name="[227]"></a>__rt_lib_init_return</STRONG> (Thumb, 0 bytes, Stack size unknown bytes, C:\Keil_v5\ARM\ARMCC\Bin\..\lib\armlib\c_w.l(libinit2.o)(.ARM.Collect$$libinit$$00000033))

<P><STRONG><a name="[228]"></a>__rt_lib_shutdown_stdio_2</STRONG> (Thumb, 0 bytes, Stack size 0 bytes, C:\Keil_v5\ARM\ARMCC\Bin\..\lib\armlib\c_w.l(libshutdown2.o)(.ARM.Collect$$libshutdown$$00000003))

<P><STRONG><a name="[229]"></a>rt_set_PSP</STRONG> (Thumb, 6 bytes, Stack size 0 bytes, .\build\hal_cm4.o(.emb_text), UNUSED)

<P><STRONG><a name="[1fe]"></a>rt_get_PSP</STRONG> (Thumb, 6 bytes, Stack size 0 bytes, .\build\hal_cm4.o(.emb_text))
<BR><BR>[Called By]<UL><LI><a href="#[1fd]">&gt;&gt;</a>&nbsp;&nbsp;&nbsp;rt_tsk_delete
</UL>

<P><STRONG><a name="[22a]"></a>os_set_env</STRONG> (Thumb, 24 bytes, Stack size 0 bytes, .\build\hal_cm4.o(.emb_text), UNUSED)

<P><STRONG><a name="[22b]"></a>_alloc_box</STRONG> (Thumb, 28 bytes, Stack size 0 bytes, .\build\hal_cm4.o(.emb_text), UNUSED)

<P><STRONG><a name="[22c]"></a>_free_box</STRONG> (Thumb, 28 bytes, Stack size 0 bytes, .\build\hal_cm4.o(.emb_text), UNUSED)

<P><STRONG><a name="[14]"></a>SVC_Handler</STRONG> (Thumb, 168 bytes, Stack size 0 bytes, .\build\hal_cm4.o(.emb_text))
<BR><BR>[Stack]<UL><LI>Max Depth = 504 + Unknown Stack Size
<LI>Call Chain = SVC_Handler &rArr; rt_stk_check &rArr; os_error &rArr; error &rArr; mbed_error_vfprintf &rArr; core_util_critical_section_exit &rArr; mbed_assert_internal &rArr;  mbed_die (Cycle)
</UL>
<BR>[Calls]<UL><LI><a href="#[f1]">&gt;&gt;</a>&nbsp;&nbsp;&nbsp;rt_stk_check
</UL>
<BR>[Address Reference Count : 1]<UL><LI> startup_STM32F407xx.o(RESET)
</UL>
<P><STRONG><a name="[16]"></a>PendSV_Handler</STRONG> (Thumb, 96 bytes, Stack size 0 bytes, .\build\hal_cm4.o(.emb_text))
<BR><BR>[Stack]<UL><LI>Max Depth = 536 + Unknown Stack Size
<LI>Call Chain = PendSV_Handler &rArr; rt_pop_req &rArr; rt_mbx_psh &rArr; os_error &rArr; error &rArr; mbed_error_vfprintf &rArr; core_util_critical_section_exit &rArr; mbed_assert_internal &rArr;  mbed_die (Cycle)
</UL>
<BR>[Calls]<UL><LI><a href="#[f1]">&gt;&gt;</a>&nbsp;&nbsp;&nbsp;rt_stk_check
<LI><a href="#[f2]">&gt;&gt;</a>&nbsp;&nbsp;&nbsp;rt_pop_req
</UL>
<BR>[Address Reference Count : 1]<UL><LI> startup_STM32F407xx.o(RESET)
</UL>
<P><STRONG><a name="[17]"></a>SysTick_Handler</STRONG> (Thumb, 8 bytes, Stack size 0 bytes, .\build\hal_cm4.o(.emb_text))
<BR><BR>[Stack]<UL><LI>Max Depth = 576 + Unknown Stack Size
<LI>Call Chain = SysTick_Handler &rArr; rt_systick &rArr; sysTimerTick &rArr; isrMessagePut &rArr; isr_mbx_send &rArr; rt_psq_enq &rArr; os_error &rArr; error &rArr; mbed_error_vfprintf &rArr; core_util_critical_section_exit &rArr; mbed_assert_internal &rArr;  mbed_die (Cycle)
</UL>
<BR>[Calls]<UL><LI><a href="#[f3]">&gt;&gt;</a>&nbsp;&nbsp;&nbsp;rt_systick
</UL>
<BR>[Address Reference Count : 1]<UL><LI> startup_STM32F407xx.o(RESET)
</UL>
<P><STRONG><a name="[f4]"></a>OS_Tick_Handler</STRONG> (Thumb, 12 bytes, Stack size 0 bytes, .\build\hal_cm4.o(.emb_text), UNUSED)
<BR><BR>[Calls]<UL><LI><a href="#[f3]">&gt;&gt;</a>&nbsp;&nbsp;&nbsp;rt_systick
<LI><a href="#[f5]">&gt;&gt;</a>&nbsp;&nbsp;&nbsp;os_tick_irqack
</UL>

<P><STRONG><a name="[c0]"></a>__rt_entry</STRONG> (Thumb, 40 bytes, Stack size 0 bytes, .\build\rtx_conf_cm.o(.emb_text))
<BR><BR>[Stack]<UL><LI>Max Depth = 296<LI>Call Chain = __rt_entry &rArr; _platform_post_stackheap_init &rArr; mbed_sdk_init &rArr; SetSysClock &rArr; SetSysClock_PLL_HSE &rArr; HAL_RCC_ClockConfig &rArr; HAL_InitTick &rArr; HAL_TIM_OC_Init &rArr; TIM_Base_SetConfig
</UL>
<BR>[Calls]<UL><LI><a href="#[f7]">&gt;&gt;</a>&nbsp;&nbsp;&nbsp;_platform_post_stackheap_init
<LI><a href="#[f6]">&gt;&gt;</a>&nbsp;&nbsp;&nbsp;__user_setup_stackheap
<LI><a href="#[f9]">&gt;&gt;</a>&nbsp;&nbsp;&nbsp;set_main_stack
<LI><a href="#[fa]">&gt;&gt;</a>&nbsp;&nbsp;&nbsp;osThreadCreate
<LI><a href="#[fb]">&gt;&gt;</a>&nbsp;&nbsp;&nbsp;osKernelStart
<LI><a href="#[f8]">&gt;&gt;</a>&nbsp;&nbsp;&nbsp;osKernelInitialize
</UL>
<BR>[Called By]<UL><LI><a href="#[bb]">&gt;&gt;</a>&nbsp;&nbsp;&nbsp;__main
<LI><a href="#[c1]">&gt;&gt;</a>&nbsp;&nbsp;&nbsp;__scatterload_rt2
</UL>

<P><STRONG><a name="[e]"></a>Reset_Handler</STRONG> (Thumb, 8 bytes, Stack size 0 bytes, mbed/TARGET_ARCH_MAX/TOOLCHAIN_ARM_STD/startup_STM32F407xx.o(.text))
<BR>[Address Reference Count : 1]<UL><LI> startup_STM32F407xx.o(RESET)
</UL>
<P><STRONG><a name="[22d]"></a>_maybe_terminate_alloc</STRONG> (Thumb, 0 bytes, Stack size 0 bytes, C:\Keil_v5\ARM\ARMCC\Bin\..\lib\armlib\c_w.l(maybetermalloc1.o)(.emb_text), UNUSED)

<P><STRONG><a name="[f]"></a>NMI_Handler</STRONG> (Thumb, 2 bytes, Stack size 0 bytes, mbed/TARGET_ARCH_MAX/TOOLCHAIN_ARM_STD/startup_STM32F407xx.o(.text))
<BR><BR>[Calls]<UL><LI><a href="#[f]">&gt;&gt;</a>&nbsp;&nbsp;&nbsp;NMI_Handler
</UL>
<BR>[Called By]<UL><LI><a href="#[f]">&gt;&gt;</a>&nbsp;&nbsp;&nbsp;NMI_Handler
</UL>
<BR>[Address Reference Count : 1]<UL><LI> startup_STM32F407xx.o(RESET)
</UL>
<P><STRONG><a name="[10]"></a>HardFault_Handler</STRONG> (Thumb, 2 bytes, Stack size 0 bytes, mbed/TARGET_ARCH_MAX/TOOLCHAIN_ARM_STD/startup_STM32F407xx.o(.text))
<BR><BR>[Calls]<UL><LI><a href="#[10]">&gt;&gt;</a>&nbsp;&nbsp;&nbsp;HardFault_Handler
</UL>
<BR>[Called By]<UL><LI><a href="#[10]">&gt;&gt;</a>&nbsp;&nbsp;&nbsp;HardFault_Handler
</UL>
<BR>[Address Reference Count : 1]<UL><LI> startup_STM32F407xx.o(RESET)
</UL>
<P><STRONG><a name="[11]"></a>MemManage_Handler</STRONG> (Thumb, 2 bytes, Stack size 0 bytes, mbed/TARGET_ARCH_MAX/TOOLCHAIN_ARM_STD/startup_STM32F407xx.o(.text))
<BR><BR>[Calls]<UL><LI><a href="#[11]">&gt;&gt;</a>&nbsp;&nbsp;&nbsp;MemManage_Handler
</UL>
<BR>[Called By]<UL><LI><a href="#[11]">&gt;&gt;</a>&nbsp;&nbsp;&nbsp;MemManage_Handler
</UL>
<BR>[Address Reference Count : 1]<UL><LI> startup_STM32F407xx.o(RESET)
</UL>
<P><STRONG><a name="[12]"></a>BusFault_Handler</STRONG> (Thumb, 2 bytes, Stack size 0 bytes, mbed/TARGET_ARCH_MAX/TOOLCHAIN_ARM_STD/startup_STM32F407xx.o(.text))
<BR><BR>[Calls]<UL><LI><a href="#[12]">&gt;&gt;</a>&nbsp;&nbsp;&nbsp;BusFault_Handler
</UL>
<BR>[Called By]<UL><LI><a href="#[12]">&gt;&gt;</a>&nbsp;&nbsp;&nbsp;BusFault_Handler
</UL>
<BR>[Address Reference Count : 1]<UL><LI> startup_STM32F407xx.o(RESET)
</UL>
<P><STRONG><a name="[13]"></a>UsageFault_Handler</STRONG> (Thumb, 2 bytes, Stack size 0 bytes, mbed/TARGET_ARCH_MAX/TOOLCHAIN_ARM_STD/startup_STM32F407xx.o(.text))
<BR><BR>[Calls]<UL><LI><a href="#[13]">&gt;&gt;</a>&nbsp;&nbsp;&nbsp;UsageFault_Handler
</UL>
<BR>[Called By]<UL><LI><a href="#[13]">&gt;&gt;</a>&nbsp;&nbsp;&nbsp;UsageFault_Handler
</UL>
<BR>[Address Reference Count : 1]<UL><LI> startup_STM32F407xx.o(RESET)
</UL>
<P><STRONG><a name="[15]"></a>DebugMon_Handler</STRONG> (Thumb, 2 bytes, Stack size 0 bytes, mbed/TARGET_ARCH_MAX/TOOLCHAIN_ARM_STD/startup_STM32F407xx.o(.text))
<BR><BR>[Calls]<UL><LI><a href="#[15]">&gt;&gt;</a>&nbsp;&nbsp;&nbsp;DebugMon_Handler
</UL>
<BR>[Called By]<UL><LI><a href="#[15]">&gt;&gt;</a>&nbsp;&nbsp;&nbsp;DebugMon_Handler
</UL>
<BR>[Address Reference Count : 1]<UL><LI> startup_STM32F407xx.o(RESET)
</UL>
<P><STRONG><a name="[2a]"></a>ADC_IRQHandler</STRONG> (Thumb, 0 bytes, Stack size 0 bytes, mbed/TARGET_ARCH_MAX/TOOLCHAIN_ARM_STD/startup_STM32F407xx.o(.text))
<BR><BR>[Calls]<UL><LI><a href="#[2a]">&gt;&gt;</a>&nbsp;&nbsp;&nbsp;ADC_IRQHandler
</UL>
<BR>[Called By]<UL><LI><a href="#[2a]">&gt;&gt;</a>&nbsp;&nbsp;&nbsp;ADC_IRQHandler
</UL>
<BR>[Address Reference Count : 1]<UL><LI> startup_STM32F407xx.o(RESET)
</UL>
<P><STRONG><a name="[2c]"></a>CAN1_RX0_IRQHandler</STRONG> (Thumb, 0 bytes, Stack size 0 bytes, mbed/TARGET_ARCH_MAX/TOOLCHAIN_ARM_STD/startup_STM32F407xx.o(.text))
<BR>[Address Reference Count : 1]<UL><LI> startup_STM32F407xx.o(RESET)
</UL>
<P><STRONG><a name="[2d]"></a>CAN1_RX1_IRQHandler</STRONG> (Thumb, 0 bytes, Stack size 0 bytes, mbed/TARGET_ARCH_MAX/TOOLCHAIN_ARM_STD/startup_STM32F407xx.o(.text))
<BR>[Address Reference Count : 1]<UL><LI> startup_STM32F407xx.o(RESET)
</UL>
<P><STRONG><a name="[2e]"></a>CAN1_SCE_IRQHandler</STRONG> (Thumb, 0 bytes, Stack size 0 bytes, mbed/TARGET_ARCH_MAX/TOOLCHAIN_ARM_STD/startup_STM32F407xx.o(.text))
<BR>[Address Reference Count : 1]<UL><LI> startup_STM32F407xx.o(RESET)
</UL>
<P><STRONG><a name="[2b]"></a>CAN1_TX_IRQHandler</STRONG> (Thumb, 0 bytes, Stack size 0 bytes, mbed/TARGET_ARCH_MAX/TOOLCHAIN_ARM_STD/startup_STM32F407xx.o(.text))
<BR>[Address Reference Count : 1]<UL><LI> startup_STM32F407xx.o(RESET)
</UL>
<P><STRONG><a name="[58]"></a>CAN2_RX0_IRQHandler</STRONG> (Thumb, 0 bytes, Stack size 0 bytes, mbed/TARGET_ARCH_MAX/TOOLCHAIN_ARM_STD/startup_STM32F407xx.o(.text))
<BR>[Address Reference Count : 1]<UL><LI> startup_STM32F407xx.o(RESET)
</UL>
<P><STRONG><a name="[59]"></a>CAN2_RX1_IRQHandler</STRONG> (Thumb, 0 bytes, Stack size 0 bytes, mbed/TARGET_ARCH_MAX/TOOLCHAIN_ARM_STD/startup_STM32F407xx.o(.text))
<BR>[Address Reference Count : 1]<UL><LI> startup_STM32F407xx.o(RESET)
</UL>
<P><STRONG><a name="[5a]"></a>CAN2_SCE_IRQHandler</STRONG> (Thumb, 0 bytes, Stack size 0 bytes, mbed/TARGET_ARCH_MAX/TOOLCHAIN_ARM_STD/startup_STM32F407xx.o(.text))
<BR>[Address Reference Count : 1]<UL><LI> startup_STM32F407xx.o(RESET)
</UL>
<P><STRONG><a name="[57]"></a>CAN2_TX_IRQHandler</STRONG> (Thumb, 0 bytes, Stack size 0 bytes, mbed/TARGET_ARCH_MAX/TOOLCHAIN_ARM_STD/startup_STM32F407xx.o(.text))
<BR>[Address Reference Count : 1]<UL><LI> startup_STM32F407xx.o(RESET)
</UL>
<P><STRONG><a name="[66]"></a>DCMI_IRQHandler</STRONG> (Thumb, 0 bytes, Stack size 0 bytes, mbed/TARGET_ARCH_MAX/TOOLCHAIN_ARM_STD/startup_STM32F407xx.o(.text))
<BR>[Address Reference Count : 1]<UL><LI> startup_STM32F407xx.o(RESET)
</UL>
<P><STRONG><a name="[23]"></a>DMA1_Stream0_IRQHandler</STRONG> (Thumb, 0 bytes, Stack size 0 bytes, mbed/TARGET_ARCH_MAX/TOOLCHAIN_ARM_STD/startup_STM32F407xx.o(.text))
<BR>[Address Reference Count : 1]<UL><LI> startup_STM32F407xx.o(RESET)
</UL>
<P><STRONG><a name="[24]"></a>DMA1_Stream1_IRQHandler</STRONG> (Thumb, 0 bytes, Stack size 0 bytes, mbed/TARGET_ARCH_MAX/TOOLCHAIN_ARM_STD/startup_STM32F407xx.o(.text))
<BR>[Address Reference Count : 1]<UL><LI> startup_STM32F407xx.o(RESET)
</UL>
<P><STRONG><a name="[25]"></a>DMA1_Stream2_IRQHandler</STRONG> (Thumb, 0 bytes, Stack size 0 bytes, mbed/TARGET_ARCH_MAX/TOOLCHAIN_ARM_STD/startup_STM32F407xx.o(.text))
<BR>[Address Reference Count : 1]<UL><LI> startup_STM32F407xx.o(RESET)
</UL>
<P><STRONG><a name="[26]"></a>DMA1_Stream3_IRQHandler</STRONG> (Thumb, 0 bytes, Stack size 0 bytes, mbed/TARGET_ARCH_MAX/TOOLCHAIN_ARM_STD/startup_STM32F407xx.o(.text))
<BR>[Address Reference Count : 1]<UL><LI> startup_STM32F407xx.o(RESET)
</UL>
<P><STRONG><a name="[27]"></a>DMA1_Stream4_IRQHandler</STRONG> (Thumb, 0 bytes, Stack size 0 bytes, mbed/TARGET_ARCH_MAX/TOOLCHAIN_ARM_STD/startup_STM32F407xx.o(.text))
<BR>[Address Reference Count : 1]<UL><LI> startup_STM32F407xx.o(RESET)
</UL>
<P><STRONG><a name="[28]"></a>DMA1_Stream5_IRQHandler</STRONG> (Thumb, 0 bytes, Stack size 0 bytes, mbed/TARGET_ARCH_MAX/TOOLCHAIN_ARM_STD/startup_STM32F407xx.o(.text))
<BR>[Address Reference Count : 1]<UL><LI> startup_STM32F407xx.o(RESET)
</UL>
<P><STRONG><a name="[29]"></a>DMA1_Stream6_IRQHandler</STRONG> (Thumb, 0 bytes, Stack size 0 bytes, mbed/TARGET_ARCH_MAX/TOOLCHAIN_ARM_STD/startup_STM32F407xx.o(.text))
<BR>[Address Reference Count : 1]<UL><LI> startup_STM32F407xx.o(RESET)
</UL>
<P><STRONG><a name="[47]"></a>DMA1_Stream7_IRQHandler</STRONG> (Thumb, 0 bytes, Stack size 0 bytes, mbed/TARGET_ARCH_MAX/TOOLCHAIN_ARM_STD/startup_STM32F407xx.o(.text))
<BR>[Address Reference Count : 1]<UL><LI> startup_STM32F407xx.o(RESET)
</UL>
<P><STRONG><a name="[50]"></a>DMA2_Stream0_IRQHandler</STRONG> (Thumb, 0 bytes, Stack size 0 bytes, mbed/TARGET_ARCH_MAX/TOOLCHAIN_ARM_STD/startup_STM32F407xx.o(.text))
<BR>[Address Reference Count : 1]<UL><LI> startup_STM32F407xx.o(RESET)
</UL>
<P><STRONG><a name="[51]"></a>DMA2_Stream1_IRQHandler</STRONG> (Thumb, 0 bytes, Stack size 0 bytes, mbed/TARGET_ARCH_MAX/TOOLCHAIN_ARM_STD/startup_STM32F407xx.o(.text))
<BR>[Address Reference Count : 1]<UL><LI> startup_STM32F407xx.o(RESET)
</UL>
<P><STRONG><a name="[52]"></a>DMA2_Stream2_IRQHandler</STRONG> (Thumb, 0 bytes, Stack size 0 bytes, mbed/TARGET_ARCH_MAX/TOOLCHAIN_ARM_STD/startup_STM32F407xx.o(.text))
<BR>[Address Reference Count : 1]<UL><LI> startup_STM32F407xx.o(RESET)
</UL>
<P><STRONG><a name="[53]"></a>DMA2_Stream3_IRQHandler</STRONG> (Thumb, 0 bytes, Stack size 0 bytes, mbed/TARGET_ARCH_MAX/TOOLCHAIN_ARM_STD/startup_STM32F407xx.o(.text))
<BR>[Address Reference Count : 1]<UL><LI> startup_STM32F407xx.o(RESET)
</UL>
<P><STRONG><a name="[54]"></a>DMA2_Stream4_IRQHandler</STRONG> (Thumb, 0 bytes, Stack size 0 bytes, mbed/TARGET_ARCH_MAX/TOOLCHAIN_ARM_STD/startup_STM32F407xx.o(.text))
<BR>[Address Reference Count : 1]<UL><LI> startup_STM32F407xx.o(RESET)
</UL>
<P><STRONG><a name="[5c]"></a>DMA2_Stream5_IRQHandler</STRONG> (Thumb, 0 bytes, Stack size 0 bytes, mbed/TARGET_ARCH_MAX/TOOLCHAIN_ARM_STD/startup_STM32F407xx.o(.text))
<BR>[Address Reference Count : 1]<UL><LI> startup_STM32F407xx.o(RESET)
</UL>
<P><STRONG><a name="[5d]"></a>DMA2_Stream6_IRQHandler</STRONG> (Thumb, 0 bytes, Stack size 0 bytes, mbed/TARGET_ARCH_MAX/TOOLCHAIN_ARM_STD/startup_STM32F407xx.o(.text))
<BR>[Address Reference Count : 1]<UL><LI> startup_STM32F407xx.o(RESET)
</UL>
<P><STRONG><a name="[5e]"></a>DMA2_Stream7_IRQHandler</STRONG> (Thumb, 0 bytes, Stack size 0 bytes, mbed/TARGET_ARCH_MAX/TOOLCHAIN_ARM_STD/startup_STM32F407xx.o(.text))
<BR>[Address Reference Count : 1]<UL><LI> startup_STM32F407xx.o(RESET)
</UL>
<P><STRONG><a name="[55]"></a>ETH_IRQHandler</STRONG> (Thumb, 0 bytes, Stack size 0 bytes, mbed/TARGET_ARCH_MAX/TOOLCHAIN_ARM_STD/startup_STM32F407xx.o(.text))
<BR>[Address Reference Count : 1]<UL><LI> startup_STM32F407xx.o(RESET)
</UL>
<P><STRONG><a name="[56]"></a>ETH_WKUP_IRQHandler</STRONG> (Thumb, 0 bytes, Stack size 0 bytes, mbed/TARGET_ARCH_MAX/TOOLCHAIN_ARM_STD/startup_STM32F407xx.o(.text))
<BR>[Address Reference Count : 1]<UL><LI> startup_STM32F407xx.o(RESET)
</UL>
<P><STRONG><a name="[1e]"></a>EXTI0_IRQHandler</STRONG> (Thumb, 0 bytes, Stack size 0 bytes, mbed/TARGET_ARCH_MAX/TOOLCHAIN_ARM_STD/startup_STM32F407xx.o(.text))
<BR>[Address Reference Count : 1]<UL><LI> startup_STM32F407xx.o(RESET)
</UL>
<P><STRONG><a name="[40]"></a>EXTI15_10_IRQHandler</STRONG> (Thumb, 0 bytes, Stack size 0 bytes, mbed/TARGET_ARCH_MAX/TOOLCHAIN_ARM_STD/startup_STM32F407xx.o(.text))
<BR>[Address Reference Count : 1]<UL><LI> startup_STM32F407xx.o(RESET)
</UL>
<P><STRONG><a name="[1f]"></a>EXTI1_IRQHandler</STRONG> (Thumb, 0 bytes, Stack size 0 bytes, mbed/TARGET_ARCH_MAX/TOOLCHAIN_ARM_STD/startup_STM32F407xx.o(.text))
<BR>[Address Reference Count : 1]<UL><LI> startup_STM32F407xx.o(RESET)
</UL>
<P><STRONG><a name="[20]"></a>EXTI2_IRQHandler</STRONG> (Thumb, 0 bytes, Stack size 0 bytes, mbed/TARGET_ARCH_MAX/TOOLCHAIN_ARM_STD/startup_STM32F407xx.o(.text))
<BR>[Address Reference Count : 1]<UL><LI> startup_STM32F407xx.o(RESET)
</UL>
<P><STRONG><a name="[21]"></a>EXTI3_IRQHandler</STRONG> (Thumb, 0 bytes, Stack size 0 bytes, mbed/TARGET_ARCH_MAX/TOOLCHAIN_ARM_STD/startup_STM32F407xx.o(.text))
<BR>[Address Reference Count : 1]<UL><LI> startup_STM32F407xx.o(RESET)
</UL>
<P><STRONG><a name="[22]"></a>EXTI4_IRQHandler</STRONG> (Thumb, 0 bytes, Stack size 0 bytes, mbed/TARGET_ARCH_MAX/TOOLCHAIN_ARM_STD/startup_STM32F407xx.o(.text))
<BR>[Address Reference Count : 1]<UL><LI> startup_STM32F407xx.o(RESET)
</UL>
<P><STRONG><a name="[2f]"></a>EXTI9_5_IRQHandler</STRONG> (Thumb, 0 bytes, Stack size 0 bytes, mbed/TARGET_ARCH_MAX/TOOLCHAIN_ARM_STD/startup_STM32F407xx.o(.text))
<BR>[Address Reference Count : 1]<UL><LI> startup_STM32F407xx.o(RESET)
</UL>
<P><STRONG><a name="[1c]"></a>FLASH_IRQHandler</STRONG> (Thumb, 0 bytes, Stack size 0 bytes, mbed/TARGET_ARCH_MAX/TOOLCHAIN_ARM_STD/startup_STM32F407xx.o(.text))
<BR>[Address Reference Count : 1]<UL><LI> startup_STM32F407xx.o(RESET)
</UL>
<P><STRONG><a name="[48]"></a>FMC_IRQHandler</STRONG> (Thumb, 0 bytes, Stack size 0 bytes, mbed/TARGET_ARCH_MAX/TOOLCHAIN_ARM_STD/startup_STM32F407xx.o(.text))
<BR>[Address Reference Count : 1]<UL><LI> startup_STM32F407xx.o(RESET)
</UL>
<P><STRONG><a name="[68]"></a>FPU_IRQHandler</STRONG> (Thumb, 0 bytes, Stack size 0 bytes, mbed/TARGET_ARCH_MAX/TOOLCHAIN_ARM_STD/startup_STM32F407xx.o(.text))
<BR>[Address Reference Count : 1]<UL><LI> startup_STM32F407xx.o(RESET)
</UL>
<P><STRONG><a name="[67]"></a>HASH_RNG_IRQHandler</STRONG> (Thumb, 0 bytes, Stack size 0 bytes, mbed/TARGET_ARCH_MAX/TOOLCHAIN_ARM_STD/startup_STM32F407xx.o(.text))
<BR>[Address Reference Count : 1]<UL><LI> startup_STM32F407xx.o(RESET)
</UL>
<P><STRONG><a name="[38]"></a>I2C1_ER_IRQHandler</STRONG> (Thumb, 0 bytes, Stack size 0 bytes, mbed/TARGET_ARCH_MAX/TOOLCHAIN_ARM_STD/startup_STM32F407xx.o(.text))
<BR>[Address Reference Count : 1]<UL><LI> startup_STM32F407xx.o(RESET)
</UL>
<P><STRONG><a name="[37]"></a>I2C1_EV_IRQHandler</STRONG> (Thumb, 0 bytes, Stack size 0 bytes, mbed/TARGET_ARCH_MAX/TOOLCHAIN_ARM_STD/startup_STM32F407xx.o(.text))
<BR>[Address Reference Count : 1]<UL><LI> startup_STM32F407xx.o(RESET)
</UL>
<P><STRONG><a name="[3a]"></a>I2C2_ER_IRQHandler</STRONG> (Thumb, 0 bytes, Stack size 0 bytes, mbed/TARGET_ARCH_MAX/TOOLCHAIN_ARM_STD/startup_STM32F407xx.o(.text))
<BR>[Address Reference Count : 1]<UL><LI> startup_STM32F407xx.o(RESET)
</UL>
<P><STRONG><a name="[39]"></a>I2C2_EV_IRQHandler</STRONG> (Thumb, 0 bytes, Stack size 0 bytes, mbed/TARGET_ARCH_MAX/TOOLCHAIN_ARM_STD/startup_STM32F407xx.o(.text))
<BR>[Address Reference Count : 1]<UL><LI> startup_STM32F407xx.o(RESET)
</UL>
<P><STRONG><a name="[61]"></a>I2C3_ER_IRQHandler</STRONG> (Thumb, 0 bytes, Stack size 0 bytes, mbed/TARGET_ARCH_MAX/TOOLCHAIN_ARM_STD/startup_STM32F407xx.o(.text))
<BR>[Address Reference Count : 1]<UL><LI> startup_STM32F407xx.o(RESET)
</UL>
<P><STRONG><a name="[60]"></a>I2C3_EV_IRQHandler</STRONG> (Thumb, 0 bytes, Stack size 0 bytes, mbed/TARGET_ARCH_MAX/TOOLCHAIN_ARM_STD/startup_STM32F407xx.o(.text))
<BR>[Address Reference Count : 1]<UL><LI> startup_STM32F407xx.o(RESET)
</UL>
<P><STRONG><a name="[5b]"></a>OTG_FS_IRQHandler</STRONG> (Thumb, 0 bytes, Stack size 0 bytes, mbed/TARGET_ARCH_MAX/TOOLCHAIN_ARM_STD/startup_STM32F407xx.o(.text))
<BR>[Address Reference Count : 1]<UL><LI> startup_STM32F407xx.o(RESET)
</UL>
<P><STRONG><a name="[42]"></a>OTG_FS_WKUP_IRQHandler</STRONG> (Thumb, 0 bytes, Stack size 0 bytes, mbed/TARGET_ARCH_MAX/TOOLCHAIN_ARM_STD/startup_STM32F407xx.o(.text))
<BR>[Address Reference Count : 1]<UL><LI> startup_STM32F407xx.o(RESET)
</UL>
<P><STRONG><a name="[63]"></a>OTG_HS_EP1_IN_IRQHandler</STRONG> (Thumb, 0 bytes, Stack size 0 bytes, mbed/TARGET_ARCH_MAX/TOOLCHAIN_ARM_STD/startup_STM32F407xx.o(.text))
<BR>[Address Reference Count : 1]<UL><LI> startup_STM32F407xx.o(RESET)
</UL>
<P><STRONG><a name="[62]"></a>OTG_HS_EP1_OUT_IRQHandler</STRONG> (Thumb, 0 bytes, Stack size 0 bytes, mbed/TARGET_ARCH_MAX/TOOLCHAIN_ARM_STD/startup_STM32F407xx.o(.text))
<BR>[Address Reference Count : 1]<UL><LI> startup_STM32F407xx.o(RESET)
</UL>
<P><STRONG><a name="[65]"></a>OTG_HS_IRQHandler</STRONG> (Thumb, 0 bytes, Stack size 0 bytes, mbed/TARGET_ARCH_MAX/TOOLCHAIN_ARM_STD/startup_STM32F407xx.o(.text))
<BR>[Address Reference Count : 1]<UL><LI> startup_STM32F407xx.o(RESET)
</UL>
<P><STRONG><a name="[64]"></a>OTG_HS_WKUP_IRQHandler</STRONG> (Thumb, 0 bytes, Stack size 0 bytes, mbed/TARGET_ARCH_MAX/TOOLCHAIN_ARM_STD/startup_STM32F407xx.o(.text))
<BR>[Address Reference Count : 1]<UL><LI> startup_STM32F407xx.o(RESET)
</UL>
[...]
</UL>

<P><STRONG><a name="[252]"></a>mbed::Callback&lang;void()&rang;::Callback__sub_object(void(*)())</STRONG> (Thumb, 0 bytes, Stack size 8 bytes, .\build\main.o(t._ZN4mbed8CallbackIFvvEEC1EPS1_), UNUSED)

<P><STRONG><a name="[19c]"></a>mbed::Callback&lang;void()&rang;::Callback(const mbed::Callback&lang;void()&rang;&)</STRONG> (Thumb, 28 bytes, Stack size 16 bytes, .\build\thread.o(t._ZN4mbed8CallbackIFvvEEC1ERKS2_))
<BR><BR>[Stack]<UL><LI>Max Depth = 16<LI>Call Chain = mbed::Callback&lang;void()&rang;::Callback(const mbed::Callback&lang;void()&rang;&)
</UL>
<BR>[Called By]<UL><LI><a href="#[19a]">&gt;&gt;</a>&nbsp;&nbsp;&nbsp;rtos::Thread::constructor(mbed::Callback&lang;void()&rang;, osPriority, unsigned, unsigned char*)
<LI><a href="#[19d]">&gt;&gt;</a>&nbsp;&nbsp;&nbsp;rtos::Thread::start(mbed::Callback&lang;void()&rang;)
</UL>

<P><STRONG><a name="[253]"></a>mbed::Callback&lang;void()&rang;::Callback__sub_object(const mbed::Callback&lang;void()&rang;&)</STRONG> (Thumb, 0 bytes, Stack size 16 bytes, .\build\thread.o(t._ZN4mbed8CallbackIFvvEEC1ERKS2_), UNUSED)

<P><STRONG><a name="[74]"></a>mbed::Callback&lang;void()&rang;::~Callback()</STRONG> (Thumb, 18 bytes, Stack size 8 bytes, mbed/TARGET_ARCH_MAX/TOOLCHAIN_ARM_STD/mbed.ar(SerialBase.o)(t._ZN4mbed8CallbackIFvvEED1Ev))
<BR><BR>[Stack]<UL><LI>Max Depth = 8<LI>Call Chain = mbed::Callback&lang;void()&rang;::~Callback()
</UL>
<BR>[Called By]<UL><LI><a href="#[1a2]">&gt;&gt;</a>&nbsp;&nbsp;&nbsp;rtos::Thread::Thread(void(*)(const void*), void*, osPriority, unsigned, unsigned char*)
<LI><a href="#[19a]">&gt;&gt;</a>&nbsp;&nbsp;&nbsp;rtos::Thread::constructor(mbed::Callback&lang;void()&rang;, osPriority, unsigned, unsigned char*)
<LI><a href="#[19d]">&gt;&gt;</a>&nbsp;&nbsp;&nbsp;rtos::Thread::start(mbed::Callback&lang;void()&rang;)
</UL>
<BR>[Address Reference Count : 1]<UL><LI> SerialBase.o(i._ZN4mbed10SerialBaseD1Ev)
</UL>
<P><STRONG><a name="[254]"></a>mbed::Callback&lang;void()&rang;::~Callback__sub_object()</STRONG> (Thumb, 0 bytes, Stack size 8 bytes, mbed/TARGET_ARCH_MAX/TOOLCHAIN_ARM_STD/mbed.ar(SerialBase.o)(t._ZN4mbed8CallbackIFvvEED1Ev), UNUSED)

<P><STRONG><a name="[1a5]"></a>mbed::Callback&lang;T3()&rang; mbed::callback&lang;void, void, void&rang;(T3(*)(T1*), T2*)</STRONG> (Thumb, 90 bytes, Stack size 36 bytes, .\build\main.o(t._ZN4mbed8callbackIvvvEENS_8CallbackIFT1_vEEEPFS2_PT_EPT0_))
<BR><BR>[Stack]<UL><LI>Max Depth = 36<LI>Call Chain = mbed::Callback&lang;T3()&rang; mbed::callback&lang;void, void, void&rang;(T3(*)(T1*), T2*)
</UL>
<BR>[Called By]<UL><LI><a href="#[1a2]">&gt;&gt;</a>&nbsp;&nbsp;&nbsp;rtos::Thread::Thread(void(*)(const void*), void*, osPriority, unsigned, unsigned char*)
</UL>

<P><STRONG><a name="[e6]"></a>_fp_init</STRONG> (Thumb, 10 bytes, Stack size 0 bytes, C:\Keil_v5\ARM\ARMCC\Bin\..\lib\armlib\fz_wm.l(fpinit.o)(x$fpl$fpinit))
<BR><BR>[Called By]<UL><LI><a href="#[e5]">&gt;&gt;</a>&nbsp;&nbsp;&nbsp;__rt_lib_init_fp_1
</UL>

<P><STRONG><a name="[255]"></a>__fplib_config_fpu_vfp</STRONG> (Thumb, 0 bytes, Stack size unknown bytes, C:\Keil_v5\ARM\ARMCC\Bin\..\lib\armlib\fz_wm.l(fpinit.o)(x$fpl$fpinit), UNUSED)

<P><STRONG><a name="[256]"></a>__fplib_config_pureend_doubles</STRONG> (Thumb, 0 bytes, Stack size unknown bytes, C:\Keil_v5\ARM\ARMCC\Bin\..\lib\armlib\fz_wm.l(fpinit.o)(x$fpl$fpinit), UNUSED)

<P><STRONG><a name="[c8]"></a>_printf_fp_dec</STRONG> (Thumb, 4 bytes, Stack size 0 bytes, C:\Keil_v5\ARM\ARMCC\Bin\..\lib\armlib\fz_wm.l(printf1.o)(x$fpl$printf1))
<BR><BR>[Stack]<UL><LI>Max Depth = 320<LI>Call Chain = _printf_fp_dec &rArr; _printf_fp_dec_real &rArr; _fp_digits &rArr; _btod_etento &rArr; _btod_emul &rArr; _e2e
</UL>
<BR>[Calls]<UL><LI><a href="#[140]">&gt;&gt;</a>&nbsp;&nbsp;&nbsp;_printf_fp_dec_real
</UL>
<BR>[Called By]<UL><LI><a href="#[ca]">&gt;&gt;</a>&nbsp;&nbsp;&nbsp;_printf_g
<LI><a href="#[c9]">&gt;&gt;</a>&nbsp;&nbsp;&nbsp;_printf_e
<LI><a href="#[c7]">&gt;&gt;</a>&nbsp;&nbsp;&nbsp;_printf_f
</UL>

<P><STRONG><a name="[cc]"></a>_printf_fp_hex</STRONG> (Thumb, 4 bytes, Stack size 0 bytes, C:\Keil_v5\ARM\ARMCC\Bin\..\lib\armlib\fz_wm.l(printf2.o)(x$fpl$printf2))
<BR><BR>[Stack]<UL><LI>Max Depth = 112<LI>Call Chain = _printf_fp_hex &rArr; _printf_fp_hex_real &rArr; _printf_fp_infnan &rArr; _printf_post_padding
</UL>
<BR>[Calls]<UL><LI><a href="#[143]">&gt;&gt;</a>&nbsp;&nbsp;&nbsp;_printf_fp_hex_real
</UL>
<BR>[Called By]<UL><LI><a href="#[cb]">&gt;&gt;</a>&nbsp;&nbsp;&nbsp;_printf_a
</UL>
<P>
<H3>
Local Symbols
</H3>
<P><STRONG><a name="[b7]"></a>__sti___8_main_cpp_led1</STRONG> (Thumb, 118 bytes, Stack size 16 bytes, .\build\main.o(i.__sti___8_main_cpp_led1))
<BR><BR>[Stack]<UL><LI>Max Depth = 576 + Unknown Stack Size
<LI>Call Chain = __sti___8_main_cpp_led1 &rArr; mbed::Serial::Serial(PinName, PinName, const char*, int) &rArr; mbed::Stream::Stream__sub_object(const char*) &rArr; mbed::fdopen(mbed::FileHandle*, const char*) &rArr; mbed::mbed_fdopen(mbed::FileHandle*, const char*) &rArr; fopen &rArr; _mutex_initialize &rArr; error &rArr; mbed_error_vfprintf &rArr; core_util_critical_section_exit &rArr; mbed_assert_internal &rArr;  mbed_die (Cycle)
</UL>
<BR>[Calls]<UL><LI><a href="#[1a3]">&gt;&gt;</a>&nbsp;&nbsp;&nbsp;mbed::Callback&lang;void()&rang;::Callback(void(*)())
<LI><a href="#[16d]">&gt;&gt;</a>&nbsp;&nbsp;&nbsp;mbed::DigitalOut::DigitalOut(PinName)
<LI><a href="#[1a8]">&gt;&gt;</a>&nbsp;&nbsp;&nbsp;__aeabi_atexit
<LI><a href="#[187]">&gt;&gt;</a>&nbsp;&nbsp;&nbsp;mbed::Serial::Serial(PinName, PinName, const char*, int)
<LI><a href="#[180]">&gt;&gt;</a>&nbsp;&nbsp;&nbsp;mbed::TimerEvent::TimerEvent__sub_object()
</UL>
<BR>[Address Reference Count : 1]<UL><LI> main.o(.init_array)
</UL>
<P><STRONG><a name="[1b3]"></a>debug</STRONG> (Thumb, 20 bytes, Stack size 24 bytes, mbed/TARGET_ARCH_MAX/TOOLCHAIN_ARM_STD/serial_api.o(i.debug))
<BR><BR>[Stack]<UL><LI>Max Depth = 152 + Unknown Stack Size
<LI>Call Chain = debug &rArr; vfprintf &rArr; _printf_char_file &rArr; _printf_char_common &rArr; __printf
</UL>
<BR>[Calls]<UL><LI><a href="#[105]">&gt;&gt;</a>&nbsp;&nbsp;&nbsp;vfprintf
</UL>
<BR>[Called By]<UL><LI><a href="#[174]">&gt;&gt;</a>&nbsp;&nbsp;&nbsp;serial_baud
</UL>

<P><STRONG><a name="[90]"></a>uart1_irq</STRONG> (Thumb, 6 bytes, Stack size 0 bytes, mbed/TARGET_ARCH_MAX/TOOLCHAIN_ARM_STD/serial_device.o(i.uart1_irq))
<BR><BR>[Stack]<UL><LI>Max Depth = 24<LI>Call Chain = uart1_irq &rArr; uart_irq
</UL>
<BR>[Calls]<UL><LI><a href="#[20c]">&gt;&gt;</a>&nbsp;&nbsp;&nbsp;uart_irq
</UL>
<BR>[Address Reference Count : 1]<UL><LI> serial_device.o(i.serial_irq_set)
</UL>
<P><STRONG><a name="[8d]"></a>uart2_irq</STRONG> (Thumb, 6 bytes, Stack size 0 bytes, mbed/TARGET_ARCH_MAX/TOOLCHAIN_ARM_STD/serial_device.o(i.uart2_irq))
<BR><BR>[Stack]<UL><LI>Max Depth = 24<LI>Call Chain = uart2_irq &rArr; uart_irq
</UL>
<BR>[Calls]<UL><LI><a href="#[20c]">&gt;&gt;</a>&nbsp;&nbsp;&nbsp;uart_irq
</UL>
<BR>[Address Reference Count : 1]<UL><LI> serial_device.o(i.serial_irq_set)
</UL>
<P><STRONG><a name="[8e]"></a>uart3_irq</STRONG> (Thumb, 6 bytes, Stack size 0 bytes, mbed/TARGET_ARCH_MAX/TOOLCHAIN_ARM_STD/serial_device.o(i.uart3_irq))
<BR><BR>[Stack]<UL><LI>Max Depth = 24<LI>Call Chain = uart3_irq &rArr; uart_irq
</UL>
<BR>[Calls]<UL><LI><a href="#[20c]">&gt;&gt;</a>&nbsp;&nbsp;&nbsp;uart_irq
</UL>
<BR>[Address Reference Count : 1]<UL><LI> serial_device.o(i.serial_irq_set)
</UL>
<P><STRONG><a name="[8f]"></a>uart4_irq</STRONG> (Thumb, 6 bytes, Stack size 0 bytes, mbed/TARGET_ARCH_MAX/TOOLCHAIN_ARM_STD/serial_device.o(i.uart4_irq))
<BR><BR>[Stack]<UL><LI>Max Depth = 24<LI>Call Chain = uart4_irq &rArr; uart_irq
</UL>
<BR>[Calls]<UL><LI><a href="#[20c]">&gt;&gt;</a>&nbsp;&nbsp;&nbsp;uart_irq
</UL>
<BR>[Address Reference Count : 1]<UL><LI> serial_device.o(i.serial_irq_set)
</UL>
<P><STRONG><a name="[8c]"></a>uart5_irq</STRONG> (Thumb, 6 bytes, Stack size 0 bytes, mbed/TARGET_ARCH_MAX/TOOLCHAIN_ARM_STD/serial_device.o(i.uart5_irq))
<BR><BR>[Stack]<UL><LI>Max Depth = 24<LI>Call Chain = uart5_irq &rArr; uart_irq
</UL>
<BR>[Calls]<UL><LI><a href="#[20c]">&gt;&gt;</a>&nbsp;&nbsp;&nbsp;uart_irq
</UL>
<BR>[Address Reference Count : 1]<UL><LI> serial_device.o(i.serial_irq_set)
</UL>
<P><STRONG><a name="[91]"></a>uart6_irq</STRONG> (Thumb, 6 bytes, Stack size 0 bytes, mbed/TARGET_ARCH_MAX/TOOLCHAIN_ARM_STD/serial_device.o(i.uart6_irq))
<BR><BR>[Stack]<UL><LI>Max Depth = 24<LI>Call Chain = uart6_irq &rArr; uart_irq
</UL>
<BR>[Calls]<UL><LI><a href="#[20c]">&gt;&gt;</a>&nbsp;&nbsp;&nbsp;uart_irq
</UL>
<BR>[Address Reference Count : 1]<UL><LI> serial_device.o(i.serial_irq_set)
</UL>
<P><STRONG><a name="[20c]"></a>uart_irq</STRONG> (Thumb, 108 bytes, Stack size 24 bytes, mbed/TARGET_ARCH_MAX/TOOLCHAIN_ARM_STD/serial_device.o(i.uart_irq))
<BR><BR>[Stack]<UL><LI>Max Depth = 24<LI>Call Chain = uart_irq
</UL>
<BR>[Calls]<UL><LI><a href="#[20d]">&gt;&gt;</a>&nbsp;&nbsp;&nbsp;get_uart_index
</UL>
<BR>[Called By]<UL><LI><a href="#[91]">&gt;&gt;</a>&nbsp;&nbsp;&nbsp;uart6_irq
<LI><a href="#[8c]">&gt;&gt;</a>&nbsp;&nbsp;&nbsp;uart5_irq
<LI><a href="#[8f]">&gt;&gt;</a>&nbsp;&nbsp;&nbsp;uart4_irq
<LI><a href="#[8e]">&gt;&gt;</a>&nbsp;&nbsp;&nbsp;uart3_irq
<LI><a href="#[8d]">&gt;&gt;</a>&nbsp;&nbsp;&nbsp;uart2_irq
<LI><a href="#[90]">&gt;&gt;</a>&nbsp;&nbsp;&nbsp;uart1_irq
</UL>

<P><STRONG><a name="[163]"></a>UART_SetConfig</STRONG> (Thumb, 822 bytes, Stack size 24 bytes, mbed/TARGET_ARCH_MAX/TOOLCHAIN_ARM_STD/stm32f4xx_hal_uart.o(i.UART_SetConfig))
<BR><BR>[Stack]<UL><LI>Max Depth = 24<LI>Call Chain = UART_SetConfig
</UL>
<BR>[Calls]<UL><LI><a href="#[168]">&gt;&gt;</a>&nbsp;&nbsp;&nbsp;HAL_RCC_GetPCLK2Freq
<LI><a href="#[158]">&gt;&gt;</a>&nbsp;&nbsp;&nbsp;HAL_RCC_GetPCLK1Freq
</UL>
<BR>[Called By]<UL><LI><a href="#[161]">&gt;&gt;</a>&nbsp;&nbsp;&nbsp;HAL_UART_Init
</UL>

<P><STRONG><a name="[1f3]"></a>rt_ret_regs</STRONG> (Thumb, 20 bytes, Stack size 0 bytes, .\build\hal_cm.o(i.rt_ret_regs))
<BR><BR>[Called By]<UL><LI><a href="#[1ea]">&gt;&gt;</a>&nbsp;&nbsp;&nbsp;rt_ret_val2
<LI><a href="#[1ee]">&gt;&gt;</a>&nbsp;&nbsp;&nbsp;rt_ret_val
</UL>

<P><STRONG><a name="[1d2]"></a>__get_CONTROL</STRONG> (Thumb, 6 bytes, Stack size 0 bytes, .\build\rt_cmsis.o(i.__get_CONTROL))
<BR><BR>[Called By]<UL><LI><a href="#[199]">&gt;&gt;</a>&nbsp;&nbsp;&nbsp;osMutexCreate
<LI><a href="#[1d5]">&gt;&gt;</a>&nbsp;&nbsp;&nbsp;osThreadContextCreate
<LI><a href="#[1a7]">&gt;&gt;</a>&nbsp;&nbsp;&nbsp;osSemaphoreCreate
<LI><a href="#[fb]">&gt;&gt;</a>&nbsp;&nbsp;&nbsp;osKernelStart
<LI><a href="#[1d3]">&gt;&gt;</a>&nbsp;&nbsp;&nbsp;osKernelRunning
<LI><a href="#[f8]">&gt;&gt;</a>&nbsp;&nbsp;&nbsp;osKernelInitialize
</UL>

<P><STRONG><a name="[1d1]"></a>__get_IPSR</STRONG> (Thumb, 6 bytes, Stack size 0 bytes, .\build\rt_cmsis.o(i.__get_IPSR))
<BR><BR>[Called By]<UL><LI><a href="#[195]">&gt;&gt;</a>&nbsp;&nbsp;&nbsp;osMutexWait
<LI><a href="#[197]">&gt;&gt;</a>&nbsp;&nbsp;&nbsp;osMutexRelease
<LI><a href="#[199]">&gt;&gt;</a>&nbsp;&nbsp;&nbsp;osMutexCreate
<LI><a href="#[1d5]">&gt;&gt;</a>&nbsp;&nbsp;&nbsp;osThreadContextCreate
<LI><a href="#[1a6]">&gt;&gt;</a>&nbsp;&nbsp;&nbsp;osSemaphoreRelease
<LI><a href="#[1a7]">&gt;&gt;</a>&nbsp;&nbsp;&nbsp;osSemaphoreCreate
<LI><a href="#[1d4]">&gt;&gt;</a>&nbsp;&nbsp;&nbsp;osMessageGet
<LI><a href="#[fb]">&gt;&gt;</a>&nbsp;&nbsp;&nbsp;osKernelStart
<LI><a href="#[1d3]">&gt;&gt;</a>&nbsp;&nbsp;&nbsp;osKernelRunning
<LI><a href="#[f8]">&gt;&gt;</a>&nbsp;&nbsp;&nbsp;osKernelInitialize
<LI><a href="#[19e]">&gt;&gt;</a>&nbsp;&nbsp;&nbsp;osDelay
</UL>

<P><STRONG><a name="[1d0]"></a>__get_PRIMASK</STRONG> (Thumb, 6 bytes, Stack size 0 bytes, .\build\rt_cmsis.o(i.__get_PRIMASK))
<BR><BR>[Called By]<UL><LI><a href="#[195]">&gt;&gt;</a>&nbsp;&nbsp;&nbsp;osMutexWait
<LI><a href="#[197]">&gt;&gt;</a>&nbsp;&nbsp;&nbsp;osMutexRelease
<LI><a href="#[199]">&gt;&gt;</a>&nbsp;&nbsp;&nbsp;osMutexCreate
<LI><a href="#[1d5]">&gt;&gt;</a>&nbsp;&nbsp;&nbsp;osThreadContextCreate
<LI><a href="#[1a6]">&gt;&gt;</a>&nbsp;&nbsp;&nbsp;osSemaphoreRelease
<LI><a href="#[1a7]">&gt;&gt;</a>&nbsp;&nbsp;&nbsp;osSemaphoreCreate
<LI><a href="#[1d4]">&gt;&gt;</a>&nbsp;&nbsp;&nbsp;osMessageGet
<LI><a href="#[fb]">&gt;&gt;</a>&nbsp;&nbsp;&nbsp;osKernelStart
<LI><a href="#[1d3]">&gt;&gt;</a>&nbsp;&nbsp;&nbsp;osKernelRunning
<LI><a href="#[f8]">&gt;&gt;</a>&nbsp;&nbsp;&nbsp;osKernelInitialize
<LI><a href="#[19e]">&gt;&gt;</a>&nbsp;&nbsp;&nbsp;osDelay
</UL>

<P><STRONG><a name="[1c9]"></a>rt_id2obj</STRONG> (Thumb, 16 bytes, Stack size 0 bytes, .\build\rt_cmsis.o(i.rt_id2obj))
<BR><BR>[Called By]<UL><LI><a href="#[8a]">&gt;&gt;</a>&nbsp;&nbsp;&nbsp;svcTimerCall
<LI><a href="#[86]">&gt;&gt;</a>&nbsp;&nbsp;&nbsp;svcSemaphoreRelease
<LI><a href="#[84]">&gt;&gt;</a>&nbsp;&nbsp;&nbsp;svcMutexWait
<LI><a href="#[83]">&gt;&gt;</a>&nbsp;&nbsp;&nbsp;svcMutexRelease
<LI><a href="#[1c8]">&gt;&gt;</a>&nbsp;&nbsp;&nbsp;isrSemaphoreRelease
</UL>

<P><STRONG><a name="[201]"></a>rt_ms2tick</STRONG> (Thumb, 66 bytes, Stack size 0 bytes, .\build\rt_cmsis.o(i.rt_ms2tick))
<BR><BR>[Called By]<UL><LI><a href="#[84]">&gt;&gt;</a>&nbsp;&nbsp;&nbsp;svcMutexWait
<LI><a href="#[81]">&gt;&gt;</a>&nbsp;&nbsp;&nbsp;svcMessageGet
<LI><a href="#[7d]">&gt;&gt;</a>&nbsp;&nbsp;&nbsp;svcDelay
</UL>

<P><STRONG><a name="[208]"></a>rt_timer_insert</STRONG> (Thumb, 60 bytes, Stack size 12 bytes, .\build\rt_cmsis.o(i.rt_timer_insert))
<BR><BR>[Stack]<UL><LI>Max Depth = 12<LI>Call Chain = rt_timer_insert
</UL>
<BR>[Called By]<UL><LI><a href="#[1fa]">&gt;&gt;</a>&nbsp;&nbsp;&nbsp;sysTimerTick
</UL>

<P><STRONG><a name="[203]"></a>sysThreadError</STRONG> (Thumb, 2 bytes, Stack size 0 bytes, .\build\rt_cmsis.o(i.sysThreadError))
<BR><BR>[Called By]<UL><LI><a href="#[87]">&gt;&gt;</a>&nbsp;&nbsp;&nbsp;svcThreadCreate
<LI><a href="#[85]">&gt;&gt;</a>&nbsp;&nbsp;&nbsp;svcSemaphoreCreate
<LI><a href="#[82]">&gt;&gt;</a>&nbsp;&nbsp;&nbsp;svcMutexCreate
<LI><a href="#[202]">&gt;&gt;</a>&nbsp;&nbsp;&nbsp;svcMessageCreate
<LI><a href="#[7e]">&gt;&gt;</a>&nbsp;&nbsp;&nbsp;svcKernelInitialize
</UL>

<P><STRONG><a name="[1fc]"></a>rt_get_TID</STRONG> (Thumb, 32 bytes, Stack size 0 bytes, .\build\rt_task.o(i.rt_get_TID))
<BR><BR>[Called By]<UL><LI><a href="#[1fb]">&gt;&gt;</a>&nbsp;&nbsp;&nbsp;rt_tsk_create
</UL>

<P><STRONG><a name="[1eb]"></a>rt_init_context</STRONG> (Thumb, 68 bytes, Stack size 16 bytes, .\build\rt_task.o(i.rt_init_context))
<BR><BR>[Stack]<UL><LI>Max Depth = 32<LI>Call Chain = rt_init_context &rArr; rt_init_stack
</UL>
<BR>[Calls]<UL><LI><a href="#[69]">&gt;&gt;</a>&nbsp;&nbsp;&nbsp;rt_alloc_box
<LI><a href="#[1ec]">&gt;&gt;</a>&nbsp;&nbsp;&nbsp;rt_init_stack
</UL>
<BR>[Called By]<UL><LI><a href="#[1fb]">&gt;&gt;</a>&nbsp;&nbsp;&nbsp;rt_tsk_create
<LI><a href="#[1f5]">&gt;&gt;</a>&nbsp;&nbsp;&nbsp;rt_sys_init
</UL>

<P><STRONG><a name="[b8]"></a>default_idle_hook</STRONG> (Thumb, 2 bytes, Stack size 0 bytes, .\build\rtos_idle.o(i.default_idle_hook))
<BR>[Address Reference Count : 1]<UL><LI> rtos_idle.o(.data)
</UL>
<P><STRONG><a name="[72]"></a>&lang;Func1&rang;</STRONG> (Thumb, 12 bytes, Stack size 0 bytes, mbed/TARGET_ARCH_MAX/TOOLCHAIN_ARM_STD/mbed.ar(SerialBase.o)(i.<Func1>))
<BR>[Address Reference Count : 1]<UL><LI> SerialBase.o(i._ZN4mbed10SerialBaseC1E7PinNameS1_i)
</UL>
<P><STRONG><a name="[1be]"></a>initialize</STRONG> (Thumb, 198 bytes, Stack size 32 bytes, mbed/TARGET_ARCH_MAX/TOOLCHAIN_ARM_STD/mbed.ar(mbed_ticker_api.o)(i.initialize))
<BR><BR>[Stack]<UL><LI>Max Depth = 336 + Unknown Stack Size
<LI>Call Chain = initialize &rArr; mbed_assert_internal &rArr;  mbed_die (Cycle)
</UL>
<BR>[Calls]<UL><LI><a href="#[185]">&gt;&gt;</a>&nbsp;&nbsp;&nbsp;mbed_assert_internal
<LI><a href="#[1c1]">&gt;&gt;</a>&nbsp;&nbsp;&nbsp;update_present_time
<LI><a href="#[1c2]">&gt;&gt;</a>&nbsp;&nbsp;&nbsp;schedule_interrupt
<LI><a href="#[1c0]">&gt;&gt;</a>&nbsp;&nbsp;&nbsp;__aeabi_llsl
<LI><a href="#[1bf]">&gt;&gt;</a>&nbsp;&nbsp;&nbsp;__aeabi_uldivmod
</UL>
<BR>[Called By]<UL><LI><a href="#[209]">&gt;&gt;</a>&nbsp;&nbsp;&nbsp;ticker_read
<LI><a href="#[182]">&gt;&gt;</a>&nbsp;&nbsp;&nbsp;ticker_set_handler
</UL>

<P><STRONG><a name="[1c2]"></a>schedule_interrupt</STRONG> (Thumb, 224 bytes, Stack size 32 bytes, mbed/TARGET_ARCH_MAX/TOOLCHAIN_ARM_STD/mbed.ar(mbed_ticker_api.o)(i.schedule_interrupt))
<BR><BR>[Stack]<UL><LI>Max Depth = 112<LI>Call Chain = schedule_interrupt &rArr; update_present_time &rArr; __aeabi_uldivmod
</UL>
<BR>[Calls]<UL><LI><a href="#[1c1]">&gt;&gt;</a>&nbsp;&nbsp;&nbsp;update_present_time
<LI><a href="#[1bf]">&gt;&gt;</a>&nbsp;&nbsp;&nbsp;__aeabi_uldivmod
</UL>
<BR>[Called By]<UL><LI><a href="#[1be]">&gt;&gt;</a>&nbsp;&nbsp;&nbsp;initialize
<LI><a href="#[ba]">&gt;&gt;</a>&nbsp;&nbsp;&nbsp;ticker_irq_handler
<LI><a href="#[17f]">&gt;&gt;</a>&nbsp;&nbsp;&nbsp;ticker_remove_event
<LI><a href="#[17d]">&gt;&gt;</a>&nbsp;&nbsp;&nbsp;ticker_insert_event_us
</UL>

<P><STRONG><a name="[1c1]"></a>update_present_time</STRONG> (Thumb, 254 bytes, Stack size 32 bytes, mbed/TARGET_ARCH_MAX/TOOLCHAIN_ARM_STD/mbed.ar(mbed_ticker_api.o)(i.update_present_time))
<BR><BR>[Stack]<UL><LI>Max Depth = 80<LI>Call Chain = update_present_time &rArr; __aeabi_uldivmod
</UL>
<BR>[Calls]<UL><LI><a href="#[1bf]">&gt;&gt;</a>&nbsp;&nbsp;&nbsp;__aeabi_uldivmod
</UL>
<BR>[Called By]<UL><LI><a href="#[209]">&gt;&gt;</a>&nbsp;&nbsp;&nbsp;ticker_read
<LI><a href="#[1c2]">&gt;&gt;</a>&nbsp;&nbsp;&nbsp;schedule_interrupt
<LI><a href="#[1be]">&gt;&gt;</a>&nbsp;&nbsp;&nbsp;initialize
<LI><a href="#[ba]">&gt;&gt;</a>&nbsp;&nbsp;&nbsp;ticker_irq_handler
<LI><a href="#[17d]">&gt;&gt;</a>&nbsp;&nbsp;&nbsp;ticker_insert_event_us
</UL>

<P><STRONG><a name="[ff]"></a>Heap1_SizeAdjust</STRONG> (Thumb, 8 bytes, Stack size 0 bytes, C:\Keil_v5\ARM\ARMCC\Bin\..\lib\armlib\c_w.l(h1_alloc_mt.o)(.text))
<BR><BR>[Called By]<UL><LI><a href="#[fe]">&gt;&gt;</a>&nbsp;&nbsp;&nbsp;_malloc_internal
</UL>

<P><STRONG><a name="[115]"></a>_freopen_locked</STRONG> (Thumb, 174 bytes, Stack size 32 bytes, C:\Keil_v5\ARM\ARMCC\Bin\..\lib\armlib\c_w.l(fopen_locked.o)(.text))
<BR><BR>[Stack]<UL><LI>Max Depth = 416 + Unknown Stack Size
<LI>Call Chain = _freopen_locked &rArr; _sys_open &rArr; mbed::FilePath::FilePath(const char*) &rArr; mbed::FileBase::lookup(const char*, unsigned) &rArr; SingletonPtr&lang;PlatformMutex&rang;::operator -&rang;() &rArr; mbed_assert_internal &rArr;  mbed_die (Cycle)
</UL>
<BR>[Calls]<UL><LI><a href="#[116]">&gt;&gt;</a>&nbsp;&nbsp;&nbsp;_sys_open
<LI><a href="#[bd]">&gt;&gt;</a>&nbsp;&nbsp;&nbsp;_mutex_release
<LI><a href="#[bc]">&gt;&gt;</a>&nbsp;&nbsp;&nbsp;_mutex_acquire
<LI><a href="#[10d]">&gt;&gt;</a>&nbsp;&nbsp;&nbsp;_fclose_internal
<LI><a href="#[113]">&gt;&gt;</a>&nbsp;&nbsp;&nbsp;_fseek
</UL>
<BR>[Called By]<UL><LI><a href="#[118]">&gt;&gt;</a>&nbsp;&nbsp;&nbsp;fopen
<LI><a href="#[117]">&gt;&gt;</a>&nbsp;&nbsp;&nbsp;freopen
</UL>

<P><STRONG><a name="[6e]"></a>_printf_input_char</STRONG> (Thumb, 10 bytes, Stack size 0 bytes, C:\Keil_v5\ARM\ARMCC\Bin\..\lib\armlib\c_w.l(_printf_char_common.o)(.text))
<BR>[Address Reference Count : 1]<UL><LI> _printf_char_common.o(.text)
</UL>
<P><STRONG><a name="[13b]"></a>_fp_digits</STRONG> (Thumb, 428 bytes, Stack size 96 bytes, C:\Keil_v5\ARM\ARMCC\Bin\..\lib\armlib\c_w.l(_printf_fp_dec.o)(.text))
<BR><BR>[Stack]<UL><LI>Max Depth = 216<LI>Call Chain = _fp_digits &rArr; _btod_etento &rArr; _btod_emul &rArr; _e2e
</UL>
<BR>[Calls]<UL><LI><a href="#[13f]">&gt;&gt;</a>&nbsp;&nbsp;&nbsp;_btod_emul
<LI><a href="#[13e]">&gt;&gt;</a>&nbsp;&nbsp;&nbsp;_btod_ediv
<LI><a href="#[13d]">&gt;&gt;</a>&nbsp;&nbsp;&nbsp;_btod_d2e
<LI><a href="#[13c]">&gt;&gt;</a>&nbsp;&nbsp;&nbsp;_btod_etento
<LI><a href="#[128]">&gt;&gt;</a>&nbsp;&nbsp;&nbsp;_ll_udiv10
</UL>
<BR>[Called By]<UL><LI><a href="#[140]">&gt;&gt;</a>&nbsp;&nbsp;&nbsp;_printf_fp_dec_real
</UL>
<P>
<H3>
Undefined Global Symbols
</H3><HR></body></html>
