Archive member included to satisfy reference by file (symbol)

c:/program files (x86)/embitz/1.11/share/em_armgcc/bin/../lib/gcc/arm-none-eabi/5.4.1/../../../../arm-none-eabi/lib/armv7e-m/softfp\libstdc++.a(atexit_arm.o)
                              .objs\main.o (__aeabi_atexit)
c:/program files (x86)/embitz/1.11/share/em_armgcc/bin/../lib/gcc/arm-none-eabi/5.4.1/../../../../arm-none-eabi/lib/armv7e-m/softfp\libstdc++.a(del_op.o)
                              .objs\main.o (operator delete(void*))
c:/program files (x86)/embitz/1.11/share/em_armgcc/bin/../lib/gcc/arm-none-eabi/5.4.1/../../../../arm-none-eabi/lib/armv7e-m/softfp\libstdc++.a(new_opv.o)
                              .objs\mbed-rtos\rtos\thread.o (operator new[](unsigned int))
c:/program files (x86)/embitz/1.11/share/em_armgcc/bin/../lib/gcc/arm-none-eabi/5.4.1/../../../../arm-none-eabi/lib/armv7e-m/softfp\libstdc++.a(bad_alloc.o)
                              c:/program files (x86)/embitz/1.11/share/em_armgcc/bin/../lib/gcc/arm-none-eabi/5.4.1/../../../../arm-none-eabi/lib/armv7e-m/softfp\libstdc++.a(new_opv.o) (typeinfo for std::bad_alloc)
c:/program files (x86)/embitz/1.11/share/em_armgcc/bin/../lib/gcc/arm-none-eabi/5.4.1/../../../../arm-none-eabi/lib/armv7e-m/softfp\libstdc++.a(eh_exception.o)
                              c:/program files (x86)/embitz/1.11/share/em_armgcc/bin/../lib/gcc/arm-none-eabi/5.4.1/../../../../arm-none-eabi/lib/armv7e-m/softfp\libstdc++.a(bad_alloc.o) (std::exception::~exception())
c:/program files (x86)/embitz/1.11/share/em_armgcc/bin/../lib/gcc/arm-none-eabi/5.4.1/../../../../arm-none-eabi/lib/armv7e-m/softfp\libstdc++.a(del_opv.o)
                              .objs\mbed-rtos\rtos\thread.o (operator delete[](void*))
c:/program files (x86)/embitz/1.11/share/em_armgcc/bin/../lib/gcc/arm-none-eabi/5.4.1/../../../../arm-none-eabi/lib/armv7e-m/softfp\libstdc++.a(eh_personality.o)
                              c:/program files (x86)/embitz/1.11/share/em_armgcc/bin/../lib/gcc/arm-none-eabi/5.4.1/../../../../arm-none-eabi/lib/armv7e-m/softfp\libstdc++.a(new_opv.o) (__gxx_personality_v0)
c:/program files (x86)/embitz/1.11/share/em_armgcc/bin/../lib/gcc/arm-none-eabi/5.4.1/../../../../arm-none-eabi/lib/armv7e-m/softfp\libstdc++.a(new_op.o)
                              c:/program files (x86)/embitz/1.11/share/em_armgcc/bin/../lib/gcc/arm-none-eabi/5.4.1/../../../../arm-none-eabi/lib/armv7e-m/softfp\libstdc++.a(new_opv.o) (operator new(unsigned int))
c:/program files (x86)/embitz/1.11/share/em_armgcc/bin/../lib/gcc/arm-none-eabi/5.4.1/../../../../arm-none-eabi/lib/armv7e-m/softfp\libstdc++.a(eh_call.o)
                              c:/program files (x86)/embitz/1.11/share/em_armgcc/bin/../lib/gcc/arm-none-eabi/5.4.1/../../../../arm-none-eabi/lib/armv7e-m/softfp\libstdc++.a(eh_personality.o) (__cxa_call_terminate)
c:/program files (x86)/embitz/1.11/share/em_armgcc/bin/../lib/gcc/arm-none-eabi/5.4.1/../../../../arm-none-eabi/lib/armv7e-m/softfp\libstdc++.a(new_handler.o)
                              c:/program files (x86)/embitz/1.11/share/em_armgcc/bin/../lib/gcc/arm-none-eabi/5.4.1/../../../../arm-none-eabi/lib/armv7e-m/softfp\libstdc++.a(new_op.o) (std::get_new_handler())
c:/program files (x86)/embitz/1.11/share/em_armgcc/bin/../lib/gcc/arm-none-eabi/5.4.1/../../../../arm-none-eabi/lib/armv7e-m/softfp\libstdc++.a(class_type_info.o)
                              c:/program files (x86)/embitz/1.11/share/em_armgcc/bin/../lib/gcc/arm-none-eabi/5.4.1/../../../../arm-none-eabi/lib/armv7e-m/softfp\libstdc++.a(eh_exception.o) (vtable for __cxxabiv1::__class_type_info)
c:/program files (x86)/embitz/1.11/share/em_armgcc/bin/../lib/gcc/arm-none-eabi/5.4.1/../../../../arm-none-eabi/lib/armv7e-m/softfp\libstdc++.a(eh_arm.o)
                              c:/program files (x86)/embitz/1.11/share/em_armgcc/bin/../lib/gcc/arm-none-eabi/5.4.1/../../../../arm-none-eabi/lib/armv7e-m/softfp\libstdc++.a(new_opv.o) (__cxa_end_cleanup)
c:/program files (x86)/embitz/1.11/share/em_armgcc/bin/../lib/gcc/arm-none-eabi/5.4.1/../../../../arm-none-eabi/lib/armv7e-m/softfp\libstdc++.a(eh_terminate.o)
                              c:/program files (x86)/embitz/1.11/share/em_armgcc/bin/../lib/gcc/arm-none-eabi/5.4.1/../../../../arm-none-eabi/lib/armv7e-m/softfp\libstdc++.a(eh_call.o) (__cxxabiv1::__terminate(void (*)()))
c:/program files (x86)/embitz/1.11/share/em_armgcc/bin/../lib/gcc/arm-none-eabi/5.4.1/../../../../arm-none-eabi/lib/armv7e-m/softfp\libstdc++.a(eh_catch.o)
                              c:/program files (x86)/embitz/1.11/share/em_armgcc/bin/../lib/gcc/arm-none-eabi/5.4.1/../../../../arm-none-eabi/lib/armv7e-m/softfp\libstdc++.a(eh_personality.o) (__cxa_begin_catch)
c:/program files (x86)/embitz/1.11/share/em_armgcc/bin/../lib/gcc/arm-none-eabi/5.4.1/../../../../arm-none-eabi/lib/armv7e-m/softfp\libstdc++.a(eh_term_handler.o)
[...]
Memory Configuration

Name             Origin             Length             Attributes
FLASH            0x08000000         0x00100000         xr
CCM              0x10000000         0x00010000         xrw
RAM              0x20000188         0x0001fe78         xrw
*default*        0x00000000         0xffffffff

Linker script and memory map

LOAD c:/program files (x86)/embitz/1.11/share/em_armgcc/bin/../lib/gcc/arm-none-eabi/5.4.1/armv7e-m/softfp/crti.o
LOAD c:/program files (x86)/embitz/1.11/share/em_armgcc/bin/../lib/gcc/arm-none-eabi/5.4.1/armv7e-m/softfp/crtbegin.o
LOAD c:/program files (x86)/embitz/1.11/share/em_armgcc/bin/../lib/gcc/arm-none-eabi/5.4.1/../../../../arm-none-eabi/lib/armv7e-m/softfp/crt0.o

.text           0x08000000    0x10fe4
 *(.isr_vector)
 .isr_vector    0x08000000      0x188 mbed\target_arch_max\toolchain_gcc_arm\startup_stm32f407xx.o
                0x08000000                g_pfnVectors
 *(.text*)
 .text          0x08000188       0x5c c:/program files (x86)/embitz/1.11/share/em_armgcc/bin/../lib/gcc/arm-none-eabi/5.4.1/armv7e-m/softfp/crtbegin.o
 .text          0x080001e4       0x74 c:/program files (x86)/embitz/1.11/share/em_armgcc/bin/../lib/gcc/arm-none-eabi/5.4.1/../../../../arm-none-eabi/lib/armv7e-m/softfp/crt0.o
                0x080001e4                _start
                0x080001e4                _mainCRTStartup
 .text._ZN4mbed10SerialBaseD2Ev
                0x08000258        0x2 .objs\main.o
                0x08000258                mbed::SerialBase::~SerialBase()
                0x08000258                mbed::SerialBase::~SerialBase()
 *fill*         0x0800025a        0x2 
 .text.gpio_write
                0x0800025c       0x2c .objs\main.o
 .text._Z8printstrPKv
                0x08000288       0x24 .objs\main.o
                0x08000288                printstr(void const*)
 .text._ZN4mbed10SerialBaseD0Ev
                0x080002ac        0xc .objs\main.o
                0x080002ac                mbed::SerialBase::~SerialBase()
 .text._ZN4mbed6TickerD2Ev
                0x080002b8       0x1c .objs\main.o
                0x080002b8                mbed::Ticker::~Ticker()
                0x080002b8                mbed::Ticker::~Ticker()
 .text._ZN4mbed6SerialD2Ev
                0x080002d4       0x2c .objs\main.o
                0x080002d4                mbed::Serial::~Serial()
                0x080002d4                mbed::Serial::~Serial()
                0x080002f4                non-virtual thunk to mbed::Serial::~Serial()
                0x080002fa                non-virtual thunk to mbed::Serial::~Serial()
 .text._Z3ledPKv
                0x08000300       0x40 .objs\main.o
                0x08000300                led(void const*)
 .text._ZN4mbed10DigitalOutC2E7PinName
                0x08000340       0x1a .objs\main.o
                0x08000340                mbed::DigitalOut::DigitalOut(PinName)
                0x08000340                mbed::DigitalOut::DigitalOut(PinName)
 .text._ZN4mbed6TickerD0Ev
                0x0800035a       0x12 .objs\main.o
                0x0800035a                mbed::Ticker::~Ticker()
 .text._Z6setLedh
                0x0800036c       0x38 .objs\main.o
                0x0800036c                setLed(unsigned char)
 .text.startup.main
                0x080003a4       0x54 .objs\main.o
                0x080003a4                main
 .text._ZN4mbed6SerialD0Ev
                0x080003f8       0x1e .objs\main.o
                0x080003f8                mbed::Serial::~Serial()
                0x0800040a                non-virtual thunk to mbed::Serial::~Serial()
                0x08000410                non-virtual thunk to mbed::Serial::~Serial()
 *fill*         0x08000416        0x2 
 .text.startup._GLOBAL__sub_I_led1
                0x08000418       0x84 .objs\main.o
 .text._ZN4rtos6ThreadC2EPFvPKvEPv10osPrioritymPh
                0x0800049c       0x58 .objs\mbed-rtos\rtos\thread.o
                0x0800049c                rtos::Thread::Thread(void (*)(void const*), void*, osPriority, unsigned long, unsigned char*)
                0x0800049c                rtos::Thread::Thread(void (*)(void const*), void*, osPriority, unsigned long, unsigned char*)
 .text._ZN4rtos6Thread9terminateEv
                0x080004f4        0x6 .objs\mbed-rtos\rtos\thread.o
                0x080004f4                rtos::Thread::terminate()
 *fill*         0x080004fa        0x2 
 .text._ZN4rtos6ThreadD2Ev
                0x080004fc       0x24 .objs\mbed-rtos\rtos\thread.o
                0x080004fc                rtos::Thread::~Thread()
                0x080004fc                rtos::Thread::~Thread()
 .text._ZN4rtos6ThreadD0Ev
                0x08000520       0x12 .objs\mbed-rtos\rtos\thread.o
                0x08000520                rtos::Thread::~Thread()
 .text._ZN4rtos6Thread4waitEm
                0x08000532        0x4 .objs\mbed-rtos\rtos\thread.o
                0x08000532                rtos::Thread::wait(unsigned long)
 *fill*         0x08000536        0x2 
 .text.rt_init_stack
                0x08000538       0x4c .objs\mbed-rtos\rtx\target_cortex_m\hal_cm.o
                0x08000538                rt_init_stack
 .text.rt_ret_val
                0x08000584       0x12 .objs\mbed-rtos\rtx\target_cortex_m\hal_cm.o
                0x08000584                rt_ret_val
 .text.rt_ret_val2
                0x08000596       0x16 .objs\mbed-rtos\rtx\target_cortex_m\hal_cm.o
                0x08000596                rt_ret_val2
 .text.rt_tid2ptcb
                0x080005ac       0x14 .objs\mbed-rtos\rtx\target_cortex_m\rt_cmsis.o
 .text.osThreadExit
                0x080005c0       0x18 .objs\mbed-rtos\rtx\target_cortex_m\rt_cmsis.o
                0x080005c0                osThreadExit
 .text.rt_timer_insert
                0x080005d8       0x34 .objs\mbed-rtos\rtx\target_cortex_m\rt_cmsis.o
 .text.rt_ms2tick
                0x0800060c       0x3c .objs\mbed-rtos\rtx\target_cortex_m\rt_cmsis.o
 .text.svcKernelInitialize
                0x08000648       0x2c .objs\mbed-rtos\rtx\target_cortex_m\rt_cmsis.o
                0x08000648                svcKernelInitialize
 .text.osKernelInitialize
                0x08000674       0x28 .objs\mbed-rtos\rtx\target_cortex_m\rt_cmsis.o
                0x08000674                osKernelInitialize
 .text.osKernelStart
                0x0800069c       0x6c .objs\mbed-rtos\rtx\target_cortex_m\rt_cmsis.o
                0x0800069c                osKernelStart
 .text.svcThreadCreate
                0x08000708       0x74 .objs\mbed-rtos\rtx\target_cortex_m\rt_cmsis.o
                0x08000708                svcThreadCreate
 .text.svcThreadGetId
                0x0800077c       0x18 .objs\mbed-rtos\rtx\target_cortex_m\rt_cmsis.o
                0x0800077c                svcThreadGetId
 .text.svcThreadTerminate
                0x08000794       0x1c .objs\mbed-rtos\rtx\target_cortex_m\rt_cmsis.o
                0x08000794                svcThreadTerminate
 .text.osThreadCreate
                0x080007b0       0x3c .objs\mbed-rtos\rtx\target_cortex_m\rt_cmsis.o
                0x080007b0                osThreadCreate
 .text.osThreadTerminate
                0x080007ec       0x18 .objs\mbed-rtos\rtx\target_cortex_m\rt_cmsis.o
                0x080007ec                osThreadTerminate
 .text.svcDelay
                0x08000804       0x14 .objs\mbed-rtos\rtx\target_cortex_m\rt_cmsis.o
                0x08000804                svcDelay
 .text.osDelay  0x08000818       0x18 .objs\mbed-rtos\rtx\target_cortex_m\rt_cmsis.o
                0x08000818                osDelay
 .text.svcTimerCall
                0x08000830       0x1a .objs\mbed-rtos\rtx\target_cortex_m\rt_cmsis.o
                0x08000830                svcTimerCall
 *fill*         0x0800084a        0x2 
 .text.sysTimerTick
                0x0800084c       0x64 .objs\mbed-rtos\rtx\target_cortex_m\rt_cmsis.o
                0x0800084c                sysTimerTick
 .text.osTimerCall
                0x080008b0       0x18 .objs\mbed-rtos\rtx\target_cortex_m\rt_cmsis.o
                0x080008b0                osTimerCall
 .text.svcMessageCreate
                0x080008c8       0x2c .objs\mbed-rtos\rtx\target_cortex_m\rt_cmsis.o
                0x080008c8                svcMessageCreate
 .text.svcKernelStart
                0x080008f4       0x5c .objs\mbed-rtos\rtx\target_cortex_m\rt_cmsis.o
                0x080008f4                svcKernelStart
 .text.svcMessageGet
                0x08000950       0x68 .objs\mbed-rtos\rtx\target_cortex_m\rt_cmsis.o
                0x08000950                svcMessageGet
 .text.osMessageGet
                0x080009b8       0x50 .objs\mbed-rtos\rtx\target_cortex_m\rt_cmsis.o
                0x080009b8                osMessageGet
 .text.osTimerThread
                0x08000a08       0x30 .objs\mbed-rtos\rtx\target_cortex_m\rt_cmsis.o
                0x08000a08                osTimerThread
 .text.rt_evt_psh
                0x08000a38       0x54 .objs\mbed-rtos\rtx\target_cortex_m\rt_event.o
                0x08000a38                rt_evt_psh
 .text.rt_put_prio
                0x08000a8c       0x30 .objs\mbed-rtos\rtx\target_cortex_m\rt_list.o
                0x08000a8c                rt_put_prio
 .text.rt_get_first
                0x08000abc       0x22 .objs\mbed-rtos\rtx\target_cortex_m\rt_list.o
                0x08000abc                rt_get_first
 *fill*         0x08000ade        0x2 
 .text.rt_put_rdy_first
                0x08000ae0       0x14 .objs\mbed-rtos\rtx\target_cortex_m\rt_list.o
                0x08000ae0                rt_put_rdy_first
 .text.rt_put_dly
                0x08000af4       0x4c .objs\mbed-rtos\rtx\target_cortex_m\rt_list.o
                0x08000af4                rt_put_dly
 .text.rt_dec_dly
                0x08000b40       0x6c .objs\mbed-rtos\rtx\target_cortex_m\rt_list.o
                0x08000b40                rt_dec_dly
 .text.rt_rmv_list
                0x08000bac       0x2c .objs\mbed-rtos\rtx\target_cortex_m\rt_list.o
                0x08000bac                rt_rmv_list
 .text.rt_resort_prio
                0x08000bd8       0x30 .objs\mbed-rtos\rtx\target_cortex_m\rt_list.o
                0x08000bd8                rt_resort_prio
 .text.rt_rmv_dly
                0x08000c08       0x26 .objs\mbed-rtos\rtx\target_cortex_m\rt_list.o
                0x08000c08                rt_rmv_dly
 *fill*         0x08000c2e        0x2 
 .text.rt_psq_enq
                0x08000c30       0x40 .objs\mbed-rtos\rtx\target_cortex_m\rt_list.o
                0x08000c30                rt_psq_enq
 .text.rt_mbx_init
                0x08000c70       0x1a .objs\mbed-rtos\rtx\target_cortex_m\rt_mailbox.o
                0x08000c70                rt_mbx_init
 *fill*         0x08000c8a        0x2 
 .text.rt_mbx_wait
                0x08000c8c       0xa4 .objs\mbed-rtos\rtx\target_cortex_m\rt_mailbox.o
                0x08000c8c                rt_mbx_wait
 .text.rt_mbx_check
                0x08000d30        0x8 .objs\mbed-rtos\rtx\target_cortex_m\rt_mailbox.o
                0x08000d30                rt_mbx_check
 .text.isr_mbx_send
                0x08000d38        0xe .objs\mbed-rtos\rtx\target_cortex_m\rt_mailbox.o
                0x08000d38                isr_mbx_send
 .text.isr_mbx_receive
                0x08000d46       0x4c .objs\mbed-rtos\rtx\target_cortex_m\rt_mailbox.o
                0x08000d46                isr_mbx_receive
 *fill*         0x08000d92        0x2 
 .text.rt_mbx_psh
                0x08000d94       0xdc .objs\mbed-rtos\rtx\target_cortex_m\rt_mailbox.o
                0x08000d94                rt_mbx_psh
 .text.rt_alloc_box
                0x08000e70       0x1a .objs\mbed-rtos\rtx\target_cortex_m\rt_membox.o
                0x08000e70                rt_alloc_box
 .text.rt_free_box
                0x08000e8a       0x28 .objs\mbed-rtos\rtx\target_cortex_m\rt_membox.o
                0x08000e8a                rt_free_box
 *fill*         0x08000eb2        0x2 
 .text.rt_init_robin
                0x08000eb4       0x18 .objs\mbed-rtos\rtx\target_cortex_m\rt_robin.o
                0x08000eb4                rt_init_robin
 .text.rt_chk_robin
                0x08000ecc       0x4c .objs\mbed-rtos\rtx\target_cortex_m\rt_robin.o
                0x08000ecc                rt_chk_robin
 .text.rt_sem_psh
                0x08000f18       0x34 .objs\mbed-rtos\rtx\target_cortex_m\rt_semaphore.o
                0x08000f18                rt_sem_psh
 .text.rt_psh_req
                0x08000f4c       0x24 .objs\mbed-rtos\rtx\target_cortex_m\rt_system.o
                0x08000f4c                rt_psh_req
 .text.rt_pop_req
                0x08000f70       0x74 .objs\mbed-rtos\rtx\target_cortex_m\rt_system.o
                0x08000f70                rt_pop_req
 .text.os_tick_init
                0x08000fe4       0x30 .objs\mbed-rtos\rtx\target_cortex_m\rt_system.o
                0x08000fe4                os_tick_init
 .text.os_tick_irqack
                0x08001014        0x2 .objs\mbed-rtos\rtx\target_cortex_m\rt_system.o
                0x08001014                os_tick_irqack
 *fill*         0x08001016        0x2 
 .text.rt_systick
                0x08001018       0x3c .objs\mbed-rtos\rtx\target_cortex_m\rt_system.o
                0x08001018                rt_systick
 .text.rt_stk_check
                0x08001054       0x2c .objs\mbed-rtos\rtx\target_cortex_m\rt_system.o
                0x08001054                rt_stk_check
 .text.rt_dispatch.part.0
                0x08001080       0x1c .objs\mbed-rtos\rtx\target_cortex_m\rt_task.o
 .text.rt_get_TID
                0x0800109c       0x24 .objs\mbed-rtos\rtx\target_cortex_m\rt_task.o
                0x0800109c                rt_get_TID
 .text.rt_init_context
                0x080010c0       0x28 .objs\mbed-rtos\rtx\target_cortex_m\rt_task.o
                0x080010c0                rt_init_context
 .text.rt_switch_req
                0x080010e8       0x10 .objs\mbed-rtos\rtx\target_cortex_m\rt_task.o
                0x080010e8                rt_switch_req
 .text.rt_dispatch
                0x080010f8       0x44 .objs\mbed-rtos\rtx\target_cortex_m\rt_task.o
                0x080010f8                rt_dispatch
 .text.rt_block
                0x0800113c       0x34 .objs\mbed-rtos\rtx\target_cortex_m\rt_task.o
                0x0800113c                rt_block
 .text.rt_tsk_self
                0x08001170       0x10 .objs\mbed-rtos\rtx\target_cortex_m\rt_task.o
                0x08001170                rt_tsk_self
 .text.rt_tsk_prio
                0x08001180       0x74 .objs\mbed-rtos\rtx\target_cortex_m\rt_task.o
                0x08001180                rt_tsk_prio
 .text.rt_tsk_delete
                0x080011f4       0x70 .objs\mbed-rtos\rtx\target_cortex_m\rt_task.o
                0x080011f4                rt_tsk_delete
 .text.rt_sys_init
                0x08001264       0xdc .objs\mbed-rtos\rtx\target_cortex_m\rt_task.o
                0x08001264                rt_sys_init
 .text.rt_sys_start
                0x08001340       0x3c .objs\mbed-rtos\rtx\target_cortex_m\rt_task.o
                0x08001340                rt_sys_start
 .text.rt_dly_wait
                0x0800137c        0x6 .objs\mbed-rtos\rtx\target_cortex_m\rt_time.o
                0x0800137c                rt_dly_wait
 .text.os_idle_demon
                0x08001382        0x2 .objs\mbed-rtos\rtx\target_cortex_m\rtx_conf_cm.o
                0x08001382                os_idle_demon
 .text.os_error
                0x08001384        0x4 .objs\mbed-rtos\rtx\target_cortex_m\rtx_conf_cm.o
                0x08001384                os_error
 .text.sysThreadError
                0x08001388        0x8 .objs\mbed-rtos\rtx\target_cortex_m\rtx_conf_cm.o
                0x08001388                sysThreadError
 .text.set_main_stack
                0x08001390       0x1c .objs\mbed-rtos\rtx\target_cortex_m\rtx_conf_cm.o
                0x08001390                set_main_stack
 .text.software_init_hook
                0x080013ac       0x38 .objs\mbed-rtos\rtx\target_cortex_m\rtx_conf_cm.o
                0x080013ac                software_init_hook
 .text          0x080013e4      0x180 .objs\mbed-rtos\rtx\target_cortex_m\target_m4\toolchain_gcc\hal_cm4.o
                0x080013e4                rt_set_PSP
                0x080013ea                rt_get_PSP
                0x080013f0                os_set_env
                0x08001408                _alloc_box
                0x08001424                _free_box
                0x08001440                SVC_Handler
                0x080014d4                PendSV_Handler
                0x080014da                Sys_Switch
                0x08001534                SysTick_Handler
                0x0800153e                OS_Tick_Handler
 .text.mbed_die
                0x08001564       0x14 mbed\target_arch_max\toolchain_gcc_arm\board.o
                0x08001564                mbed_die
 .text.NVIC_SetVector
                0x08001578       0x48 mbed\target_arch_max\toolchain_gcc_arm\cmsis_nvic.o
                0x08001578                NVIC_SetVector
 .text.timer_irq_handler
                0x080015c0       0x50 mbed\target_arch_max\toolchain_gcc_arm\hal_tick.o
                0x080015c0                timer_irq_handler
 .text.HAL_InitTick
                0x08001610       0xc0 mbed\target_arch_max\toolchain_gcc_arm\hal_tick.o
                0x08001610                HAL_InitTick
 .text.mbed_sdk_init
                0x080016d0       0x10 mbed\target_arch_max\toolchain_gcc_arm\mbed_overrides.o
                0x080016d0                mbed_sdk_init
 .text._ZN4mbed10FileHandle4flenEv
                0x080016e0       0x34 mbed\target_arch_max\toolchain_gcc_arm\retarget.o
                0x080016e0                mbed::FileHandle::flen()
 .text._ZN4mbed10FileHandleD2Ev
                0x08001714       0x2c mbed\target_arch_max\toolchain_gcc_arm\retarget.o
                0x08001714                mbed::FileHandle::~FileHandle()
                0x08001714                mbed::FileHandle::~FileHandle()
 .text._ZN4mbed10FileHandleD0Ev
                0x08001740       0x34 mbed\target_arch_max\toolchain_gcc_arm\retarget.o
                0x08001740                mbed::FileHandle::~FileHandle()
 .text._ZL11init_serialv.part.0
                0x08001774       0x10 mbed\target_arch_max\toolchain_gcc_arm\retarget.o
 .text._open    0x08001784       0xf8 mbed\target_arch_max\toolchain_gcc_arm\retarget.o
                0x08001784                _open
 .text._close   0x0800187c       0x2c mbed\target_arch_max\toolchain_gcc_arm\retarget.o
                0x0800187c                _close
 .text._write   0x080018a8       0x50 mbed\target_arch_max\toolchain_gcc_arm\retarget.o
                0x080018a8                _write
 .text._read    0x080018f8       0x4c mbed\target_arch_max\toolchain_gcc_arm\retarget.o
                0x080018f8                _read
 .text._isatty  0x08001944       0x28 mbed\target_arch_max\toolchain_gcc_arm\retarget.o
                0x08001944                _isatty
 .text._lseek   0x0800196c       0x28 mbed\target_arch_max\toolchain_gcc_arm\retarget.o
                0x0800196c                _lseek
 .text._fstat   0x08001994       0x20 mbed\target_arch_max\toolchain_gcc_arm\retarget.o
                0x08001994                _fstat
 .text._ZN9__gnu_cxx27__verbose_terminate_handlerEv
                0x080019b4        0xc mbed\target_arch_max\toolchain_gcc_arm\retarget.o
                0x080019b4                __gnu_cxx::__verbose_terminate_handler()
 .text.__cxa_pure_virtual
                0x080019c0        0x8 mbed\target_arch_max\toolchain_gcc_arm\retarget.o
                0x080019c0                __cxa_pure_virtual
 .text.mbed_main
                0x080019c8        0x4 mbed\target_arch_max\toolchain_gcc_arm\retarget.o
                0x080019c8                mbed_main
 .text.__wrap_main
                0x080019cc       0x14 mbed\target_arch_max\toolchain_gcc_arm\retarget.o
                0x080019cc                __wrap_main
 .text._sbrk    0x080019e0       0x28 mbed\target_arch_max\toolchain_gcc_arm\retarget.o
                0x080019e0                _sbrk
 .text._exit    0x08001a08       0x24 mbed\target_arch_max\toolchain_gcc_arm\retarget.o
                0x08001a08                _exit
 .text._ZN4mbed26mbed_set_unbuffered_streamEP7__sFILE
                0x08001a2c        0x8 mbed\target_arch_max\toolchain_gcc_arm\retarget.o
                0x08001a2c                mbed::mbed_set_unbuffered_stream(__sFILE*)
 .text.Reset_Handler
                0x08001a34       0x54 mbed\target_arch_max\toolchain_gcc_arm\startup_stm32f407xx.o
                0x08001a34                Reset_Handler
 .text.Default_Handler
                0x08001a88        0x4 mbed\target_arch_max\toolchain_gcc_arm\startup_stm32f407xx.o
                0x08001a88                RTC_Alarm_IRQHandler
                0x08001a88                HASH_RNG_IRQHandler
                0x08001a88                EXTI2_IRQHandler
                0x08001a88                TIM8_CC_IRQHandler
                0x08001a88                DebugMon_Handler
                0x08001a88                TIM1_CC_IRQHandler
                0x08001a88                DMA2_Stream5_IRQHandler
                0x08001a88                HardFault_Handler
                0x08001a88                DMA1_Stream5_IRQHandler
                0x08001a88                PVD_IRQHandler
                0x08001a88                SDIO_IRQHandler
                0x08001a88                TAMP_STAMP_IRQHandler
                0x08001a88                NMI_Handler
                0x08001a88                CAN2_RX1_IRQHandler
                0x08001a88                EXTI3_IRQHandler
                0x08001a88                TIM8_TRG_COM_TIM14_IRQHandler
                0x08001a88                TIM1_UP_TIM10_IRQHandler
                0x08001a88                TIM8_UP_TIM13_IRQHandler
                0x08001a88                I2C3_ER_IRQHandler
                0x08001a88                EXTI0_IRQHandler
                0x08001a88                I2C2_EV_IRQHandler
                0x08001a88                DMA1_Stream2_IRQHandler
                0x08001a88                CAN1_RX0_IRQHandler
                0x08001a88                FPU_IRQHandler
                0x08001a88                OTG_HS_WKUP_IRQHandler
                0x08001a88                UsageFault_Handler
                0x08001a88                CAN2_SCE_IRQHandler
                0x08001a88                DMA2_Stream2_IRQHandler
                0x08001a88                SPI1_IRQHandler
                0x08001a88                TIM6_DAC_IRQHandler
                0x08001a88                TIM1_BRK_TIM9_IRQHandler
                0x08001a88                DCMI_IRQHandler
                0x08001a88                CAN2_RX0_IRQHandler
                0x08001a88                DMA2_Stream3_IRQHandler
                0x08001a88                USART6_IRQHandler
                0x08001a88                USART3_IRQHandler
                0x08001a88                CAN1_RX1_IRQHandler
                0x08001a88                UART5_IRQHandler
                0x08001a88                DMA2_Stream0_IRQHandler
                0x08001a88                TIM4_IRQHandler
                0x08001a88                I2C1_EV_IRQHandler
                0x08001a88                DMA1_Stream6_IRQHandler
                0x08001a88                DMA1_Stream1_IRQHandler
                0x08001a88                UART4_IRQHandler
                0x08001a88                TIM3_IRQHandler
                0x08001a88                RCC_IRQHandler
                0x08001a88                TIM8_BRK_TIM12_IRQHandler
                0x08001a88                Default_Handler
                0x08001a88                EXTI15_10_IRQHandler
                0x08001a88                ADC_IRQHandler
                0x08001a88                DMA1_Stream7_IRQHandler
                0x08001a88                TIM7_IRQHandler
                0x08001a88                CAN2_TX_IRQHandler
                0x08001a88                TIM5_IRQHandler
                0x08001a88                DMA2_Stream7_IRQHandler
                0x08001a88                I2C3_EV_IRQHandler
                0x08001a88                EXTI9_5_IRQHandler
                0x08001a88                RTC_WKUP_IRQHandler
                0x08001a88                ETH_WKUP_IRQHandler
                0x08001a88                SPI2_IRQHandler
                0x08001a88                OTG_HS_EP1_IN_IRQHandler
                0x08001a88                MemManage_Handler
                0x08001a88                DMA1_Stream0_IRQHandler
                0x08001a88                CAN1_TX_IRQHandler
                0x08001a88                EXTI4_IRQHandler
                0x08001a88                FSMC_IRQHandler
                0x08001a88                ETH_IRQHandler
                0x08001a88                OTG_HS_EP1_OUT_IRQHandler
                0x08001a88                WWDG_IRQHandler
                0x08001a88                TIM2_IRQHandler
                0x08001a88                OTG_FS_WKUP_IRQHandler
                0x08001a88                TIM1_TRG_COM_TIM11_IRQHandler
                0x08001a88                OTG_HS_IRQHandler
                0x08001a88                EXTI1_IRQHandler
                0x08001a88                USART2_IRQHandler
                0x08001a88                I2C2_ER_IRQHandler
                0x08001a88                DMA2_Stream1_IRQHandler
                0x08001a88                CAN1_SCE_IRQHandler
                0x08001a88                FLASH_IRQHandler
                0x08001a88                DMA2_Stream4_IRQHandler
                0x08001a88                BusFault_Handler
                0x08001a88                USART1_IRQHandler
                0x08001a88                OTG_FS_IRQHandler
                0x08001a88                SPI3_IRQHandler
                0x08001a88                DMA1_Stream4_IRQHandler
                0x08001a88                I2C1_ER_IRQHandler
                0x08001a88                DMA2_Stream6_IRQHandler
                0x08001a88                DMA1_Stream3_IRQHandler
 .text.HAL_MspInit
                0x08001a8c        0x4 mbed\target_arch_max\toolchain_gcc_arm\stm32f4xx_hal.o
                0x08001a8c                HAL_MspInit
 .text.HAL_Init
                0x08001a90       0x2c mbed\target_arch_max\toolchain_gcc_arm\stm32f4xx_hal.o
                0x08001a90                HAL_Init
 .text.HAL_IncTick
                0x08001abc       0x10 mbed\target_arch_max\toolchain_gcc_arm\stm32f4xx_hal.o
                0x08001abc                HAL_IncTick
 .text.HAL_GetTick
                0x08001acc        0xc mbed\target_arch_max\toolchain_gcc_arm\stm32f4xx_hal.o
                0x08001acc                HAL_GetTick
 .text.HAL_NVIC_SetPriorityGrouping
                0x08001ad8       0x24 mbed\target_arch_max\toolchain_gcc_arm\stm32f4xx_hal_cortex.o
                0x08001ad8                HAL_NVIC_SetPriorityGrouping
 .text.HAL_GPIO_Init
                0x08001afc      0x27c mbed\target_arch_max\toolchain_gcc_arm\stm32f4xx_hal_gpio.o
                0x08001afc                HAL_GPIO_Init
 .text.HAL_RCC_OscConfig
                0x08001d78      0x370 mbed\target_arch_max\toolchain_gcc_arm\stm32f4xx_hal_rcc.o
                0x08001d78                HAL_RCC_OscConfig
 .text.HAL_RCC_ClockConfig
                0x080020e8      0x1fc mbed\target_arch_max\toolchain_gcc_arm\stm32f4xx_hal_rcc.o
                0x080020e8                HAL_RCC_ClockConfig
 .text.HAL_RCC_GetSysClockFreq
                0x080022e4       0x88 mbed\target_arch_max\toolchain_gcc_arm\stm32f4xx_hal_rcc.o
                0x080022e4                HAL_RCC_GetSysClockFreq
 .text.HAL_RCC_GetHCLKFreq
                0x0800236c       0x38 mbed\target_arch_max\toolchain_gcc_arm\stm32f4xx_hal_rcc.o
                0x0800236c                HAL_RCC_GetHCLKFreq
 .text.HAL_RCC_GetPCLK1Freq
                0x080023a4       0x30 mbed\target_arch_max\toolchain_gcc_arm\stm32f4xx_hal_rcc.o
                0x080023a4                HAL_RCC_GetPCLK1Freq
 .text.HAL_RCC_GetPCLK2Freq
                0x080023d4       0x30 mbed\target_arch_max\toolchain_gcc_arm\stm32f4xx_hal_rcc.o
                0x080023d4                HAL_RCC_GetPCLK2Freq
 .text.HAL_TIM_OC_MspInit
                0x08002404        0x4 mbed\target_arch_max\toolchain_gcc_arm\stm32f4xx_hal_tim.o
                0x08002404                HAL_TIM_OC_MspInit
 .text.HAL_TIM_OC_Start
                0x08002408       0x48 mbed\target_arch_max\toolchain_gcc_arm\stm32f4xx_hal_tim.o
                0x08002408                HAL_TIM_OC_Start
 .text.TIM_Base_SetConfig
                0x08002450       0xc8 mbed\target_arch_max\toolchain_gcc_arm\stm32f4xx_hal_tim.o
                0x08002450                TIM_Base_SetConfig
 .text.HAL_TIM_OC_Init
                0x08002518       0x38 mbed\target_arch_max\toolchain_gcc_arm\stm32f4xx_hal_tim.o
                0x08002518                HAL_TIM_OC_Init
 .text.UART_SetConfig
                0x08002550      0x1b4 mbed\target_arch_max\toolchain_gcc_arm\stm32f4xx_hal_uart.o
 .text.HAL_UART_MspInit
                0x08002704        0x4 mbed\target_arch_max\toolchain_gcc_arm\stm32f4xx_hal_uart.o
                0x08002704                HAL_UART_MspInit
 .text.HAL_UART_Init
                0x08002708       0x5c mbed\target_arch_max\toolchain_gcc_arm\stm32f4xx_hal_uart.o
                0x08002708                HAL_UART_Init
 .text.SystemCoreClockUpdate
                0x08002764       0x70 mbed\target_arch_max\toolchain_gcc_arm\system_stm32f4xx.o
                0x08002764                SystemCoreClockUpdate
 .text.SetSysClock_PLL_HSE
                0x080027d4       0x94 mbed\target_arch_max\toolchain_gcc_arm\system_stm32f4xx.o
                0x080027d4                SetSysClock_PLL_HSE
 .text.SetSysClock_PLL_HSI
                0x08002868       0x94 mbed\target_arch_max\toolchain_gcc_arm\system_stm32f4xx.o
                0x08002868                SetSysClock_PLL_HSI
 .text.SetSysClock
                0x080028fc       0x20 mbed\target_arch_max\toolchain_gcc_arm\system_stm32f4xx.o
                0x080028fc                SetSysClock
 .text.SystemInit
                0x0800291c       0x78 mbed\target_arch_max\toolchain_gcc_arm\system_stm32f4xx.o
                0x0800291c                SystemInit
 .text.__aeabi_atexit
                0x08002994        0xc c:/program files (x86)/embitz/1.11/share/em_armgcc/bin/../lib/gcc/arm-none-eabi/5.4.1/../../../../arm-none-eabi/lib/armv7e-m/softfp\libstdc++.a(atexit_arm.o)
                0x08002994                __aeabi_atexit
 .text._ZdlPv   0x080029a0        0x4 c:/program files (x86)/embitz/1.11/share/em_armgcc/bin/../lib/gcc/arm-none-eabi/5.4.1/../../../../arm-none-eabi/lib/armv7e-m/softfp\libstdc++.a(del_op.o)
                0x080029a0                operator delete(void*)
 .text._Znaj    0x080029a4       0x14 c:/program files (x86)/embitz/1.11/share/em_armgcc/bin/../lib/gcc/arm-none-eabi/5.4.1/../../../../arm-none-eabi/lib/armv7e-m/softfp\libstdc++.a(new_opv.o)
                0x080029a4                operator new[](unsigned int)
 .text._ZNKSt9bad_alloc4whatEv
                0x080029b8        0x8 c:/program files (x86)/embitz/1.11/share/em_armgcc/bin/../lib/gcc/arm-none-eabi/5.4.1/../../../../arm-none-eabi/lib/armv7e-m/softfp\libstdc++.a(bad_alloc.o)
                0x080029b8                std::bad_alloc::what() const
 .text._ZNSt9bad_allocD2Ev
                0x080029c0       0x14 c:/program files (x86)/embitz/1.11/share/em_armgcc/bin/../lib/gcc/arm-none-eabi/5.4.1/../../../../arm-none-eabi/lib/armv7e-m/softfp\libstdc++.a(bad_alloc.o)
                0x080029c0                std::bad_alloc::~bad_alloc()
                0x080029c0                std::bad_alloc::~bad_alloc()
 .text._ZNSt9bad_allocD0Ev
                0x080029d4       0x1c c:/program files (x86)/embitz/1.11/share/em_armgcc/bin/../lib/gcc/arm-none-eabi/5.4.1/../../../../arm-none-eabi/lib/armv7e-m/softfp\libstdc++.a(bad_alloc.o)
                0x080029d4                std::bad_alloc::~bad_alloc()
 .text._ZNSt9exceptionD2Ev
                0x080029f0        0x4 c:/program files (x86)/embitz/1.11/share/em_armgcc/bin/../lib/gcc/arm-none-eabi/5.4.1/../../../../arm-none-eabi/lib/armv7e-m/softfp\libstdc++.a(eh_exception.o)
                0x080029f0                std::exception::~exception()
                0x080029f0                std::exception::~exception()
 .text._ZNSt13bad_exceptionD2Ev
                0x080029f4        0x4 c:/program files (x86)/embitz/1.11/share/em_armgcc/bin/../lib/gcc/arm-none-eabi/5.4.1/../../../../arm-none-eabi/lib/armv7e-m/softfp\libstdc++.a(eh_exception.o)
                0x080029f4                std::bad_exception::~bad_exception()
                0x080029f4                std::bad_exception::~bad_exception()
 .text._ZNKSt13bad_exception4whatEv
                0x080029f8        0x8 c:/program files (x86)/embitz/1.11/share/em_armgcc/bin/../lib/gcc/arm-none-eabi/5.4.1/../../../../arm-none-eabi/lib/armv7e-m/softfp\libstdc++.a(eh_exception.o)
                0x080029f8                std::bad_exception::what() const
 .text._ZNSt13bad_exceptionD0Ev
                0x08002a00        0xc c:/program files (x86)/embitz/1.11/share/em_armgcc/bin/../lib/gcc/arm-none-eabi/5.4.1/../../../../arm-none-eabi/lib/armv7e-m/softfp\libstdc++.a(eh_exception.o)
                0x08002a00                std::bad_exception::~bad_exception()
 .text._ZdaPv   0x08002a0c        0x4 c:/program files (x86)/embitz/1.11/share/em_armgcc/bin/../lib/gcc/arm-none-eabi/5.4.1/../../../../arm-none-eabi/lib/armv7e-m/softfp\libstdc++.a(del_opv.o)
                0x08002a0c                operator delete[](void*)
 .text._ZL28read_encoded_value_with_basehjPKhPj
                0x08002a10       0xc0 c:/program files (x86)/embitz/1.11/share/em_armgcc/bin/../lib/gcc/arm-none-eabi/5.4.1/../../../../arm-none-eabi/lib/armv7e-m/softfp\libstdc++.a(eh_personality.o)
 .text._ZL21base_of_encoded_valuehP15_Unwind_Context
                0x08002ad0       0x4c c:/program files (x86)/embitz/1.11/share/em_armgcc/bin/../lib/gcc/arm-none-eabi/5.4.1/../../../../arm-none-eabi/lib/armv7e-m/softfp\libstdc++.a(eh_personality.o)
 .text._ZL17parse_lsda_headerP15_Unwind_ContextPKhP16lsda_header_info
                0x08002b1c       0x98 c:/program files (x86)/embitz/1.11/share/em_armgcc/bin/../lib/gcc/arm-none-eabi/5.4.1/../../../../arm-none-eabi/lib/armv7e-m/softfp\libstdc++.a(eh_personality.o)
 .text.__gxx_personality_v0
                0x08002bb4      0x4b4 c:/program files (x86)/embitz/1.11/share/em_armgcc/bin/../lib/gcc/arm-none-eabi/5.4.1/../../../../arm-none-eabi/lib/armv7e-m/softfp\libstdc++.a(eh_personality.o)
                0x08002bb4                __gxx_personality_v0
 .text._Znwj    0x08003068       0x3c c:/program files (x86)/embitz/1.11/share/em_armgcc/bin/../lib/gcc/arm-none-eabi/5.4.1/../../../../arm-none-eabi/lib/armv7e-m/softfp\libstdc++.a(new_op.o)
                0x08003068                operator new(unsigned int)
 .text._ZN10__cxxabiv1L24__is_gxx_exception_classEPc
                0x080030a4       0x3c c:/program files (x86)/embitz/1.11/share/em_armgcc/bin/../lib/gcc/arm-none-eabi/5.4.1/../../../../arm-none-eabi/lib/armv7e-m/softfp\libstdc++.a(eh_call.o)
 .text.__cxa_call_terminate
                0x080030e0       0x20 c:/program files (x86)/embitz/1.11/share/em_armgcc/bin/../lib/gcc/arm-none-eabi/5.4.1/../../../../arm-none-eabi/lib/armv7e-m/softfp\libstdc++.a(eh_call.o)
                0x080030e0                __cxa_call_terminate
 .text.__cxa_call_unexpected
                0x08003100       0xe8 c:/program files (x86)/embitz/1.11/share/em_armgcc/bin/../lib/gcc/arm-none-eabi/5.4.1/../../../../arm-none-eabi/lib/armv7e-m/softfp\libstdc++.a(eh_call.o)
                0x08003100                __cxa_call_unexpected
 .text._ZSt15get_new_handlerv
                0x080031e8       0x10 c:/program files (x86)/embitz/1.11/share/em_armgcc/bin/../lib/gcc/arm-none-eabi/5.4.1/../../../../arm-none-eabi/lib/armv7e-m/softfp\libstdc++.a(new_handler.o)
                0x080031e8                std::get_new_handler()
 .text._ZNK10__cxxabiv117__class_type_info11__do_upcastEPKS0_PPv
                0x080031f8       0x38 c:/program files (x86)/embitz/1.11/share/em_armgcc/bin/../lib/gcc/arm-none-eabi/5.4.1/../../../../arm-none-eabi/lib/armv7e-m/softfp\libstdc++.a(class_type_info.o)
                0x080031f8                __cxxabiv1::__class_type_info::__do_upcast(__cxxabiv1::__class_type_info const*, void**) const
 .text._ZNK10__cxxabiv117__class_type_info20__do_find_public_srcEiPKvPKS0_S2_
                0x08003230        0xc c:/program files (x86)/embitz/1.11/share/em_armgcc/bin/../lib/gcc/arm-none-eabi/5.4.1/../../../../arm-none-eabi/lib/armv7e-m/softfp\libstdc++.a(class_type_info.o)
                0x08003230                __cxxabiv1::__class_type_info::__do_find_public_src(int, void const*, __cxxabiv1::__class_type_info const*, void const*) const
 .text._ZN10__cxxabiv117__class_type_infoD2Ev
                0x0800323c       0x14 c:/program files (x86)/embitz/1.11/share/em_armgcc/bin/../lib/gcc/arm-none-eabi/5.4.1/../../../../arm-none-eabi/lib/armv7e-m/softfp\libstdc++.a(class_type_info.o)
                0x0800323c                __cxxabiv1::__class_type_info::~__class_type_info()
                0x0800323c                __cxxabiv1::__class_type_info::~__class_type_info()
 .text._ZN10__cxxabiv117__class_type_infoD0Ev
                0x08003250       0x1c c:/program files (x86)/embitz/1.11/share/em_armgcc/bin/../lib/gcc/arm-none-eabi/5.4.1/../../../../arm-none-eabi/lib/armv7e-m/softfp\libstdc++.a(class_type_info.o)
                0x08003250                __cxxabiv1::__class_type_info::~__class_type_info()
 .text._ZNK10__cxxabiv117__class_type_info11__do_upcastEPKS0_PKvRNS0_15__upcast_resultE
                0x0800326c       0x18 c:/program files (x86)/embitz/1.11/share/em_armgcc/bin/../lib/gcc/arm-none-eabi/5.4.1/../../../../arm-none-eabi/lib/armv7e-m/softfp\libstdc++.a(class_type_info.o)
                0x0800326c                __cxxabiv1::__class_type_info::__do_upcast(__cxxabiv1::__class_type_info const*, void const*, __cxxabiv1::__class_type_info::__upcast_result&) const
 .text._ZNK10__cxxabiv117__class_type_info12__do_dyncastEiNS0_10__sub_kindEPKS0_PKvS3_S5_RNS0_16__dyncast_resultE
                0x08003284       0x40 c:/program files (x86)/embitz/1.11/share/em_armgcc/bin/../lib/gcc/arm-none-eabi/5.4.1/../../../../arm-none-eabi/lib/armv7e-m/softfp\libstdc++.a(class_type_info.o)
                0x08003284                __cxxabiv1::__class_type_info::__do_dyncast(int, __cxxabiv1::__class_type_info::__sub_kind, __cxxabiv1::__class_type_info const*, void const*, __cxxabiv1::__class_type_info const*, void const*, __cxxabiv1::__class_type_info::__dyncast_result&) const
 .text._ZNK10__cxxabiv117__class_type_info10__do_catchEPKSt9type_infoPPvj
                0x080032c4       0x2c c:/program files (x86)/embitz/1.11/share/em_armgcc/bin/../lib/gcc/arm-none-eabi/5.4.1/../../../../arm-none-eabi/lib/armv7e-m/softfp\libstdc++.a(class_type_info.o)
                0x080032c4                __cxxabiv1::__class_type_info::__do_catch(std::type_info const*, void**, unsigned int) const
 .text.__cxa_end_cleanup
                0x080032f0        0xc c:/program files (x86)/embitz/1.11/share/em_armgcc/bin/../lib/gcc/arm-none-eabi/5.4.1/../../../../arm-none-eabi/lib/armv7e-m/softfp\libstdc++.a(eh_arm.o)
                0x080032f0                __cxa_end_cleanup
 .text.__cxa_type_match
                0x080032fc       0xb0 c:/program files (x86)/embitz/1.11/share/em_armgcc/bin/../lib/gcc/arm-none-eabi/5.4.1/../../../../arm-none-eabi/lib/armv7e-m/softfp\libstdc++.a(eh_arm.o)
                0x080032fc                __cxa_type_match
 .text.__cxa_begin_cleanup
                0x080033ac       0x64 c:/program files (x86)/embitz/1.11/share/em_armgcc/bin/../lib/gcc/arm-none-eabi/5.4.1/../../../../arm-none-eabi/lib/armv7e-m/softfp\libstdc++.a(eh_arm.o)
                0x080033ac                __cxa_begin_cleanup
 .text.__gnu_end_cleanup
                0x08003410       0x70 c:/program files (x86)/embitz/1.11/share/em_armgcc/bin/../lib/gcc/arm-none-eabi/5.4.1/../../../../arm-none-eabi/lib/armv7e-m/softfp\libstdc++.a(eh_arm.o)
                0x08003410                __gnu_end_cleanup
 .text._ZN10__cxxabiv111__terminateEPFvvE
                0x08003480       0x28 c:/program files (x86)/embitz/1.11/share/em_armgcc/bin/../lib/gcc/arm-none-eabi/5.4.1/../../../../arm-none-eabi/lib/armv7e-m/softfp\libstdc++.a(eh_terminate.o)
                0x08003480                __cxxabiv1::__terminate(void (*)())
 .text._ZSt9terminatev
                0x080034a8       0x14 c:/program files (x86)/embitz/1.11/share/em_armgcc/bin/../lib/gcc/arm-none-eabi/5.4.1/../../../../arm-none-eabi/lib/armv7e-m/softfp\libstdc++.a(eh_terminate.o)
                0x080034a8                std::terminate()
 .text._ZN10__cxxabiv112__unexpectedEPFvvE
                0x080034bc        0x8 c:/program files (x86)/embitz/1.11/share/em_armgcc/bin/../lib/gcc/arm-none-eabi/5.4.1/../../../../arm-none-eabi/lib/armv7e-m/softfp\libstdc++.a(eh_terminate.o)
                0x080034bc                __cxxabiv1::__unexpected(void (*)())
 .text._ZSt10unexpectedv
                0x080034c4       0x14 c:/program files (x86)/embitz/1.11/share/em_armgcc/bin/../lib/gcc/arm-none-eabi/5.4.1/../../../../arm-none-eabi/lib/armv7e-m/softfp\libstdc++.a(eh_terminate.o)
                0x080034c4                std::unexpected()
 .text._ZSt13get_terminatev
                0x080034d8       0x10 c:/program files (x86)/embitz/1.11/share/em_armgcc/bin/../lib/gcc/arm-none-eabi/5.4.1/../../../../arm-none-eabi/lib/armv7e-m/softfp\libstdc++.a(eh_terminate.o)
                0x080034d8                std::get_terminate()
 .text._ZSt14get_unexpectedv
                0x080034e8       0x10 c:/program files (x86)/embitz/1.11/share/em_armgcc/bin/../lib/gcc/arm-none-eabi/5.4.1/../../../../arm-none-eabi/lib/armv7e-m/softfp\libstdc++.a(eh_terminate.o)
                0x080034e8                std::get_unexpected()
 .text.__cxa_begin_catch
                0x080034f8       0x8c c:/program files (x86)/embitz/1.11/share/em_armgcc/bin/../lib/gcc/arm-none-eabi/5.4.1/../../../../arm-none-eabi/lib/armv7e-m/softfp\libstdc++.a(eh_catch.o)
                0x080034f8                __cxa_begin_catch
 .text.__cxa_end_catch
                0x08003584       0x8c c:/program files (x86)/embitz/1.11/share/em_armgcc/bin/../lib/gcc/arm-none-eabi/5.4.1/../../../../arm-none-eabi/lib/armv7e-m/softfp\libstdc++.a(eh_catch.o)
                0x08003584                __cxa_end_catch
 .text._ZN10__cxxabiv120__si_class_type_infoD2Ev
                0x08003610       0x14 c:/program files (x86)/embitz/1.11/share/em_armgcc/bin/../lib/gcc/arm-none-eabi/5.4.1/../../../../arm-none-eabi/lib/armv7e-m/softfp\libstdc++.a(si_class_type_info.o)
                0x08003610                __cxxabiv1::__si_class_type_info::~__si_class_type_info()
                0x08003610                __cxxabiv1::__si_class_type_info::~__si_class_type_info()
 .text._ZN10__cxxabiv120__si_class_type_infoD0Ev
                0x08003624       0x1c c:/program files (x86)/embitz/1.11/share/em_armgcc/bin/../lib/gcc/arm-none-eabi/5.4.1/../../../../arm-none-eabi/lib/armv7e-m/softfp\libstdc++.a(si_class_type_info.o)
                0x08003624                __cxxabiv1::__si_class_type_info::~__si_class_type_info()
 .text._ZNK10__cxxabiv120__si_class_type_info12__do_dyncastEiNS_17__class_type_info10__sub_kindEPKS1_PKvS4_S6_RNS1_16__dyncast_resultE
                0x08003640       0x90 c:/program files (x86)/embitz/1.11/share/em_armgcc/bin/../lib/gcc/arm-none-eabi/5.4.1/../../../../arm-none-eabi/lib/armv7e-m/softfp\libstdc++.a(si_class_type_info.o)
                0x08003640                __cxxabiv1::__si_class_type_info::__do_dyncast(int, __cxxabiv1::__class_type_info::__sub_kind, __cxxabiv1::__class_type_info const*, void const*, __cxxabiv1::__class_type_info const*, void const*, __cxxabiv1::__class_type_info::__dyncast_result&) const
 .text._ZNK10__cxxabiv120__si_class_type_info20__do_find_public_srcEiPKvPKNS_17__class_type_infoES2_
                0x080036d0       0x3c c:/program files (x86)/embitz/1.11/share/em_armgcc/bin/../lib/gcc/arm-none-eabi/5.4.1/../../../../arm-none-eabi/lib/armv7e-m/softfp\libstdc++.a(si_class_type_info.o)
                0x080036d0                __cxxabiv1::__si_class_type_info::__do_find_public_src(int, void const*, __cxxabiv1::__class_type_info const*, void const*) const
 .text._ZNK10__cxxabiv120__si_class_type_info11__do_upcastEPKNS_17__class_type_infoEPKvRNS1_15__upcast_resultE
                0x0800370c       0x2c c:/program files (x86)/embitz/1.11/share/em_armgcc/bin/../lib/gcc/arm-none-eabi/5.4.1/../../../../arm-none-eabi/lib/armv7e-m/softfp\libstdc++.a(si_class_type_info.o)
                0x0800370c                __cxxabiv1::__si_class_type_info::__do_upcast(__cxxabiv1::__class_type_info const*, void const*, __cxxabiv1::__class_type_info::__upcast_result&) const
 .text._ZNSt9type_infoD2Ev
                0x08003738        0x4 c:/program files (x86)/embitz/1.11/share/em_armgcc/bin/../lib/gcc/arm-none-eabi/5.4.1/../../../../arm-none-eabi/lib/armv7e-m/softfp\libstdc++.a(tinfo.o)
                0x08003738                std::type_info::~type_info()
                0x08003738                std::type_info::~type_info()
 .text._ZNKSt9type_info15__is_function_pEv
                0x0800373c        0x4 c:/program files (x86)/embitz/1.11/share/em_armgcc/bin/../lib/gcc/arm-none-eabi/5.4.1/../../../../arm-none-eabi/lib/armv7e-m/softfp\libstdc++.a(tinfo.o)
                0x0800373c                std::type_info::__is_pointer_p() const
                0x0800373c                std::type_info::__is_function_p() const
 .text._ZNKSt9type_infoeqERKS_
                0x08003740       0x2c c:/program files (x86)/embitz/1.11/share/em_armgcc/bin/../lib/gcc/arm-none-eabi/5.4.1/../../../../arm-none-eabi/lib/armv7e-m/softfp\libstdc++.a(tinfo.o)
                0x08003740                std::type_info::operator==(std::type_info const&) const
 .text.__cxa_get_globals_fast
                0x0800376c        0x8 c:/program files (x86)/embitz/1.11/share/em_armgcc/bin/../lib/gcc/arm-none-eabi/5.4.1/../../../../arm-none-eabi/lib/armv7e-m/softfp\libstdc++.a(eh_globals.o)
                0x0800376c                __cxa_get_globals_fast
 .text.__cxa_get_globals
                0x08003774        0x8 c:/program files (x86)/embitz/1.11/share/em_armgcc/bin/../lib/gcc/arm-none-eabi/5.4.1/../../../../arm-none-eabi/lib/armv7e-m/softfp\libstdc++.a(eh_globals.o)
                0x08003774                __cxa_get_globals
 .text._ZN12_GLOBAL__N_14pool4freeEPv.constprop.4
                0x0800377c       0x74 c:/program files (x86)/embitz/1.11/share/em_armgcc/bin/../lib/gcc/arm-none-eabi/5.4.1/../../../../arm-none-eabi/lib/armv7e-m/softfp\libstdc++.a(eh_alloc.o)
 .text._ZN12_GLOBAL__N_14pool8allocateEj.constprop.5
                0x080037f0       0x64 c:/program files (x86)/embitz/1.11/share/em_armgcc/bin/../lib/gcc/arm-none-eabi/5.4.1/../../../../arm-none-eabi/lib/armv7e-m/softfp\libstdc++.a(eh_alloc.o)
 .text.__cxa_allocate_exception
                0x08003854       0x30 c:/program files (x86)/embitz/1.11/share/em_armgcc/bin/../lib/gcc/arm-none-eabi/5.4.1/../../../../arm-none-eabi/lib/armv7e-m/softfp\libstdc++.a(eh_alloc.o)
                0x08003854                __cxa_allocate_exception
 .text.__cxa_free_exception
                0x08003884       0x20 c:/program files (x86)/embitz/1.11/share/em_armgcc/bin/../lib/gcc/arm-none-eabi/5.4.1/../../../../arm-none-eabi/lib/armv7e-m/softfp\libstdc++.a(eh_alloc.o)
                0x08003884                __cxa_free_exception
 .text.startup._GLOBAL__sub_I___cxa_allocate_exception
                0x080038a4       0x28 c:/program files (x86)/embitz/1.11/share/em_armgcc/bin/../lib/gcc/arm-none-eabi/5.4.1/../../../../arm-none-eabi/lib/armv7e-m/softfp\libstdc++.a(eh_alloc.o)
 .text._ZL23__gxx_exception_cleanup19_Unwind_Reason_CodeP21_Unwind_Control_Block
                0x080038cc       0x44 c:/program files (x86)/embitz/1.11/share/em_armgcc/bin/../lib/gcc/arm-none-eabi/5.4.1/../../../../arm-none-eabi/lib/armv7e-m/softfp\libstdc++.a(eh_throw.o)
 .text.__cxa_throw
                0x08003910       0x7c c:/program files (x86)/embitz/1.11/share/em_armgcc/bin/../lib/gcc/arm-none-eabi/5.4.1/../../../../arm-none-eabi/lib/armv7e-m/softfp\libstdc++.a(eh_throw.o)
                0x08003910                __cxa_throw
 .text.__cxa_rethrow
                0x0800398c       0x70 c:/program files (x86)/embitz/1.11/share/em_armgcc/bin/../lib/gcc/arm-none-eabi/5.4.1/../../../../arm-none-eabi/lib/armv7e-m/softfp\libstdc++.a(eh_throw.o)
                0x0800398c                __cxa_rethrow
 .text.abort    0x080039fc       0x10 c:/program files (x86)/embitz/1.11/share/em_armgcc/bin/../lib/gcc/arm-none-eabi/5.4.1/../../../../arm-none-eabi/lib/armv7e-m/softfp\libc.a(lib_a-abort.o)
                0x080039fc                abort
 .text.atexit   0x08003a0c        0xc c:/program files (x86)/embitz/1.11/share/em_armgcc/bin/../lib/gcc/arm-none-eabi/5.4.1/../../../../arm-none-eabi/lib/armv7e-m/softfp\libc.a(lib_a-atexit.o)
                0x08003a0c                atexit
 .text.__cxa_atexit
                0x08003a18        0xc c:/program files (x86)/embitz/1.11/share/em_armgcc/bin/../lib/gcc/arm-none-eabi/5.4.1/../../../../arm-none-eabi/lib/armv7e-m/softfp\libc.a(lib_a-cxa_atexit.o)
                0x08003a18                __cxa_atexit
 .text.__errno  0x08003a24        0xc c:/program files (x86)/embitz/1.11/share/em_armgcc/bin/../lib/gcc/arm-none-eabi/5.4.1/../../../../arm-none-eabi/lib/armv7e-m/softfp\libc.a(lib_a-errno.o)
                0x08003a24                __errno
 .text.exit     0x08003a30       0x20 c:/program files (x86)/embitz/1.11/share/em_armgcc/bin/../lib/gcc/arm-none-eabi/5.4.1/../../../../arm-none-eabi/lib/armv7e-m/softfp\libc.a(lib_a-exit.o)
                0x08003a30                exit
 .text.__sflush_r
                0x08003a50      0x148 c:/program files (x86)/embitz/1.11/share/em_armgcc/bin/../lib/gcc/arm-none-eabi/5.4.1/../../../../arm-none-eabi/lib/armv7e-m/softfp\libc.a(lib_a-fflush.o)
                0x08003a50                __sflush_r
 .text._fflush_r
                0x08003b98       0x2c c:/program files (x86)/embitz/1.11/share/em_armgcc/bin/../lib/gcc/arm-none-eabi/5.4.1/../../../../arm-none-eabi/lib/armv7e-m/softfp\libc.a(lib_a-fflush.o)
                0x08003b98                _fflush_r
 .text.fflush   0x08003bc4       0x24 c:/program files (x86)/embitz/1.11/share/em_armgcc/bin/../lib/gcc/arm-none-eabi/5.4.1/../../../../arm-none-eabi/lib/armv7e-m/softfp\libc.a(lib_a-fflush.o)
                0x08003bc4                fflush
 .text._cleanup_r
                0x08003be8        0xc c:/program files (x86)/embitz/1.11/share/em_armgcc/bin/../lib/gcc/arm-none-eabi/5.4.1/../../../../arm-none-eabi/lib/armv7e-m/softfp\libc.a(lib_a-findfp.o)
                0x08003be8                _cleanup_r
 .text.__sinit.part.1
                0x08003bf4       0xf0 c:/program files (x86)/embitz/1.11/share/em_armgcc/bin/../lib/gcc/arm-none-eabi/5.4.1/../../../../arm-none-eabi/lib/armv7e-m/softfp\libc.a(lib_a-findfp.o)
 .text.__sfmoreglue
                0x08003ce4       0x30 c:/program files (x86)/embitz/1.11/share/em_armgcc/bin/../lib/gcc/arm-none-eabi/5.4.1/../../../../arm-none-eabi/lib/armv7e-m/softfp\libc.a(lib_a-findfp.o)
                0x08003ce4                __sfmoreglue
 .text.__sfp    0x08003d14       0x88 c:/program files (x86)/embitz/1.11/share/em_armgcc/bin/../lib/gcc/arm-none-eabi/5.4.1/../../../../arm-none-eabi/lib/armv7e-m/softfp\libc.a(lib_a-findfp.o)
                0x08003d14                __sfp
 .text.__sinit  0x08003d9c        0xc c:/program files (x86)/embitz/1.11/share/em_armgcc/bin/../lib/gcc/arm-none-eabi/5.4.1/../../../../arm-none-eabi/lib/armv7e-m/softfp\libc.a(lib_a-findfp.o)
                0x08003d9c                __sinit
 .text.__sfp_lock_acquire
                0x08003da8        0x4 c:/program files (x86)/embitz/1.11/share/em_armgcc/bin/../lib/gcc/arm-none-eabi/5.4.1/../../../../arm-none-eabi/lib/armv7e-m/softfp\libc.a(lib_a-findfp.o)
                0x08003da8                __sfp_lock_acquire
 .text.__sfp_lock_release
                0x08003dac        0x4 c:/program files (x86)/embitz/1.11/share/em_armgcc/bin/../lib/gcc/arm-none-eabi/5.4.1/../../../../arm-none-eabi/lib/armv7e-m/softfp\libc.a(lib_a-findfp.o)
                0x08003dac                __sfp_lock_release
 .text.__libc_fini_array
                0x08003db0       0x28 c:/program files (x86)/embitz/1.11/share/em_armgcc/bin/../lib/gcc/arm-none-eabi/5.4.1/../../../../arm-none-eabi/lib/armv7e-m/softfp\libc.a(lib_a-fini.o)
                0x08003db0                __libc_fini_array
 .text._malloc_trim_r
                0x08003dd8       0x9c c:/program files (x86)/embitz/1.11/share/em_armgcc/bin/../lib/gcc/arm-none-eabi/5.4.1/../../../../arm-none-eabi/lib/armv7e-m/softfp\libc.a(lib_a-freer.o)
                0x08003dd8                _malloc_trim_r
 .text._free_r  0x08003e74      0x1d0 c:/program files (x86)/embitz/1.11/share/em_armgcc/bin/../lib/gcc/arm-none-eabi/5.4.1/../../../../arm-none-eabi/lib/armv7e-m/softfp\libc.a(lib_a-freer.o)
                0x08003e74                _free_r
 .text._fwalk   0x08004044       0x4c c:/program files (x86)/embitz/1.11/share/em_armgcc/bin/../lib/gcc/arm-none-eabi/5.4.1/../../../../arm-none-eabi/lib/armv7e-m/softfp\libc.a(lib_a-fwalk.o)
                0x08004044                _fwalk
 .text._fwalk_reent
                0x08004090       0x54 c:/program files (x86)/embitz/1.11/share/em_armgcc/bin/../lib/gcc/arm-none-eabi/5.4.1/../../../../arm-none-eabi/lib/armv7e-m/softfp\libc.a(lib_a-fwalk.o)
                0x08004090                _fwalk_reent
 .text.__libc_init_array
                0x080040e4       0x50 c:/program files (x86)/embitz/1.11/share/em_armgcc/bin/../lib/gcc/arm-none-eabi/5.4.1/../../../../arm-none-eabi/lib/armv7e-m/softfp\libc.a(lib_a-init.o)
                0x080040e4                __libc_init_array
 .text.malloc   0x08004134       0x10 c:/program files (x86)/embitz/1.11/share/em_armgcc/bin/../lib/gcc/arm-none-eabi/5.4.1/../../../../arm-none-eabi/lib/armv7e-m/softfp\libc.a(lib_a-malloc.o)
                0x08004134                malloc
 .text.free     0x08004144       0x10 c:/program files (x86)/embitz/1.11/share/em_armgcc/bin/../lib/gcc/arm-none-eabi/5.4.1/../../../../arm-none-eabi/lib/armv7e-m/softfp\libc.a(lib_a-malloc.o)
                0x08004144                free
 .text._malloc_r
                0x08004154      0x570 c:/program files (x86)/embitz/1.11/share/em_armgcc/bin/../lib/gcc/arm-none-eabi/5.4.1/../../../../arm-none-eabi/lib/armv7e-m/softfp\libc.a(lib_a-mallocr.o)
                0x08004154                _malloc_r
 *fill*         0x080046c4        0xc 
 .text          0x080046d0       0xa0 c:/program files (x86)/embitz/1.11/share/em_armgcc/bin/../lib/gcc/arm-none-eabi/5.4.1/../../../../arm-none-eabi/lib/armv7e-m/softfp\libc.a(lib_a-memchr.o)
                0x080046d0                memchr
 .text          0x08004770      0x134 c:/program files (x86)/embitz/1.11/share/em_armgcc/bin/../lib/gcc/arm-none-eabi/5.4.1/../../../../arm-none-eabi/lib/armv7e-m/softfp\libc.a(lib_a-memcpy.o)
                0x08004770                memcpy
 .text.memset   0x080048a4       0x9c c:/program files (x86)/embitz/1.11/share/em_armgcc/bin/../lib/gcc/arm-none-eabi/5.4.1/../../../../arm-none-eabi/lib/armv7e-m/softfp\libc.a(lib_a-memset.o)
                0x080048a4                memset
 .text.__malloc_lock
                0x08004940        0x4 c:/program files (x86)/embitz/1.11/share/em_armgcc/bin/../lib/gcc/arm-none-eabi/5.4.1/../../../../arm-none-eabi/lib/armv7e-m/softfp\libc.a(lib_a-mlock.o)
                0x08004940                __malloc_lock
 .text.__malloc_unlock
                0x08004944        0x4 c:/program files (x86)/embitz/1.11/share/em_armgcc/bin/../lib/gcc/arm-none-eabi/5.4.1/../../../../arm-none-eabi/lib/armv7e-m/softfp\libc.a(lib_a-mlock.o)
                0x08004944                __malloc_unlock
 .text.lflush   0x08004948       0x14 c:/program files (x86)/embitz/1.11/share/em_armgcc/bin/../lib/gcc/arm-none-eabi/5.4.1/../../../../arm-none-eabi/lib/armv7e-m/softfp\libc.a(lib_a-refill.o)
 .text.__srefill_r
                0x0800495c      0x114 c:/program files (x86)/embitz/1.11/share/em_armgcc/bin/../lib/gcc/arm-none-eabi/5.4.1/../../../../arm-none-eabi/lib/armv7e-m/softfp\libc.a(lib_a-refill.o)
                0x0800495c                __srefill_r
 .text._sbrk_r  0x08004a70       0x24 c:/program files (x86)/embitz/1.11/share/em_armgcc/bin/../lib/gcc/arm-none-eabi/5.4.1/../../../../arm-none-eabi/lib/armv7e-m/softfp\libc.a(lib_a-sbrkr.o)
                0x08004a70                _sbrk_r
 .text.setbuf   0x08004a94       0x10 c:/program files (x86)/embitz/1.11/share/em_armgcc/bin/../lib/gcc/arm-none-eabi/5.4.1/../../../../arm-none-eabi/lib/armv7e-m/softfp\libc.a(lib_a-setbuf.o)
                0x08004a94                setbuf
 .text.setvbuf  0x08004aa4      0x150 c:/program files (x86)/embitz/1.11/share/em_armgcc/bin/../lib/gcc/arm-none-eabi/5.4.1/../../../../arm-none-eabi/lib/armv7e-m/softfp\libc.a(lib_a-setvbuf.o)
                0x08004aa4                setvbuf
 .text._raise_r
                0x08004bf4       0x58 c:/program files (x86)/embitz/1.11/share/em_armgcc/bin/../lib/gcc/arm-none-eabi/5.4.1/../../../../arm-none-eabi/lib/armv7e-m/softfp\libc.a(lib_a-signal.o)
                0x08004bf4                _raise_r
 .text.raise    0x08004c4c       0x10 c:/program files (x86)/embitz/1.11/share/em_armgcc/bin/../lib/gcc/arm-none-eabi/5.4.1/../../../../arm-none-eabi/lib/armv7e-m/softfp\libc.a(lib_a-signal.o)
                0x08004c4c                raise
 .text._kill_r  0x08004c5c       0x28 c:/program files (x86)/embitz/1.11/share/em_armgcc/bin/../lib/gcc/arm-none-eabi/5.4.1/../../../../arm-none-eabi/lib/armv7e-m/softfp\libc.a(lib_a-signalr.o)
                0x08004c5c                _kill_r
 .text._getpid_r
                0x08004c84        0x4 c:/program files (x86)/embitz/1.11/share/em_armgcc/bin/../lib/gcc/arm-none-eabi/5.4.1/../../../../arm-none-eabi/lib/armv7e-m/softfp\libc.a(lib_a-signalr.o)
                0x08004c84                _getpid_r
 .text.sscanf   0x08004c88       0x58 c:/program files (x86)/embitz/1.11/share/em_armgcc/bin/../lib/gcc/arm-none-eabi/5.4.1/../../../../arm-none-eabi/lib/armv7e-m/softfp\libc.a(lib_a-sscanf.o)
                0x08004c88                sscanf
 .text.__sread  0x08004ce0       0x24 c:/program files (x86)/embitz/1.11/share/em_armgcc/bin/../lib/gcc/arm-none-eabi/5.4.1/../../../../arm-none-eabi/lib/armv7e-m/softfp\libc.a(lib_a-stdio.o)
                0x08004ce0                __sread
 .text.__seofread
                0x08004d04        0x4 c:/program files (x86)/embitz/1.11/share/em_armgcc/bin/../lib/gcc/arm-none-eabi/5.4.1/../../../../arm-none-eabi/lib/armv7e-m/softfp\libc.a(lib_a-stdio.o)
                0x08004d04                __seofread
 .text.__swrite
                0x08004d08       0x3c c:/program files (x86)/embitz/1.11/share/em_armgcc/bin/../lib/gcc/arm-none-eabi/5.4.1/../../../../arm-none-eabi/lib/armv7e-m/softfp\libc.a(lib_a-stdio.o)
                0x08004d08                __swrite
 .text.__sseek  0x08004d44       0x20 c:/program files (x86)/embitz/1.11/share/em_armgcc/bin/../lib/gcc/arm-none-eabi/5.4.1/../../../../arm-none-eabi/lib/armv7e-m/softfp\libc.a(lib_a-stdio.o)
                0x08004d44                __sseek
 .text.__sclose
                0x08004d64        0x8 c:/program files (x86)/embitz/1.11/share/em_armgcc/bin/../lib/gcc/arm-none-eabi/5.4.1/../../../../arm-none-eabi/lib/armv7e-m/softfp\libc.a(lib_a-stdio.o)
                0x08004d64                __sclose
 *fill*         0x08004d6c       0x14 
 .text          0x08004d80      0x2dc c:/program files (x86)/embitz/1.11/share/em_armgcc/bin/../lib/gcc/arm-none-eabi/5.4.1/../../../../arm-none-eabi/lib/armv7e-m/softfp\libc.a(lib_a-strcmp.o)
                0x08004d88                strcmp
 *fill*         0x0800505c       0x24 
 .text          0x08005080       0xdc c:/program files (x86)/embitz/1.11/share/em_armgcc/bin/../lib/gcc/arm-none-eabi/5.4.1/../../../../arm-none-eabi/lib/armv7e-m/softfp\libc.a(lib_a-strlen.o)
                0x08005080                strlen
 .text.__ssvfscanf_r
                0x0800515c      0xed4 c:/program files (x86)/embitz/1.11/share/em_armgcc/bin/../lib/gcc/arm-none-eabi/5.4.1/../../../../arm-none-eabi/lib/armv7e-m/softfp\libc.a(lib_a-svfscanf.o)
                0x0800515c                __ssvfscanf_r
 .text._write_r
                0x08006030       0x2c c:/program files (x86)/embitz/1.11/share/em_armgcc/bin/../lib/gcc/arm-none-eabi/5.4.1/../../../../arm-none-eabi/lib/armv7e-m/softfp\libc.a(lib_a-writer.o)
                0x08006030                _write_r
 .text.__register_exitproc
                0x0800605c       0xa4 c:/program files (x86)/embitz/1.11/share/em_armgcc/bin/../lib/gcc/arm-none-eabi/5.4.1/../../../../arm-none-eabi/lib/armv7e-m/softfp\libc.a(lib_a-__atexit.o)
                0x0800605c                __register_exitproc
 .text.startup.register_fini
                0x08006100       0x14 c:/program files (x86)/embitz/1.11/share/em_armgcc/bin/../lib/gcc/arm-none-eabi/5.4.1/../../../../arm-none-eabi/lib/armv7e-m/softfp\libc.a(lib_a-__call_atexit.o)
 .text.__call_exitprocs
                0x08006114       0xd8 c:/program files (x86)/embitz/1.11/share/em_armgcc/bin/../lib/gcc/arm-none-eabi/5.4.1/../../../../arm-none-eabi/lib/armv7e-m/softfp\libc.a(lib_a-__call_atexit.o)
                0x08006114                __call_exitprocs
 .text._close_r
                0x080061ec       0x24 c:/program files (x86)/embitz/1.11/share/em_armgcc/bin/../lib/gcc/arm-none-eabi/5.4.1/../../../../arm-none-eabi/lib/armv7e-m/softfp\libc.a(lib_a-closer.o)
                0x080061ec                _close_r
 .text._fclose_r
                0x08006210       0x84 c:/program files (x86)/embitz/1.11/share/em_armgcc/bin/../lib/gcc/arm-none-eabi/5.4.1/../../../../arm-none-eabi/lib/armv7e-m/softfp\libc.a(lib_a-fclose.o)
                0x08006210                _fclose_r
 .text.fclose   0x08006294       0x10 c:/program files (x86)/embitz/1.11/share/em_armgcc/bin/../lib/gcc/arm-none-eabi/5.4.1/../../../../arm-none-eabi/lib/armv7e-m/softfp\libc.a(lib_a-fclose.o)
                0x08006294                fclose
 .text.iswspace
                0x080062a4       0x1c c:/program files (x86)/embitz/1.11/share/em_armgcc/bin/../lib/gcc/arm-none-eabi/5.4.1/../../../../arm-none-eabi/lib/armv7e-m/softfp\libc.a(lib_a-iswspace.o)
                0x080062a4                iswspace
 .text.__locale_charset
                0x080062c0        0x8 c:/program files (x86)/embitz/1.11/share/em_armgcc/bin/../lib/gcc/arm-none-eabi/5.4.1/../../../../arm-none-eabi/lib/armv7e-m/softfp\libc.a(lib_a-locale.o)
                0x080062c0                __locale_charset
 .text.__locale_mb_cur_max
                0x080062c8        0xc c:/program files (x86)/embitz/1.11/share/em_armgcc/bin/../lib/gcc/arm-none-eabi/5.4.1/../../../../arm-none-eabi/lib/armv7e-m/softfp\libc.a(lib_a-locale.o)
                0x080062c8                __locale_mb_cur_max
 .text._localeconv_r
                0x080062d4        0x8 c:/program files (x86)/embitz/1.11/share/em_armgcc/bin/../lib/gcc/arm-none-eabi/5.4.1/../../../../arm-none-eabi/lib/armv7e-m/softfp\libc.a(lib_a-locale.o)
                0x080062d4                _localeconv_r
 .text._lseek_r
                0x080062dc       0x2c c:/program files (x86)/embitz/1.11/share/em_armgcc/bin/../lib/gcc/arm-none-eabi/5.4.1/../../../../arm-none-eabi/lib/armv7e-m/softfp\libc.a(lib_a-lseekr.o)
                0x080062dc                _lseek_r
 .text.__swhatbuf_r
                0x08006308       0x60 c:/program files (x86)/embitz/1.11/share/em_armgcc/bin/../lib/gcc/arm-none-eabi/5.4.1/../../../../arm-none-eabi/lib/armv7e-m/softfp\libc.a(lib_a-makebuf.o)
                0x08006308                __swhatbuf_r
 .text.__smakebuf_r
                0x08006368       0x88 c:/program files (x86)/embitz/1.11/share/em_armgcc/bin/../lib/gcc/arm-none-eabi/5.4.1/../../../../arm-none-eabi/lib/armv7e-m/softfp\libc.a(lib_a-makebuf.o)
                0x08006368                __smakebuf_r
 .text._mbrtowc_r
                0x080063f0       0x5c c:/program files (x86)/embitz/1.11/share/em_armgcc/bin/../lib/gcc/arm-none-eabi/5.4.1/../../../../arm-none-eabi/lib/armv7e-m/softfp\libc.a(lib_a-mbrtowc.o)
                0x080063f0                _mbrtowc_r
 .text.__ascii_mbtowc
                0x0800644c       0x2c c:/program files (x86)/embitz/1.11/share/em_armgcc/bin/../lib/gcc/arm-none-eabi/5.4.1/../../../../arm-none-eabi/lib/armv7e-m/softfp\libc.a(lib_a-mbtowc_r.o)
                0x0800644c                __ascii_mbtowc
 .text._read_r  0x08006478       0x2c c:/program files (x86)/embitz/1.11/share/em_armgcc/bin/../lib/gcc/arm-none-eabi/5.4.1/../../../../arm-none-eabi/lib/armv7e-m/softfp\libc.a(lib_a-readr.o)
                0x08006478                _read_r
 .text.__sccl   0x080064a4       0x74 c:/program files (x86)/embitz/1.11/share/em_armgcc/bin/../lib/gcc/arm-none-eabi/5.4.1/../../../../arm-none-eabi/lib/armv7e-m/softfp\libc.a(lib_a-sccl.o)
                0x080064a4                __sccl
 .text.nanf     0x08006518        0x8 c:/program files (x86)/embitz/1.11/share/em_armgcc/bin/../lib/gcc/arm-none-eabi/5.4.1/../../../../arm-none-eabi/lib/armv7e-m/softfp\libc.a(lib_a-sf_nan.o)
                0x08006518                nanf
 .text.sprintf  0x08006520       0x4c c:/program files (x86)/embitz/1.11/share/em_armgcc/bin/../lib/gcc/arm-none-eabi/5.4.1/../../../../arm-none-eabi/lib/armv7e-m/softfp\libc.a(lib_a-sprintf.o)
                0x08006520                sprintf
 .text.sulp     0x0800656c       0x44 c:/program files (x86)/embitz/1.11/share/em_armgcc/bin/../lib/gcc/arm-none-eabi/5.4.1/../../../../arm-none-eabi/lib/armv7e-m/softfp\libc.a(lib_a-strtod.o)
 .text._strtod_r
                0x080065b0      0xeb8 c:/program files (x86)/embitz/1.11/share/em_armgcc/bin/../lib/gcc/arm-none-eabi/5.4.1/../../../../arm-none-eabi/lib/armv7e-m/softfp\libc.a(lib_a-strtod.o)
                0x080065b0                _strtod_r
 .text._strtol_r
                0x08007468      0x128 c:/program files (x86)/embitz/1.11/share/em_armgcc/bin/../lib/gcc/arm-none-eabi/5.4.1/../../../../arm-none-eabi/lib/armv7e-m/softfp\libc.a(lib_a-strtol.o)
                0x08007468                _strtol_r
 .text._strtoll_r
                0x08007590      0x1b0 c:/program files (x86)/embitz/1.11/share/em_armgcc/bin/../lib/gcc/arm-none-eabi/5.4.1/../../../../arm-none-eabi/lib/armv7e-m/softfp\libc.a(lib_a-strtoll_r.o)
                0x08007590                _strtoll_r
 .text._strtoul_r
                0x08007740      0x134 c:/program files (x86)/embitz/1.11/share/em_armgcc/bin/../lib/gcc/arm-none-eabi/5.4.1/../../../../arm-none-eabi/lib/armv7e-m/softfp\libc.a(lib_a-strtoul.o)
                0x08007740                _strtoul_r
 .text._strtoull_r
                0x08007874      0x1c8 c:/program files (x86)/embitz/1.11/share/em_armgcc/bin/../lib/gcc/arm-none-eabi/5.4.1/../../../../arm-none-eabi/lib/armv7e-m/softfp\libc.a(lib_a-strtoull_r.o)
                0x08007874                _strtoull_r
 .text._sungetc_r
                0x08007a3c       0x8c c:/program files (x86)/embitz/1.11/share/em_armgcc/bin/../lib/gcc/arm-none-eabi/5.4.1/../../../../arm-none-eabi/lib/armv7e-m/softfp\libc.a(lib_a-svfiscanf.o)
                0x08007a3c                _sungetc_r
 .text.__ssrefill_r
                0x08007ac8       0x3c c:/program files (x86)/embitz/1.11/share/em_armgcc/bin/../lib/gcc/arm-none-eabi/5.4.1/../../../../arm-none-eabi/lib/armv7e-m/softfp\libc.a(lib_a-svfiscanf.o)
                0x08007ac8                __ssrefill_r
 .text._sfread_r
                0x08007b04       0x84 c:/program files (x86)/embitz/1.11/share/em_armgcc/bin/../lib/gcc/arm-none-eabi/5.4.1/../../../../arm-none-eabi/lib/armv7e-m/softfp\libc.a(lib_a-svfiscanf.o)
                0x08007b04                _sfread_r
 .text._svfprintf_r
                0x08007b88     0x16e0 c:/program files (x86)/embitz/1.11/share/em_armgcc/bin/../lib/gcc/arm-none-eabi/5.4.1/../../../../arm-none-eabi/lib/armv7e-m/softfp\libc.a(lib_a-svfprintf.o)
                0x08007b88                _svfprintf_r
 .text.__submore
                0x08009268       0x78 c:/program files (x86)/embitz/1.11/share/em_armgcc/bin/../lib/gcc/arm-none-eabi/5.4.1/../../../../arm-none-eabi/lib/armv7e-m/softfp\libc.a(lib_a-ungetc.o)
                0x08009268                __submore
 .text.quorem   0x080092e0      0x128 c:/program files (x86)/embitz/1.11/share/em_armgcc/bin/../lib/gcc/arm-none-eabi/5.4.1/../../../../arm-none-eabi/lib/armv7e-m/softfp\libc.a(lib_a-dtoa.o)
 .text._dtoa_r  0x08009408      0xe2c c:/program files (x86)/embitz/1.11/share/em_armgcc/bin/../lib/gcc/arm-none-eabi/5.4.1/../../../../arm-none-eabi/lib/armv7e-m/softfp\libc.a(lib_a-dtoa.o)
                0x08009408                _dtoa_r
 .text._fstat_r
                0x0800a234       0x28 c:/program files (x86)/embitz/1.11/share/em_armgcc/bin/../lib/gcc/arm-none-eabi/5.4.1/../../../../arm-none-eabi/lib/armv7e-m/softfp\libc.a(lib_a-fstatr.o)
                0x0800a234                _fstat_r
 .text.rshift   0x0800a25c       0xa8 c:/program files (x86)/embitz/1.11/share/em_armgcc/bin/../lib/gcc/arm-none-eabi/5.4.1/../../../../arm-none-eabi/lib/armv7e-m/softfp\libc.a(lib_a-gdtoa-gethex.o)
 .text.__gethex
                0x0800a304      0x510 c:/program files (x86)/embitz/1.11/share/em_armgcc/bin/../lib/gcc/arm-none-eabi/5.4.1/../../../../arm-none-eabi/lib/armv7e-m/softfp\libc.a(lib_a-gdtoa-gethex.o)
                0x0800a304                __gethex
 .text.__match  0x0800a814       0x30 c:/program files (x86)/embitz/1.11/share/em_armgcc/bin/../lib/gcc/arm-none-eabi/5.4.1/../../../../arm-none-eabi/lib/armv7e-m/softfp\libc.a(lib_a-gdtoa-hexnan.o)
                0x0800a814                __match
 .text.__hexnan
                0x0800a844      0x180 c:/program files (x86)/embitz/1.11/share/em_armgcc/bin/../lib/gcc/arm-none-eabi/5.4.1/../../../../arm-none-eabi/lib/armv7e-m/softfp\libc.a(lib_a-gdtoa-hexnan.o)
                0x0800a844                __hexnan
 .text._isatty_r
                0x0800a9c4       0x24 c:/program files (x86)/embitz/1.11/share/em_armgcc/bin/../lib/gcc/arm-none-eabi/5.4.1/../../../../arm-none-eabi/lib/armv7e-m/softfp\libc.a(lib_a-isattyr.o)
                0x0800a9c4                _isatty_r
 .text._Balloc  0x0800a9e8       0x4c c:/program files (x86)/embitz/1.11/share/em_armgcc/bin/../lib/gcc/arm-none-eabi/5.4.1/../../../../arm-none-eabi/lib/armv7e-m/softfp\libc.a(lib_a-mprec.o)
                0x0800a9e8                _Balloc
 .text._Bfree   0x0800aa34       0x14 c:/program files (x86)/embitz/1.11/share/em_armgcc/bin/../lib/gcc/arm-none-eabi/5.4.1/../../../../arm-none-eabi/lib/armv7e-m/softfp\libc.a(lib_a-mprec.o)
                0x0800aa34                _Bfree
 .text.__multadd
                0x0800aa48       0x80 c:/program files (x86)/embitz/1.11/share/em_armgcc/bin/../lib/gcc/arm-none-eabi/5.4.1/../../../../arm-none-eabi/lib/armv7e-m/softfp\libc.a(lib_a-mprec.o)
                0x0800aa48                __multadd
 .text.__s2b    0x0800aac8       0x98 c:/program files (x86)/embitz/1.11/share/em_armgcc/bin/../lib/gcc/arm-none-eabi/5.4.1/../../../../arm-none-eabi/lib/armv7e-m/softfp\libc.a(lib_a-mprec.o)
                0x0800aac8                __s2b
 .text.__hi0bits
                0x0800ab60       0x40 c:/program files (x86)/embitz/1.11/share/em_armgcc/bin/../lib/gcc/arm-none-eabi/5.4.1/../../../../arm-none-eabi/lib/armv7e-m/softfp\libc.a(lib_a-mprec.o)
                0x0800ab60                __hi0bits
 .text.__lo0bits
                0x0800aba0       0x5c c:/program files (x86)/embitz/1.11/share/em_armgcc/bin/../lib/gcc/arm-none-eabi/5.4.1/../../../../arm-none-eabi/lib/armv7e-m/softfp\libc.a(lib_a-mprec.o)
                0x0800aba0                __lo0bits
 .text.__i2b    0x0800abfc       0x14 c:/program files (x86)/embitz/1.11/share/em_armgcc/bin/../lib/gcc/arm-none-eabi/5.4.1/../../../../arm-none-eabi/lib/armv7e-m/softfp\libc.a(lib_a-mprec.o)
                0x0800abfc                __i2b
 .text.__multiply
                0x0800ac10      0x130 c:/program files (x86)/embitz/1.11/share/em_armgcc/bin/../lib/gcc/arm-none-eabi/5.4.1/../../../../arm-none-eabi/lib/armv7e-m/softfp\libc.a(lib_a-mprec.o)
                0x0800ac10                __multiply
 .text.__pow5mult
                0x0800ad40       0xa0 c:/program files (x86)/embitz/1.11/share/em_armgcc/bin/../lib/gcc/arm-none-eabi/5.4.1/../../../../arm-none-eabi/lib/armv7e-m/softfp\libc.a(lib_a-mprec.o)
                0x0800ad40                __pow5mult
 .text.__lshift
                0x0800ade0       0xb0 c:/program files (x86)/embitz/1.11/share/em_armgcc/bin/../lib/gcc/arm-none-eabi/5.4.1/../../../../arm-none-eabi/lib/armv7e-m/softfp\libc.a(lib_a-mprec.o)
                0x0800ade0                __lshift
 .text.__mcmp   0x0800ae90       0x44 c:/program files (x86)/embitz/1.11/share/em_armgcc/bin/../lib/gcc/arm-none-eabi/5.4.1/../../../../arm-none-eabi/lib/armv7e-m/softfp\libc.a(lib_a-mprec.o)
                0x0800ae90                __mcmp
 .text.__mdiff  0x0800aed4      0x114 c:/program files (x86)/embitz/1.11/share/em_armgcc/bin/../lib/gcc/arm-none-eabi/5.4.1/../../../../arm-none-eabi/lib/armv7e-m/softfp\libc.a(lib_a-mprec.o)
                0x0800aed4                __mdiff
 .text.__ulp    0x0800afe8       0x44 c:/program files (x86)/embitz/1.11/share/em_armgcc/bin/../lib/gcc/arm-none-eabi/5.4.1/../../../../arm-none-eabi/lib/armv7e-m/softfp\libc.a(lib_a-mprec.o)
                0x0800afe8                __ulp
 .text.__b2d    0x0800b02c       0xd4 c:/program files (x86)/embitz/1.11/share/em_armgcc/bin/../lib/gcc/arm-none-eabi/5.4.1/../../../../arm-none-eabi/lib/armv7e-m/softfp\libc.a(lib_a-mprec.o)
                0x0800b02c                __b2d
 .text.__d2b    0x0800b100       0xb8 c:/program files (x86)/embitz/1.11/share/em_armgcc/bin/../lib/gcc/arm-none-eabi/5.4.1/../../../../arm-none-eabi/lib/armv7e-m/softfp\libc.a(lib_a-mprec.o)
                0x0800b100                __d2b
 .text.__ratio  0x0800b1b8       0x54 c:/program files (x86)/embitz/1.11/share/em_armgcc/bin/../lib/gcc/arm-none-eabi/5.4.1/../../../../arm-none-eabi/lib/armv7e-m/softfp\libc.a(lib_a-mprec.o)
                0x0800b1b8                __ratio
 .text.__copybits
                0x0800b20c       0x48 c:/program files (x86)/embitz/1.11/share/em_armgcc/bin/../lib/gcc/arm-none-eabi/5.4.1/../../../../arm-none-eabi/lib/armv7e-m/softfp\libc.a(lib_a-mprec.o)
                0x0800b20c                __copybits
 .text.__any_on
                0x0800b254       0x60 c:/program files (x86)/embitz/1.11/share/em_armgcc/bin/../lib/gcc/arm-none-eabi/5.4.1/../../../../arm-none-eabi/lib/armv7e-m/softfp\libc.a(lib_a-mprec.o)
                0x0800b254                __any_on
 .text._realloc_r
                0x0800b2b4      0x3e0 c:/program files (x86)/embitz/1.11/share/em_armgcc/bin/../lib/gcc/arm-none-eabi/5.4.1/../../../../arm-none-eabi/lib/armv7e-m/softfp\libc.a(lib_a-reallocr.o)
                0x0800b2b4                _realloc_r
 .text.strncmp  0x0800b694       0xa0 c:/program files (x86)/embitz/1.11/share/em_armgcc/bin/../lib/gcc/arm-none-eabi/5.4.1/../../../../arm-none-eabi/lib/armv7e-m/softfp\libc.a(lib_a-strncmp.o)
                0x0800b694                strncmp
 .text.__ssprint_r
                0x0800b734      0x100 c:/program files (x86)/embitz/1.11/share/em_armgcc/bin/../lib/gcc/arm-none-eabi/5.4.1/../../../../arm-none-eabi/lib/armv7e-m/softfp\libc.a(lib_a-svfiprintf.o)
                0x0800b734                __ssprint_r
 .text._calloc_r
                0x0800b834       0x60 c:/program files (x86)/embitz/1.11/share/em_armgcc/bin/../lib/gcc/arm-none-eabi/5.4.1/../../../../arm-none-eabi/lib/armv7e-m/softfp\libc.a(lib_a-callocr.o)
                0x0800b834                _calloc_r
 .text.memmove  0x0800b894       0xc8 c:/program files (x86)/embitz/1.11/share/em_armgcc/bin/../lib/gcc/arm-none-eabi/5.4.1/../../../../arm-none-eabi/lib/armv7e-m/softfp\libc.a(lib_a-memmove.o)
                0x0800b894                memmove
 .text          0x0800b95c      0x370 c:/program files (x86)/embitz/1.11/share/em_armgcc/bin/../lib/gcc/arm-none-eabi/5.4.1/armv7e-m/softfp\libgcc.a(_arm_addsubdf3.o)
                0x0800b95c                __aeabi_drsub
                0x0800b964                __aeabi_dsub
                0x0800b964                __subdf3
                0x0800b968                __aeabi_dadd
                0x0800b968                __adddf3
                0x0800bbe0                __floatunsidf
                0x0800bbe0                __aeabi_ui2d
                0x0800bc00                __floatsidf
                0x0800bc00                __aeabi_i2d
                0x0800bc24                __aeabi_f2d
                0x0800bc24                __extendsfdf2
                0x0800bc60                __floatundidf
                0x0800bc60                __aeabi_ul2d
                0x0800bc70                __floatdidf
                0x0800bc70                __aeabi_l2d
 .text          0x0800bccc      0x424 c:/program files (x86)/embitz/1.11/share/em_armgcc/bin/../lib/gcc/arm-none-eabi/5.4.1/armv7e-m/softfp\libgcc.a(_arm_muldivdf3.o)
                0x0800bccc                __aeabi_dmul
                0x0800bccc                __muldf3
                0x0800bf20                __divdf3
                0x0800bf20                __aeabi_ddiv
 .text          0x0800c0f0      0x110 c:/program files (x86)/embitz/1.11/share/em_armgcc/bin/../lib/gcc/arm-none-eabi/5.4.1/armv7e-m/softfp\libgcc.a(_arm_cmpdf2.o)
                0x0800c0f0                __gtdf2
                0x0800c0f0                __gedf2
                0x0800c0f8                __ltdf2
                0x0800c0f8                __ledf2
                0x0800c100                __nedf2
                0x0800c100                __eqdf2
                0x0800c100                __cmpdf2
                0x0800c17c                __aeabi_cdrcmple
                0x0800c18c                __aeabi_cdcmpeq
                0x0800c18c                __aeabi_cdcmple
                0x0800c19c                __aeabi_dcmpeq
                0x0800c1b0                __aeabi_dcmplt
                0x0800c1c4                __aeabi_dcmple
                0x0800c1d8                __aeabi_dcmpge
                0x0800c1ec                __aeabi_dcmpgt
 .text          0x0800c200       0x2c c:/program files (x86)/embitz/1.11/share/em_armgcc/bin/../lib/gcc/arm-none-eabi/5.4.1/armv7e-m/softfp\libgcc.a(_arm_unorddf2.o)
                0x0800c200                __unorddf2
                0x0800c200                __aeabi_dcmpun
 .text          0x0800c22c       0x50 c:/program files (x86)/embitz/1.11/share/em_armgcc/bin/../lib/gcc/arm-none-eabi/5.4.1/armv7e-m/softfp\libgcc.a(_arm_fixdfsi.o)
                0x0800c22c                __aeabi_d2iz
                0x0800c22c                __fixdfsi
 .text          0x0800c27c       0x40 c:/program files (x86)/embitz/1.11/share/em_armgcc/bin/../lib/gcc/arm-none-eabi/5.4.1/armv7e-m/softfp\libgcc.a(_arm_fixunsdfsi.o)
                0x0800c27c                __aeabi_d2uiz
                0x0800c27c                __fixunsdfsi
 .text          0x0800c2bc       0xa0 c:/program files (x86)/embitz/1.11/share/em_armgcc/bin/../lib/gcc/arm-none-eabi/5.4.1/armv7e-m/softfp\libgcc.a(_arm_truncdfsf2.o)
                0x0800c2bc                __truncdfsf2
                0x0800c2bc                __aeabi_d2f
 .text          0x0800c35c       0x30 c:/program files (x86)/embitz/1.11/share/em_armgcc/bin/../lib/gcc/arm-none-eabi/5.4.1/armv7e-m/softfp\libgcc.a(_aeabi_uldivmod.o)
                0x0800c35c                __aeabi_uldivmod
 .text          0x0800c38c      0x2e4 c:/program files (x86)/embitz/1.11/share/em_armgcc/bin/../lib/gcc/arm-none-eabi/5.4.1/armv7e-m/softfp\libgcc.a(_udivmoddi4.o)
                0x0800c38c                __udivmoddi4
 .text          0x0800c670      0x9dc c:/program files (x86)/embitz/1.11/share/em_armgcc/bin/../lib/gcc/arm-none-eabi/5.4.1/armv7e-m/softfp\libgcc.a(unwind-arm.o)
                0x0800c92c                _Unwind_GetCFA
                0x0800c930                __gnu_Unwind_RaiseException
                0x0800c990                __gnu_Unwind_ForcedUnwind
                0x0800c9a4                __gnu_Unwind_Resume
                0x0800c9e8                __gnu_Unwind_Resume_or_Rethrow
                0x0800c9f8                _Unwind_Complete
                0x0800c9fc                _Unwind_DeleteException
                0x0800ca08                _Unwind_VRS_Get
                0x0800ca54                _Unwind_VRS_Set
                0x0800caa4                __gnu_Unwind_Backtrace
                0x0800cdf0                __aeabi_unwind_cpp_pr0
                0x0800cdf4                __aeabi_unwind_cpp_pr1
                0x0800cdf8                __aeabi_unwind_cpp_pr2
                0x0800cdfc                _Unwind_VRS_Pop
 .text          0x0800d04c      0x1ac c:/program files (x86)/embitz/1.11/share/em_armgcc/bin/../lib/gcc/arm-none-eabi/5.4.1/armv7e-m/softfp\libgcc.a(libunwind.o)
                0x0800d04c                __restore_core_regs
                0x0800d04c                restore_core_regs
                0x0800d064                __gnu_Unwind_Restore_VFP
                0x0800d06c                __gnu_Unwind_Save_VFP
                0x0800d074                __gnu_Unwind_Restore_VFP_D
                0x0800d07c                __gnu_Unwind_Save_VFP_D
                0x0800d084                __gnu_Unwind_Restore_VFP_D_16_to_31
                0x0800d08c                __gnu_Unwind_Save_VFP_D_16_to_31
                0x0800d094                __gnu_Unwind_Restore_WMMXD
                0x0800d0d8                __gnu_Unwind_Save_WMMXD
                0x0800d11c                __gnu_Unwind_Restore_WMMXC
                0x0800d130                __gnu_Unwind_Save_WMMXC
                0x0800d144                ___Unwind_RaiseException
                0x0800d144                _Unwind_RaiseException
                0x0800d168                _Unwind_Resume
                0x0800d168                ___Unwind_Resume
                0x0800d18c                _Unwind_Resume_or_Rethrow
                0x0800d18c                ___Unwind_Resume_or_Rethrow
                0x0800d1b0                _Unwind_ForcedUnwind
                0x0800d1b0                ___Unwind_ForcedUnwind
                0x0800d1d4                ___Unwind_Backtrace
                0x0800d1d4                _Unwind_Backtrace
 .text          0x0800d1f8      0x354 c:/program files (x86)/embitz/1.11/share/em_armgcc/bin/../lib/gcc/arm-none-eabi/5.4.1/armv7e-m/softfp\libgcc.a(pr-support.o)
                0x0800d250                __gnu_unwind_execute
                0x0800d4f4                __gnu_unwind_frame
                0x0800d51c                _Unwind_GetRegionStart
                0x0800d528                _Unwind_GetLanguageSpecificData
                0x0800d53c                _Unwind_GetTextRelBase
                0x0800d544                _Unwind_GetDataRelBase
 .text          0x0800d54c        0x4 c:/program files (x86)/embitz/1.11/share/em_armgcc/bin/../lib/gcc/arm-none-eabi/5.4.1/armv7e-m/softfp\libgcc.a(_dvmd_tls.o)
                0x0800d54c                __aeabi_idiv0
                0x0800d54c                __aeabi_ldiv0
 .text._getpid  0x0800d550       0x10 c:/program files (x86)/embitz/1.11/share/em_armgcc/bin/../lib/gcc/arm-none-eabi/5.4.1/../../../../arm-none-eabi/lib/armv7e-m/softfp\libnosys.a(getpid.o)
                0x0800d550                _getpid
 .text._kill    0x0800d560       0x10 c:/program files (x86)/embitz/1.11/share/em_armgcc/bin/../lib/gcc/arm-none-eabi/5.4.1/../../../../arm-none-eabi/lib/armv7e-m/softfp\libnosys.a(kill.o)
                0x0800d560                _kill
 .text.init_uart
                0x0800d570       0x58 mbed\TARGET_ARCH_MAX\TOOLCHAIN_GCC_ARM\libmbed.a(serial_api.o)
 .text.serial_init
                0x0800d5c8      0x190 mbed\TARGET_ARCH_MAX\TOOLCHAIN_GCC_ARM\libmbed.a(serial_api.o)
                0x0800d5c8                serial_init
 .text.serial_irq_handler
                0x0800d758       0x1c mbed\TARGET_ARCH_MAX\TOOLCHAIN_GCC_ARM\libmbed.a(serial_api.o)
                0x0800d758                serial_irq_handler
 .text.serial_getc
                0x0800d774       0x18 mbed\TARGET_ARCH_MAX\TOOLCHAIN_GCC_ARM\libmbed.a(serial_api.o)
                0x0800d774                serial_getc
 .text.serial_putc
                0x0800d78c       0x18 mbed\TARGET_ARCH_MAX\TOOLCHAIN_GCC_ARM\libmbed.a(serial_api.o)
                0x0800d78c                serial_putc
 .text._ZN4mbed8FilePathC2EPKc
                0x0800d7a4       0x58 mbed\TARGET_ARCH_MAX\TOOLCHAIN_GCC_ARM\libmbed.a(FilePath.o)
                0x0800d7a4                mbed::FilePath::FilePath(char const*)
                0x0800d7a4                mbed::FilePath::FilePath(char const*)
 .text._ZN4mbed8FilePath8fileNameEv
                0x0800d7fc        0x4 mbed\TARGET_ARCH_MAX\TOOLCHAIN_GCC_ARM\libmbed.a(FilePath.o)
                0x0800d7fc                mbed::FilePath::fileName()
 .text._ZN4mbed8FilePath10fileSystemEv
                0x0800d800       0x18 mbed\TARGET_ARCH_MAX\TOOLCHAIN_GCC_ARM\libmbed.a(FilePath.o)
                0x0800d800                mbed::FilePath::fileSystem()
 .text._ZN4mbed8FilePath6isFileEv
                0x0800d818       0x14 mbed\TARGET_ARCH_MAX\TOOLCHAIN_GCC_ARM\libmbed.a(FilePath.o)
                0x0800d818                mbed::FilePath::isFile()
 .text._ZN4mbed8FilePath4fileEv
                0x0800d82c       0x1c mbed\TARGET_ARCH_MAX\TOOLCHAIN_GCC_ARM\libmbed.a(FilePath.o)
                0x0800d82c                mbed::FilePath::file()
 .text._ZN4mbed8FilePath6existsEv
                0x0800d848        0xc mbed\TARGET_ARCH_MAX\TOOLCHAIN_GCC_ARM\libmbed.a(FilePath.o)
                0x0800d848                mbed::FilePath::exists()
 .text._ZN4mbed6Serial5_getcEv
                0x0800d854        0x4 mbed\TARGET_ARCH_MAX\TOOLCHAIN_GCC_ARM\libmbed.a(Serial.o)
                0x0800d854                mbed::Serial::_getc()
 .text._ZThn84_N4mbed6Serial5_getcEv
                0x0800d858        0x8 mbed\TARGET_ARCH_MAX\TOOLCHAIN_GCC_ARM\libmbed.a(Serial.o)
                0x0800d858                non-virtual thunk to mbed::Serial::_getc()
 .text._ZN4mbed6Serial5_putcEi
                0x0800d860        0x4 mbed\TARGET_ARCH_MAX\TOOLCHAIN_GCC_ARM\libmbed.a(Serial.o)
                0x0800d860                mbed::Serial::_putc(int)
 .text._ZThn84_N4mbed6Serial5_putcEi
                0x0800d864        0x8 mbed\TARGET_ARCH_MAX\TOOLCHAIN_GCC_ARM\libmbed.a(Serial.o)
                0x0800d864                non-virtual thunk to mbed::Serial::_putc(int)
 .text._ZN4mbed6SerialC2E7PinNameS1_PKc
                0x0800d86c       0x30 mbed\TARGET_ARCH_MAX\TOOLCHAIN_GCC_ARM\libmbed.a(Serial.o)
                0x0800d86c                mbed::Serial::Serial(PinName, PinName, char const*)
                0x0800d86c                mbed::Serial::Serial(PinName, PinName, char const*)
 .text._ZN4mbed10SerialBase12_irq_handlerEm9SerialIrq
                0x0800d89c       0x24 mbed\TARGET_ARCH_MAX\TOOLCHAIN_GCC_ARM\libmbed.a(SerialBase.o)
                0x0800d89c                mbed::SerialBase::_irq_handler(unsigned long, SerialIrq)
 .text._ZN4mbed10SerialBaseC2E7PinNameS1_
                0x0800d8c0       0x48 mbed\TARGET_ARCH_MAX\TOOLCHAIN_GCC_ARM\libmbed.a(SerialBase.o)
                0x0800d8c0                mbed::SerialBase::SerialBase(PinName, PinName)
                0x0800d8c0                mbed::SerialBase::SerialBase(PinName, PinName)
 .text._ZN4mbed10SerialBase10_base_getcEv
                0x0800d908        0x8 mbed\TARGET_ARCH_MAX\TOOLCHAIN_GCC_ARM\libmbed.a(SerialBase.o)
                0x0800d908                mbed::SerialBase::_base_getc()
 .text._ZN4mbed10SerialBase10_base_putcEi
                0x0800d910       0x10 mbed\TARGET_ARCH_MAX\TOOLCHAIN_GCC_ARM\libmbed.a(SerialBase.o)
                0x0800d910                mbed::SerialBase::_base_putc(int)
 .text._ZN4mbed6Stream5closeEv
                0x0800d920        0x4 mbed\TARGET_ARCH_MAX\TOOLCHAIN_GCC_ARM\libmbed.a(Stream.o)
                0x0800d920                mbed::Stream::close()
 .text._ZN4mbed6Stream5writeEPKvj
                0x0800d924       0x30 mbed\TARGET_ARCH_MAX\TOOLCHAIN_GCC_ARM\libmbed.a(Stream.o)
                0x0800d924                mbed::Stream::write(void const*, unsigned int)
 .text._ZN4mbed6Stream4readEPvj
                0x0800d954       0x30 mbed\TARGET_ARCH_MAX\TOOLCHAIN_GCC_ARM\libmbed.a(Stream.o)
                0x0800d954                mbed::Stream::read(void*, unsigned int)
 .text._ZN4mbed6Stream5lseekEli
                0x0800d984        0x4 mbed\TARGET_ARCH_MAX\TOOLCHAIN_GCC_ARM\libmbed.a(Stream.o)
                0x0800d984                mbed::Stream::lseek(long, int)
 .text._ZN4mbed6Stream6isattyEv
                0x0800d988        0x4 mbed\TARGET_ARCH_MAX\TOOLCHAIN_GCC_ARM\libmbed.a(Stream.o)
                0x0800d988                mbed::Stream::isatty()
 .text._ZN4mbed6Stream5fsyncEv
                0x0800d98c        0x4 mbed\TARGET_ARCH_MAX\TOOLCHAIN_GCC_ARM\libmbed.a(Stream.o)
                0x0800d98c                mbed::Stream::fsync()
 .text._ZN4mbed6Stream4flenEv
                0x0800d990        0x4 mbed\TARGET_ARCH_MAX\TOOLCHAIN_GCC_ARM\libmbed.a(Stream.o)
                0x0800d990                mbed::Stream::flen()
 .text._ZN4mbed6StreamD2Ev
                0x0800d994       0x24 mbed\TARGET_ARCH_MAX\TOOLCHAIN_GCC_ARM\libmbed.a(Stream.o)
                0x0800d994                mbed::Stream::~Stream()
                0x0800d994                mbed::Stream::~Stream()
 .text._ZThn4_N4mbed6StreamD1Ev
                0x0800d9b8        0x8 mbed\TARGET_ARCH_MAX\TOOLCHAIN_GCC_ARM\libmbed.a(Stream.o)
                0x0800d9b8                non-virtual thunk to mbed::Stream::~Stream()
 .text._ZN4mbed6StreamD0Ev
                0x0800d9c0       0x14 mbed\TARGET_ARCH_MAX\TOOLCHAIN_GCC_ARM\libmbed.a(Stream.o)
                0x0800d9c0                mbed::Stream::~Stream()
 .text._ZThn4_N4mbed6StreamD0Ev
                0x0800d9d4        0x8 mbed\TARGET_ARCH_MAX\TOOLCHAIN_GCC_ARM\libmbed.a(Stream.o)
                0x0800d9d4                non-virtual thunk to mbed::Stream::~Stream()
 .text._ZN4mbed6StreamC2EPKc
                0x0800d9dc       0x44 mbed\TARGET_ARCH_MAX\TOOLCHAIN_GCC_ARM\libmbed.a(Stream.o)
                0x0800d9dc                mbed::Stream::Stream(char const*)
                0x0800d9dc                mbed::Stream::Stream(char const*)
 .text._ZN4mbed6Stream6printfEPKcz
                0x0800da20       0x2c mbed\TARGET_ARCH_MAX\TOOLCHAIN_GCC_ARM\libmbed.a(Stream.o)
                0x0800da20                mbed::Stream::printf(char const*, ...)
 .text._ZN4mbed6Ticker7handlerEv
                0x0800da4c       0x28 mbed\TARGET_ARCH_MAX\TOOLCHAIN_GCC_ARM\libmbed.a(Ticker.o)
                0x0800da4c                mbed::Ticker::handler()
 .text._ZN4mbed6Ticker6detachEv
                0x0800da74       0x10 mbed\TARGET_ARCH_MAX\TOOLCHAIN_GCC_ARM\libmbed.a(Ticker.o)
                0x0800da74                mbed::Ticker::detach()
 .text._ZN4mbed10TimerEvent3irqEm
                0x0800da84        0xc mbed\TARGET_ARCH_MAX\TOOLCHAIN_GCC_ARM\libmbed.a(TimerEvent.o)
                0x0800da84                mbed::TimerEvent::irq(unsigned long)
 .text._ZN4mbed10TimerEventD2Ev
                0x0800da90       0x18 mbed\TARGET_ARCH_MAX\TOOLCHAIN_GCC_ARM\libmbed.a(TimerEvent.o)
                0x0800da90                mbed::TimerEvent::~TimerEvent()
                0x0800da90                mbed::TimerEvent::~TimerEvent()
 .text._ZN4mbed10TimerEventD0Ev
                0x0800daa8       0x20 mbed\TARGET_ARCH_MAX\TOOLCHAIN_GCC_ARM\libmbed.a(TimerEvent.o)
                0x0800daa8                mbed::TimerEvent::~TimerEvent()
 .text._ZN4mbed10TimerEventC2Ev
                0x0800dac8       0x28 mbed\TARGET_ARCH_MAX\TOOLCHAIN_GCC_ARM\libmbed.a(TimerEvent.o)
                0x0800dac8                mbed::TimerEvent::TimerEvent()
                0x0800dac8                mbed::TimerEvent::TimerEvent()
 .text._ZN4mbed10TimerEvent6insertEm
                0x0800daf0        0xc mbed\TARGET_ARCH_MAX\TOOLCHAIN_GCC_ARM\libmbed.a(TimerEvent.o)
                0x0800daf0                mbed::TimerEvent::insert(unsigned long)
 .text._ZN4mbed10TimerEvent6removeEv
                0x0800dafc        0x8 mbed\TARGET_ARCH_MAX\TOOLCHAIN_GCC_ARM\libmbed.a(TimerEvent.o)
                0x0800dafc                mbed::TimerEvent::remove()
 .text.mbed_assert_internal
                0x0800db04       0x18 mbed\TARGET_ARCH_MAX\TOOLCHAIN_GCC_ARM\libmbed.a(assert.o)
                0x0800db04                mbed_assert_internal
 .text.error    0x0800db1c       0x24 mbed\TARGET_ARCH_MAX\TOOLCHAIN_GCC_ARM\libmbed.a(error.o)
                0x0800db1c                error
 .text.gpio_init_out
                0x0800db40       0x48 mbed\TARGET_ARCH_MAX\TOOLCHAIN_GCC_ARM\libmbed.a(gpio.o)
                0x0800db40                gpio_init_out
 .text.pinmap_pinout
                0x0800db88       0x44 mbed\TARGET_ARCH_MAX\TOOLCHAIN_GCC_ARM\libmbed.a(pinmap_common.o)
                0x0800db88                pinmap_pinout
 .text.pinmap_merge
                0x0800dbcc       0x24 mbed\TARGET_ARCH_MAX\TOOLCHAIN_GCC_ARM\libmbed.a(pinmap_common.o)
                0x0800dbcc                pinmap_merge
 .text.pinmap_peripheral
                0x0800dbf0       0x34 mbed\TARGET_ARCH_MAX\TOOLCHAIN_GCC_ARM\libmbed.a(pinmap_common.o)
                0x0800dbf0                pinmap_peripheral
 .text.ticker_set_handler
                0x0800dc24       0x14 mbed\TARGET_ARCH_MAX\TOOLCHAIN_GCC_ARM\libmbed.a(ticker_api.o)
                0x0800dc24                ticker_set_handler
 .text.ticker_irq_handler
                0x0800dc38       0x48 mbed\TARGET_ARCH_MAX\TOOLCHAIN_GCC_ARM\libmbed.a(ticker_api.o)